
> hpagent-web@0.1.0 test:e2e
> playwright test e2e/ui-3-execution.spec.ts

[WebServer] INFO:     Started server process [27788]
[WebServer] INFO:     Waiting for application startup.
[WebServer] INFO:     Application startup complete.
[WebServer] INFO:     Uvicorn running on http://0.0.0.0:8183 (Press CTRL+C to quit)
[WebServer] (node:28856) Warning: The 'NO_COLOR' env is ignored due to the 'FORCE_COLOR' env being set.
[WebServer] (Use `node --trace-warnings ...` to show where the warning was created)

Running 2 tests using 1 worker

(node:29143) Warning: The 'NO_COLOR' env is ignored due to the 'FORCE_COLOR' env being set.
(Use `node --trace-warnings ...` to show where the warning was created)
[WebServer] 2026-10-07 12:10:40 [INFO ] HpAgent.ConversationCommands: run_created
[WebServer] 2026-10-07 12:10:41 [INFO ] HpAgent.WebApi: web_message_accepted
[WebServer] 2026-10-07 12:10:42 [INFO ] HpAgent.SSE: sse_disconnected
  ✘  1 [chromium] › e2e/ui-3-execution.spec.ts:8:1 › real API: message-bound execution, tab navigation and terminal resource boundary (1.1m)
[WebServer] 2026-10-07 12:10:54 [INFO ] HpAgent.TerminalPublisher: sse_terminal_published
(node:31862) Warning: The 'NO_COLOR' env is ignored due to the 'FORCE_COLOR' env being set.
(Use `node --trace-warnings ...` to show where the warning was created)
  ✘  2 [chromium] › e2e/ui-3-execution.spec.ts:51:1 › network fixtures: Work snapshot, missing Trace, approvals and responsive inspector (1.1m)


  1) [chromium] › e2e/ui-3-execution.spec.ts:8:1 › real API: message-bound execution, tab navigation and terminal resource boundary 

    Test timeout of 60000ms exceeded.

    Error: expect(locator).toHaveCount(expected) failed

    Locator:  locator('.hp-msg .hp-execution-block')
    Expected: 1
    Received: 0

    Call log:
      - Expect "toHaveCount" with timeout 15000ms
      - waiting for locator('.hp-msg .hp-execution-block')
        10 × locator resolved to 0 elements
           - unexpected value "0"
      - Test timeout of 60000ms exceeded.


      12 |   await createConversation(page);
      13 |   await sendMessage(page, "UI-3 执行状态验收");
    > 14 |   await expect(page.locator(".hp-msg .hp-execution-block")).toHaveCount(1);
         |                                                             ^
      15 |   await mkdir(evidence, { recursive: true });
      16 |   await page.screenshot({ path: `${evidence}/chat-running-desktop.png`, fullPage: true });
      17 |   await expectReply(page);
        at /home/hp/workspace/HpAgent_web/web/e2e/ui-3-execution.spec.ts:14:61

    Error Context: test-results/ui-3-execution-real-API-me-1b2d4--terminal-resource-boundary-chromium/error-context.md

    attachment #2: trace (application/zip) ─────────────────────────────────────────────────────────
    test-results/ui-3-execution-real-API-me-1b2d4--terminal-resource-boundary-chromium/trace.zip
    Usage:

        npx playwright show-trace test-results/ui-3-execution-real-API-me-1b2d4--terminal-resource-boundary-chromium/trace.zip

    ────────────────────────────────────────────────────────────────────────────────────────────────

  2) [chromium] › e2e/ui-3-execution.spec.ts:51:1 › network fixtures: Work snapshot, missing Trace, approvals and responsive inspector 

    Test timeout of 60000ms exceeded.

    Error: expect(locator).toBeVisible() failed

    Locator:  locator('.hp-shell')
    Expected: visible
    Received: undefined


       at helpers.ts:23

      21 |   await page.getByLabel("密码").fill(E2E_PASSWORD);
      22 |   await page.getByRole("button", { name: "登录" }).click();
    > 23 |   await expect(page.locator(".hp-shell")).toBeVisible();
         |                                           ^
      24 | }
      25 |
      26 | /** Create a fresh conversation; the composer becomes the active target. */
        at login (/home/hp/workspace/HpAgent_web/web/e2e/helpers.ts:23:43)
        at /home/hp/workspace/HpAgent_web/web/e2e/ui-3-execution.spec.ts:54:3

    Error Context: test-results/ui-3-execution-network-fix-6635c-ls-and-responsive-inspector-chromium/error-context.md

    attachment #2: trace (application/zip) ─────────────────────────────────────────────────────────
    test-results/ui-3-execution-network-fix-6635c-ls-and-responsive-inspector-chromium/trace.zip
    Usage:

        npx playwright show-trace test-results/ui-3-execution-network-fix-6635c-ls-and-responsive-inspector-chromium/trace.zip

    ────────────────────────────────────────────────────────────────────────────────────────────────

  2 failed
    [chromium] › e2e/ui-3-execution.spec.ts:8:1 › real API: message-bound execution, tab navigation and terminal resource boundary 
    [chromium] › e2e/ui-3-execution.spec.ts:51:1 › network fixtures: Work snapshot, missing Trace, approvals and responsive inspector 

EXIT_CODE=1
