
> hpagent-web@0.1.0 test:e2e
> playwright test e2e/ui-3-execution.spec.ts e2e/disconnect.spec.ts e2e/stop-retry.spec.ts e2e/conversation.spec.ts e2e/ui-2-ai.spec.ts e2e/auth.spec.ts e2e/multi-tab.spec.ts e2e/a11y.spec.ts e2e/workspace-p1.spec.ts e2e/workspace-p3.spec.ts e2e/artifact.spec.ts

[WebServer] INFO:     Started server process [878905]
[WebServer] INFO:     Waiting for application startup.
[WebServer] INFO:     Application startup complete.
[WebServer] INFO:     Uvicorn running on http://0.0.0.0:8183 (Press CTRL+C to quit)
[WebServer] (node:879398) Warning: The 'NO_COLOR' env is ignored due to the 'FORCE_COLOR' env being set.
[WebServer] (Use `node --trace-warnings ...` to show where the warning was created)

Running 28 tests using 1 worker

(node:879539) Warning: The 'NO_COLOR' env is ignored due to the 'FORCE_COLOR' env being set.
(Use `node --trace-warnings ...` to show where the warning was created)
  ✓   1 [chromium] › e2e/a11y.spec.ts:10:1 › login form exposes a heading and labelled fields (4.7s)
  ✓   2 [chromium] › e2e/a11y.spec.ts:18:1 › workbench exposes headings, labelled controls, and semantic buttons (9.6s)
[WebServer] 2026-10-07 03:24:49 [INFO ] HpAgent.ConversationCommands: run_created
[WebServer] 2026-10-07 03:24:49 [INFO ] HpAgent.WebApi: web_message_accepted
[WebServer] 2026-10-07 03:24:49 [INFO ] HpAgent.SSE: sse_subscribed
[WebServer] 2026-10-07 03:24:54 [INFO ] HpAgent.TerminalPublisher: sse_terminal_published
[WebServer] 2026-10-07 03:24:54 [INFO ] HpAgent.SSE: sse_terminal_snapshot_sent
[WebServer] 2026-10-07 03:24:54 [INFO ] HpAgent.SSE: sse_disconnected
  ✓   3 [chromium] › e2e/artifact.spec.ts:5:1 › builds, interacts with, isolates and restores an Artifact (26.5s)
  ✓   4 [chromium] › e2e/auth.spec.ts:8:1 › rejects wrong credentials with the server's safe message (5.3s)
  ✓   5 [chromium] › e2e/auth.spec.ts:20:1 › signs in with valid credentials (8.7s)
  ✓   6 [chromium] › e2e/auth.spec.ts:26:1 › signs out back to the login gate (11.4s)
[WebServer] 2026-10-07 03:25:39 [INFO ] HpAgent.Account: web_registration_succeeded account_id=01a112ad-c20c-722c-91ab-b3b2ce4a2ae0
  ✓   7 [chromium] › e2e/auth.spec.ts:37:1 › registers, auto-signs in, and can log in again (8.1s)
[WebServer] 2026-10-07 03:25:50 [INFO ] HpAgent.ConversationCommands: run_created
[WebServer] 2026-10-07 03:25:50 [INFO ] HpAgent.WebApi: web_message_accepted
[WebServer] 2026-10-07 03:25:50 [INFO ] HpAgent.SSE: sse_subscribed
[WebServer] 2026-10-07 03:25:55 [INFO ] HpAgent.TerminalPublisher: sse_terminal_published
[WebServer] 2026-10-07 03:25:55 [INFO ] HpAgent.SSE: sse_terminal_snapshot_sent
[WebServer] 2026-10-07 03:25:55 [INFO ] HpAgent.SSE: sse_disconnected
[WebServer] 2026-10-07 03:25:56 [INFO ] HpAgent.ConversationCommands: run_created
[WebServer] 2026-10-07 03:25:56 [INFO ] HpAgent.WebApi: web_message_accepted
[WebServer] 2026-10-07 03:25:56 [INFO ] HpAgent.SSE: sse_subscribed
[WebServer] 2026-10-07 03:26:01 [INFO ] HpAgent.TerminalPublisher: sse_terminal_published
[WebServer] 2026-10-07 03:26:01 [INFO ] HpAgent.SSE: sse_terminal_snapshot_sent
[WebServer] 2026-10-07 03:26:01 [INFO ] HpAgent.SSE: sse_disconnected
[WebServer] 2026-10-07 03:26:02 [INFO ] HpAgent.ConversationCommands: run_created
[WebServer] 2026-10-07 03:26:02 [INFO ] HpAgent.WebApi: web_message_accepted
[WebServer] 2026-10-07 03:26:02 [INFO ] HpAgent.SSE: sse_subscribed
[WebServer] 2026-10-07 03:26:07 [INFO ] HpAgent.SSE: sse_terminal_snapshot_sent
[WebServer] 2026-10-07 03:26:07 [INFO ] HpAgent.TerminalPublisher: sse_terminal_published
[WebServer] 2026-10-07 03:26:07 [INFO ] HpAgent.SSE: sse_disconnected
  ✓   8 [chromium] › e2e/conversation.spec.ts:8:1 › holds a long conversation and survives a refresh (35.2s)
[WebServer] 2026-10-07 03:26:28 [INFO ] HpAgent.ConversationCommands: run_created
[WebServer] 2026-10-07 03:26:28 [INFO ] HpAgent.WebApi: web_message_accepted
[WebServer] 2026-10-07 03:26:28 [INFO ] HpAgent.SSE: sse_subscribed
[WebServer] 2026-10-07 03:26:28 [INFO ] HpAgent.SSE: sse_disconnected
  ✓   9 [chromium] › e2e/conversation.spec.ts:33:1 › selects and uploads a UTF-8 Markdown file, then attaches it to a message (10.4s)
[WebServer] 2026-10-07 03:26:32 [INFO ] HpAgent.TerminalPublisher: sse_terminal_published
[WebServer] 2026-10-07 03:26:38 [INFO ] HpAgent.ConversationCommands: run_created
[WebServer] 2026-10-07 03:26:38 [INFO ] HpAgent.WebApi: web_message_accepted
[WebServer] 2026-10-07 03:26:43 [INFO ] HpAgent.TerminalPublisher: sse_terminal_published
  ✓  10 [chromium] › e2e/disconnect.spec.ts:11:1 › recovers from a dropped SSE connection by polling (17.8s)
[WebServer] 2026-10-07 03:26:54 [INFO ] HpAgent.ConversationCommands: run_created
[WebServer] 2026-10-07 03:26:54 [INFO ] HpAgent.WebApi: web_message_accepted
[WebServer] 2026-10-07 03:26:54 [INFO ] HpAgent.SSE: sse_subscribed
[WebServer] 2026-10-07 03:26:59 [INFO ] HpAgent.TerminalPublisher: sse_terminal_published
[WebServer] 2026-10-07 03:26:59 [INFO ] HpAgent.SSE: sse_terminal_snapshot_sent
[WebServer] 2026-10-07 03:26:59 [INFO ] HpAgent.SSE: sse_disconnected
[WebServer] 2026-10-07 03:27:08 [INFO ] HpAgent.ConversationCommands: run_created
[WebServer] 2026-10-07 03:27:08 [INFO ] HpAgent.WebApi: web_message_accepted
[WebServer] 2026-10-07 03:27:08 [INFO ] HpAgent.SSE: sse_subscribed
[WebServer] 2026-10-07 03:27:13 [INFO ] HpAgent.TerminalPublisher: sse_terminal_published
[WebServer] 2026-10-07 03:27:13 [INFO ] HpAgent.SSE: sse_terminal_snapshot_sent
[WebServer] 2026-10-07 03:27:13 [INFO ] HpAgent.SSE: sse_disconnected
  ✓  11 [chromium] › e2e/multi-tab.spec.ts:12:1 › accounts are isolated across browser contexts (28.6s)
[WebServer] 2026-10-07 03:27:21 [INFO ] HpAgent.ConversationCommands: run_created
[WebServer] 2026-10-07 03:27:21 [INFO ] HpAgent.WebApi: web_message_accepted
[WebServer] 2026-10-07 03:27:21 [INFO ] HpAgent.SSE: sse_subscribed
[WebServer] 2026-10-07 03:27:26 [INFO ] HpAgent.TerminalPublisher: sse_terminal_published
[WebServer] 2026-10-07 03:27:26 [INFO ] HpAgent.SSE: sse_terminal_snapshot_sent
[WebServer] 2026-10-07 03:27:26 [INFO ] HpAgent.SSE: sse_disconnected
[WebServer] 2026-10-07 03:27:32 [INFO ] HpAgent.ConversationCommands: run_created
[WebServer] 2026-10-07 03:27:32 [INFO ] HpAgent.WebApi: web_message_accepted
[WebServer] 2026-10-07 03:27:32 [INFO ] HpAgent.SSE: sse_subscribed
[WebServer] 2026-10-07 03:27:33 [INFO ] HpAgent.SSE: sse_subscribed
[WebServer] 2026-10-07 03:27:34 [INFO ] HpAgent.SSE: sse_disconnected
[WebServer] 2026-10-07 03:27:34 [INFO ] HpAgent.SSE: sse_disconnected
  ✓  12 [chromium] › e2e/multi-tab.spec.ts:34:1 › a second tab cannot send while a Run is active (409 wins) (19.3s)
[WebServer] 2026-10-07 03:27:37 [INFO ] HpAgent.TerminalPublisher: sse_terminal_published
[WebServer] 2026-10-07 03:27:39 [INFO ] HpAgent.ConversationCommands: run_created
[WebServer] 2026-10-07 03:27:39 [INFO ] HpAgent.WebApi: web_message_accepted
[WebServer] 2026-10-07 03:27:40 [INFO ] HpAgent.SSE: sse_subscribed
[WebServer] 2026-10-07 03:27:44 [INFO ] HpAgent.TerminalPublisher: sse_terminal_published
[WebServer] 2026-10-07 03:27:44 [INFO ] HpAgent.SSE: sse_terminal_snapshot_sent
[WebServer] 2026-10-07 03:27:44 [INFO ] HpAgent.SSE: sse_disconnected
  ✓  13 [chromium] › e2e/stop-retry.spec.ts:11:1 › stops a running Run without offering Retry (10.3s)
  ✓  14 [chromium] › e2e/ui-2-ai.spec.ts:37:1 › lost DELETE responses close the dialog after authoritative empty readback (11.6s)
  ✓  15 [chromium] › e2e/ui-2-ai.spec.ts:56:1 › revoke finishing during history navigation releases only its conversation lock (26.0s)
[WebServer] 2026-10-07 03:28:36 [INFO ] HpAgent.ConversationCommands: run_created
[WebServer] 2026-10-07 03:28:36 [INFO ] HpAgent.WebApi: web_message_accepted
[WebServer] 2026-10-07 03:28:36 [INFO ] HpAgent.SSE: sse_subscribed
[WebServer] 2026-10-07 03:28:42 [INFO ] HpAgent.TerminalPublisher: sse_terminal_published
[WebServer] 2026-10-07 03:28:42 [INFO ] HpAgent.SSE: sse_terminal_snapshot_sent
[WebServer] 2026-10-07 03:28:42 [INFO ] HpAgent.SSE: sse_disconnected
[WebServer] 2026-10-07 03:28:43 [INFO ] HpAgent.ConversationCommands: run_created
[WebServer] 2026-10-07 03:28:43 [INFO ] HpAgent.WebApi: web_message_accepted
[WebServer] 2026-10-07 03:28:44 [INFO ] HpAgent.SSE: sse_subscribed
[WebServer] 2026-10-07 03:28:48 [INFO ] HpAgent.TerminalPublisher: sse_terminal_published
[WebServer] 2026-10-07 03:28:48 [INFO ] HpAgent.SSE: sse_terminal_snapshot_sent
[WebServer] 2026-10-07 03:28:48 [INFO ] HpAgent.SSE: sse_disconnected
  ✓  16 [chromium] › e2e/ui-2-ai.spec.ts:91:1 › B sends through the real API while A's POST is pending (26.8s)
[WebServer] 2026-10-07 03:29:00 [INFO ] HpAgent.ConversationCommands: run_created
[WebServer] 2026-10-07 03:29:00 [INFO ] HpAgent.WebApi: web_message_accepted
[WebServer] 2026-10-07 03:29:00 [INFO ] HpAgent.SSE: sse_subscribed
[WebServer] 2026-10-07 03:29:05 [INFO ] HpAgent.TerminalPublisher: sse_terminal_published
[WebServer] 2026-10-07 03:29:05 [INFO ] HpAgent.SSE: sse_terminal_snapshot_sent
[WebServer] 2026-10-07 03:29:05 [INFO ] HpAgent.SSE: sse_disconnected
[WebServer] 2026-10-07 03:29:08 [INFO ] HpAgent.ConversationCommands: run_created
[WebServer] 2026-10-07 03:29:08 [INFO ] HpAgent.WebApi: web_message_accepted
[WebServer] 2026-10-07 03:29:08 [INFO ] HpAgent.SSE: sse_subscribed
[WebServer] 2026-10-07 03:29:13 [INFO ] HpAgent.TerminalPublisher: sse_terminal_published
[WebServer] 2026-10-07 03:29:13 [INFO ] HpAgent.SSE: sse_terminal_snapshot_sent
[WebServer] 2026-10-07 03:29:13 [INFO ] HpAgent.SSE: sse_disconnected
  ✓  17 [chromium] › e2e/ui-2-ai.spec.ts:124:1 › empty composer creates only on submission, handles IME, and restores per-conversation drafts (26.8s)
[WebServer] 2026-10-07 03:29:25 [INFO ] HpAgent.ConversationCommands: run_created
[WebServer] 2026-10-07 03:29:25 [INFO ] HpAgent.WebApi: web_message_accepted
[WebServer] 2026-10-07 03:29:26 [INFO ] HpAgent.SSE: sse_subscribed
[WebServer] 2026-10-07 03:29:26 [INFO ] HpAgent.WebApi: web_message_accepted
[WebServer] 2026-10-07 03:29:30 [INFO ] HpAgent.TerminalPublisher: sse_terminal_published
[WebServer] 2026-10-07 03:29:30 [INFO ] HpAgent.SSE: sse_terminal_snapshot_sent
[WebServer] 2026-10-07 03:29:30 [INFO ] HpAgent.SSE: sse_disconnected
  ✓  18 [chromium] › e2e/ui-2-ai.spec.ts:174:1 › a lost POST response is confirmed with the original key and does not duplicate messages (15.5s)
  ✓  19 [chromium] › e2e/ui-2-ai.spec.ts:206:1 › creation completed after leaving AI does not send or navigate and keeps the draft (12.0s)
  ✓  20 [chromium] › e2e/ui-2-ai.spec.ts:238:1 › attachment abandonment is confirmed and existing files are not deleted (11.8s)
  ✓  21 [chromium] › e2e/ui-2-ai.spec.ts:255:1 › rename, read-only resources, focus return, and seven viewport layouts (10.7s)
[WebServer] 2026-10-07 03:30:16 [INFO ] HpAgent.ConversationCommands: run_created
[WebServer] 2026-10-07 03:30:16 [INFO ] HpAgent.WebApi: web_message_accepted
[WebServer] 2026-10-07 03:30:17 [INFO ] HpAgent.SSE: sse_subscribed
[WebServer] 2026-10-07 03:30:21 [INFO ] HpAgent.SSE: sse_terminal_snapshot_sent
[WebServer] 2026-10-07 03:30:21 [INFO ] HpAgent.SSE: sse_disconnected
[WebServer] 2026-10-07 03:30:21 [INFO ] HpAgent.TerminalPublisher: sse_terminal_published
  ✓  22 [chromium] › e2e/ui-2-ai.spec.ts:323:1 › history prepend retains the visible anchor and streaming does not pull a reader to the bottom (15.7s)
  ✓  23 [chromium] › e2e/ui-2-ai.spec.ts:393:1 › failed attachment keeps the draft and exposes a removable error; text zoom remains usable (5.1s)
  ✓  24 [chromium] › e2e/ui-2-ai.spec.ts:435:1 › more than thirty conversations paginate and loaded-title filtering remains local (18.3s)
[WebServer] 2026-10-07 03:30:50 [INFO ] HpAgent.ConversationCommands: run_created
[WebServer] 2026-10-07 03:30:50 [INFO ] HpAgent.WebApi: web_message_accepted
[WebServer] 2026-10-07 03:30:50 [INFO ] HpAgent.SSE: sse_subscribed
[WebServer] 2026-10-07 03:30:55 [INFO ] HpAgent.TerminalPublisher: sse_terminal_published
[WebServer] 2026-10-07 03:30:55 [INFO ] HpAgent.SSE: sse_terminal_snapshot_sent
[WebServer] 2026-10-07 03:30:55 [INFO ] HpAgent.SSE: sse_disconnected
  ✓  25 [chromium] › e2e/ui-3-execution.spec.ts:8:1 › real API: message-bound execution, tab navigation and terminal resource boundary (12.0s)
  ✓  26 [chromium] › e2e/ui-3-execution.spec.ts:51:1 › network fixtures: Work snapshot, missing Trace, approvals and responsive inspector (8.4s)
[WebServer] 2026-10-07 03:31:13 [INFO ] HpAgent.ConversationCommands: run_created
[WebServer] 2026-10-07 03:31:13 [INFO ] HpAgent.WebApi: web_message_accepted
[WebServer] 2026-10-07 03:31:13 [INFO ] HpAgent.SSE: sse_subscribed
[WebServer] 2026-10-07 03:31:15 [INFO ] HpAgent.SSE: sse_disconnected
  ✓  27 [chromium] › e2e/workspace-p1.spec.ts:5:1 › uploads, saves, moves, and downloads a Workspace entry (9.0s)
[WebServer] 2026-10-07 03:31:17 [INFO ] HpAgent.TerminalPublisher: sse_terminal_published
[WebServer] 2026-10-07 03:31:21 [INFO ] HpAgent.ConversationCommands: run_created
[WebServer] 2026-10-07 03:31:21 [INFO ] HpAgent.WebApi: web_message_accepted
[WebServer] 2026-10-07 03:31:21 [INFO ] HpAgent.SSE: sse_subscribed
[WebServer] 2026-10-07 03:31:25 [INFO ] HpAgent.SSE: sse_disconnected
  ✓  28 [chromium] › e2e/workspace-p3.spec.ts:4:1 › upgrades an entry in place and keeps its version when renamed (9.6s)
[WebServer] 2026-10-07 03:31:26 [INFO ] HpAgent.TerminalPublisher: sse_terminal_published

  28 passed (7.2m)
