
> hpagent-web@0.1.0 test:e2e
> playwright test e2e/ui-3-execution.spec.ts

[WebServer] INFO:     Started server process [61619]
[WebServer] INFO:     Waiting for application startup.
[WebServer] INFO:     Application startup complete.
[WebServer] INFO:     Uvicorn running on http://0.0.0.0:8183 (Press CTRL+C to quit)
[WebServer] (node:62399) Warning: The 'NO_COLOR' env is ignored due to the 'FORCE_COLOR' env being set.
[WebServer] (Use `node --trace-warnings ...` to show where the warning was created)

Running 2 tests using 1 worker

(node:62570) Warning: The 'NO_COLOR' env is ignored due to the 'FORCE_COLOR' env being set.
(Use `node --trace-warnings ...` to show where the warning was created)
[WebServer] 2026-10-07 12:25:49 [INFO ] HpAgent.ConversationCommands: run_created
[WebServer] 2026-10-07 12:25:49 [INFO ] HpAgent.WebApi: web_message_accepted
[WebServer] 2026-10-07 12:25:50 [INFO ] HpAgent.SSE: sse_subscribed
[WebServer] 2026-10-07 12:25:54 [INFO ] HpAgent.TerminalPublisher: sse_terminal_published
[WebServer] 2026-10-07 12:25:55 [INFO ] HpAgent.SSE: sse_terminal_snapshot_sent
[WebServer] 2026-10-07 12:25:55 [INFO ] HpAgent.SSE: sse_disconnected
  ✓  1 [chromium] › e2e/ui-3-execution.spec.ts:8:1 › real API: message-bound execution, tab navigation and terminal resource boundary (48.2s)
  ✓  2 [chromium] › e2e/ui-3-execution.spec.ts:51:1 › network fixtures: Work snapshot, missing Trace, approvals and responsive inspector (41.3s)

  2 passed (2.0m)

EXIT_CODE=0
