
> hpagent-web@0.1.0 test:e2e
> playwright test e2e/conversation.spec.ts e2e/stop-retry.spec.ts e2e/disconnect.spec.ts e2e/markdown.spec.ts

[WebServer] INFO:     Started server process [484975]
[WebServer] INFO:     Waiting for application startup.
[WebServer] INFO:     Application startup complete.
[WebServer] INFO:     Uvicorn running on http://0.0.0.0:8182 (Press CTRL+C to quit)
[WebServer] 2026-10-07 00:41:06 [INFO ] HpAgent.TerminalPublisher: sse_terminal_published
[WebServer] (node:485309) Warning: The 'NO_COLOR' env is ignored due to the 'FORCE_COLOR' env being set.
[WebServer] (Use `node --trace-warnings ...` to show where the warning was created)

Running 5 tests using 1 worker

(node:485354) Warning: The 'NO_COLOR' env is ignored due to the 'FORCE_COLOR' env being set.
(Use `node --trace-warnings ...` to show where the warning was created)
[WebServer] 2026-10-07 00:41:15 [INFO ] HpAgent.ConversationCommands: run_created
[WebServer] 2026-10-07 00:41:15 [INFO ] HpAgent.WebApi: web_message_accepted
[WebServer] 2026-10-07 00:41:15 [INFO ] HpAgent.SSE: sse_subscribed
[WebServer] 2026-10-07 00:41:20 [INFO ] HpAgent.TerminalPublisher: sse_terminal_published
[WebServer] 2026-10-07 00:41:20 [INFO ] HpAgent.SSE: sse_terminal_snapshot_sent
[WebServer] 2026-10-07 00:41:20 [INFO ] HpAgent.SSE: sse_disconnected
[WebServer] 2026-10-07 00:41:21 [INFO ] HpAgent.ConversationCommands: run_created
[WebServer] 2026-10-07 00:41:21 [INFO ] HpAgent.WebApi: web_message_accepted
[WebServer] 2026-10-07 00:41:21 [INFO ] HpAgent.SSE: sse_subscribed
[WebServer] 2026-10-07 00:41:25 [INFO ] HpAgent.TerminalPublisher: sse_terminal_published
[WebServer] 2026-10-07 00:41:25 [INFO ] HpAgent.SSE: sse_terminal_snapshot_sent
[WebServer] 2026-10-07 00:41:25 [INFO ] HpAgent.SSE: sse_disconnected
[WebServer] 2026-10-07 00:41:26 [INFO ] HpAgent.ConversationCommands: run_created
[WebServer] 2026-10-07 00:41:26 [INFO ] HpAgent.WebApi: web_message_accepted
[WebServer] 2026-10-07 00:41:26 [INFO ] HpAgent.SSE: sse_subscribed
[WebServer] 2026-10-07 00:41:31 [INFO ] HpAgent.TerminalPublisher: sse_terminal_published
[WebServer] 2026-10-07 00:41:31 [INFO ] HpAgent.SSE: sse_terminal_snapshot_sent
[WebServer] 2026-10-07 00:41:31 [INFO ] HpAgent.SSE: sse_disconnected
  ✓  1 [chromium] › e2e/conversation.spec.ts:8:1 › holds a long conversation and survives a refresh (26.0s)
[WebServer] 2026-10-07 00:41:41 [INFO ] HpAgent.ConversationCommands: run_created
[WebServer] 2026-10-07 00:41:41 [INFO ] HpAgent.WebApi: web_message_accepted
[WebServer] 2026-10-07 00:41:41 [INFO ] HpAgent.SSE: sse_subscribed
[WebServer] 2026-10-07 00:41:41 [INFO ] HpAgent.SSE: sse_disconnected
  ✓  2 [chromium] › e2e/conversation.spec.ts:33:1 › selects and uploads a UTF-8 Markdown file, then attaches it to a message (5.4s)
[WebServer] 2026-10-07 00:41:46 [INFO ] HpAgent.ConversationCommands: run_created
[WebServer] 2026-10-07 00:41:46 [INFO ] HpAgent.WebApi: web_message_accepted
[WebServer] 2026-10-07 00:41:46 [INFO ] HpAgent.TerminalPublisher: sse_terminal_published
[WebServer] 2026-10-07 00:41:51 [INFO ] HpAgent.TerminalPublisher: sse_terminal_published
  ✓  3 [chromium] › e2e/disconnect.spec.ts:11:1 › recovers from a dropped SSE connection by polling (11.0s)
[WebServer] 2026-10-07 00:41:57 [INFO ] HpAgent.ConversationCommands: run_created
[WebServer] 2026-10-07 00:41:57 [INFO ] HpAgent.WebApi: web_message_accepted
[WebServer] 2026-10-07 00:41:57 [INFO ] HpAgent.SSE: sse_subscribed
[WebServer] 2026-10-07 00:42:02 [INFO ] HpAgent.TerminalPublisher: sse_terminal_published
[WebServer] 2026-10-07 00:42:02 [INFO ] HpAgent.SSE: sse_terminal_snapshot_sent
[WebServer] 2026-10-07 00:42:02 [INFO ] HpAgent.SSE: sse_disconnected
  ✓  4 [chromium] › e2e/markdown.spec.ts:17:1 › renders Markdown and fenced code in assistant replies (9.8s)
[WebServer] 2026-10-07 00:42:07 [INFO ] HpAgent.ConversationCommands: run_created
[WebServer] 2026-10-07 00:42:07 [INFO ] HpAgent.WebApi: web_message_accepted
[WebServer] 2026-10-07 00:42:07 [INFO ] HpAgent.SSE: sse_subscribed
[WebServer] 2026-10-07 00:42:11 [INFO ] HpAgent.TerminalPublisher: sse_terminal_published
[WebServer] 2026-10-07 00:42:11 [INFO ] HpAgent.SSE: sse_terminal_snapshot_sent
[WebServer] 2026-10-07 00:42:11 [INFO ] HpAgent.SSE: sse_disconnected
  ✓  5 [chromium] › e2e/stop-retry.spec.ts:11:1 › stops a running Run without offering Retry (9.1s)

  5 passed (1.1m)
