
> hpagent-web@0.1.0 test:e2e
> playwright test

[WebServer] INFO:     Started server process [550781]
[WebServer] INFO:     Waiting for application startup.
[WebServer] INFO:     Application startup complete.
[WebServer] INFO:     Uvicorn running on http://0.0.0.0:8182 (Press CTRL+C to quit)
[WebServer] (node:551258) Warning: The 'NO_COLOR' env is ignored due to the 'FORCE_COLOR' env being set.
[WebServer] (Use `node --trace-warnings ...` to show where the warning was created)

Running 29 tests using 1 worker

(node:551305) Warning: The 'NO_COLOR' env is ignored due to the 'FORCE_COLOR' env being set.
(Use `node --trace-warnings ...` to show where the warning was created)
  ✓   1 [chromium] › e2e/a11y.spec.ts:10:1 › login form exposes a heading and labelled fields (3.0s)
  ✓   2 [chromium] › e2e/a11y.spec.ts:18:1 › workbench exposes headings, labelled controls, and semantic buttons (4.6s)
[WebServer] 2026-10-07 01:06:48 [INFO ] HpAgent.ConversationCommands: run_created
[WebServer] 2026-10-07 01:06:48 [INFO ] HpAgent.WebApi: web_message_accepted
[WebServer] 2026-10-07 01:06:48 [INFO ] HpAgent.SSE: sse_subscribed
[WebServer] 2026-10-07 01:06:53 [INFO ] HpAgent.TerminalPublisher: sse_terminal_published
[WebServer] 2026-10-07 01:06:53 [INFO ] HpAgent.SSE: sse_terminal_snapshot_sent
[WebServer] 2026-10-07 01:06:53 [INFO ] HpAgent.SSE: sse_disconnected
  ✓   3 [chromium] › e2e/artifact.spec.ts:5:1 › builds, interacts with, isolates and restores an Artifact (15.8s)
  ✓   4 [chromium] › e2e/auth.spec.ts:8:1 › rejects wrong credentials with the server's safe message (3.2s)
  ✓   5 [chromium] › e2e/auth.spec.ts:20:1 › signs in with valid credentials (3.5s)
  ✓   6 [chromium] › e2e/auth.spec.ts:26:1 › signs out back to the login gate (5.6s)
[WebServer] 2026-10-07 01:07:14 [INFO ] HpAgent.Account: web_registration_succeeded account_id=01a1122f-0905-73cd-a3fc-2b1948823ab7
  ✓   7 [chromium] › e2e/auth.spec.ts:37:1 › registers, auto-signs in, and can log in again (4.9s)
[WebServer] 2026-10-07 01:07:21 [INFO ] HpAgent.ConversationCommands: run_created
[WebServer] 2026-10-07 01:07:21 [INFO ] HpAgent.WebApi: web_message_accepted
[WebServer] 2026-10-07 01:07:21 [INFO ] HpAgent.SSE: sse_subscribed
[WebServer] 2026-10-07 01:07:26 [INFO ] HpAgent.TerminalPublisher: sse_terminal_published
[WebServer] 2026-10-07 01:07:26 [INFO ] HpAgent.SSE: sse_terminal_snapshot_sent
[WebServer] 2026-10-07 01:07:26 [INFO ] HpAgent.SSE: sse_disconnected
[WebServer] 2026-10-07 01:07:27 [INFO ] HpAgent.ConversationCommands: run_created
[WebServer] 2026-10-07 01:07:27 [INFO ] HpAgent.WebApi: web_message_accepted
[WebServer] 2026-10-07 01:07:27 [INFO ] HpAgent.SSE: sse_subscribed
[WebServer] 2026-10-07 01:07:31 [INFO ] HpAgent.TerminalPublisher: sse_terminal_published
[WebServer] 2026-10-07 01:07:31 [INFO ] HpAgent.SSE: sse_terminal_snapshot_sent
[WebServer] 2026-10-07 01:07:31 [INFO ] HpAgent.SSE: sse_disconnected
[WebServer] 2026-10-07 01:07:32 [INFO ] HpAgent.ConversationCommands: run_created
[WebServer] 2026-10-07 01:07:32 [INFO ] HpAgent.WebApi: web_message_accepted
[WebServer] 2026-10-07 01:07:32 [INFO ] HpAgent.SSE: sse_subscribed
[WebServer] 2026-10-07 01:07:37 [INFO ] HpAgent.TerminalPublisher: sse_terminal_published
[WebServer] 2026-10-07 01:07:37 [INFO ] HpAgent.SSE: sse_terminal_snapshot_sent
[WebServer] 2026-10-07 01:07:37 [INFO ] HpAgent.SSE: sse_disconnected
  ✓   8 [chromium] › e2e/conversation.spec.ts:8:1 › holds a long conversation and survives a refresh (24.4s)
[WebServer] 2026-10-07 01:07:47 [INFO ] HpAgent.ConversationCommands: run_created
[WebServer] 2026-10-07 01:07:47 [INFO ] HpAgent.WebApi: web_message_accepted
[WebServer] 2026-10-07 01:07:47 [INFO ] HpAgent.SSE: sse_subscribed
[WebServer] 2026-10-07 01:07:47 [INFO ] HpAgent.SSE: sse_disconnected
  ✓   9 [chromium] › e2e/conversation.spec.ts:33:1 › selects and uploads a UTF-8 Markdown file, then attaches it to a message (6.0s)
[WebServer] 2026-10-07 01:07:51 [INFO ] HpAgent.ConversationCommands: run_created
[WebServer] 2026-10-07 01:07:51 [INFO ] HpAgent.WebApi: web_message_accepted
[WebServer] 2026-10-07 01:07:51 [INFO ] HpAgent.TerminalPublisher: sse_terminal_published
[WebServer] 2026-10-07 01:07:56 [INFO ] HpAgent.TerminalPublisher: sse_terminal_published
  ✓  10 [chromium] › e2e/disconnect.spec.ts:11:1 › recovers from a dropped SSE connection by polling (11.5s)
[WebServer] 2026-10-07 01:08:03 [WARNING] HpAgent.WebApi: workspace_request_rejected
  ✓  11 [chromium] › e2e/manual-repair.spec.ts:4:1 › creates a child in the selected directory and explains duplicate names (4.5s)
  ✓  12 [chromium] › e2e/manual-repair.spec.ts:27:1 › uploads and authorizes the current conversation, and keeps chat drafts across pages (6.1s)
  ✓  13 [chromium] › e2e/manual-repair.spec.ts:64:1 › creates reminder and research directly from independent pages on narrow screens (4.7s)
  ✓  14 [chromium] › e2e/manual-repair.spec.ts:93:1 › revises a scheduled work and grants its own directory permissions (6.9s)
[WebServer] 2026-10-07 01:08:26 [INFO ] HpAgent.ConversationCommands: run_created
[WebServer] 2026-10-07 01:08:26 [INFO ] HpAgent.WebApi: web_message_accepted
[WebServer] 2026-10-07 01:08:26 [INFO ] HpAgent.SSE: sse_subscribed
[WebServer] 2026-10-07 01:08:31 [INFO ] HpAgent.TerminalPublisher: sse_terminal_published
[WebServer] 2026-10-07 01:08:31 [INFO ] HpAgent.SSE: sse_terminal_snapshot_sent
[WebServer] 2026-10-07 01:08:31 [INFO ] HpAgent.SSE: sse_disconnected
  ✓  15 [chromium] › e2e/markdown.spec.ts:17:1 › renders Markdown and fenced code in assistant replies (10.5s)
[WebServer] 2026-10-07 01:08:36 [INFO ] HpAgent.ConversationCommands: run_created
[WebServer] 2026-10-07 01:08:36 [INFO ] HpAgent.WebApi: web_message_accepted
[WebServer] 2026-10-07 01:08:36 [INFO ] HpAgent.SSE: sse_subscribed
[WebServer] 2026-10-07 01:08:41 [INFO ] HpAgent.TerminalPublisher: sse_terminal_published
[WebServer] 2026-10-07 01:08:41 [INFO ] HpAgent.SSE: sse_terminal_snapshot_sent
[WebServer] 2026-10-07 01:08:41 [INFO ] HpAgent.SSE: sse_disconnected
[WebServer] 2026-10-07 01:08:46 [INFO ] HpAgent.ConversationCommands: run_created
[WebServer] 2026-10-07 01:08:46 [INFO ] HpAgent.WebApi: web_message_accepted
[WebServer] 2026-10-07 01:08:46 [INFO ] HpAgent.SSE: sse_subscribed
[WebServer] 2026-10-07 01:08:51 [INFO ] HpAgent.TerminalPublisher: sse_terminal_published
[WebServer] 2026-10-07 01:08:51 [INFO ] HpAgent.SSE: sse_terminal_snapshot_sent
[WebServer] 2026-10-07 01:08:51 [INFO ] HpAgent.SSE: sse_disconnected
  ✓  16 [chromium] › e2e/multi-tab.spec.ts:12:1 › accounts are isolated across browser contexts (21.1s)
[WebServer] 2026-10-07 01:08:57 [INFO ] HpAgent.ConversationCommands: run_created
[WebServer] 2026-10-07 01:08:57 [INFO ] HpAgent.WebApi: web_message_accepted
[WebServer] 2026-10-07 01:08:57 [INFO ] HpAgent.SSE: sse_subscribed
[WebServer] 2026-10-07 01:09:02 [INFO ] HpAgent.TerminalPublisher: sse_terminal_published
[WebServer] 2026-10-07 01:09:02 [INFO ] HpAgent.SSE: sse_terminal_snapshot_sent
[WebServer] 2026-10-07 01:09:02 [INFO ] HpAgent.SSE: sse_disconnected
[WebServer] 2026-10-07 01:09:07 [INFO ] HpAgent.ConversationCommands: run_created
[WebServer] 2026-10-07 01:09:07 [INFO ] HpAgent.WebApi: web_message_accepted
[WebServer] 2026-10-07 01:09:07 [INFO ] HpAgent.SSE: sse_subscribed
[WebServer] 2026-10-07 01:09:07 [INFO ] HpAgent.SSE: sse_subscribed
[WebServer] 2026-10-07 01:09:08 [INFO ] HpAgent.SSE: sse_disconnected
[WebServer] 2026-10-07 01:09:08 [INFO ] HpAgent.SSE: sse_disconnected
  ✓  17 [chromium] › e2e/multi-tab.spec.ts:34:1 › a second tab cannot send while a Run is active (409 wins) (15.7s)
[WebServer] 2026-10-07 01:09:12 [INFO ] HpAgent.TerminalPublisher: sse_terminal_published
[WebServer] 2026-10-07 01:09:13 [INFO ] HpAgent.ConversationCommands: run_created
[WebServer] 2026-10-07 01:09:13 [INFO ] HpAgent.WebApi: web_message_accepted
[WebServer] 2026-10-07 01:09:13 [INFO ] HpAgent.SSE: sse_subscribed
[WebServer] 2026-10-07 01:09:18 [INFO ] HpAgent.TerminalPublisher: sse_terminal_published
[WebServer] 2026-10-07 01:09:18 [INFO ] HpAgent.SSE: sse_terminal_snapshot_sent
[WebServer] 2026-10-07 01:09:18 [INFO ] HpAgent.SSE: sse_disconnected
  ✓  18 [chromium] › e2e/stop-retry.spec.ts:11:1 › stops a running Run without offering Retry (10.1s)
[WebServer] 2026-10-07 01:09:24 [INFO ] HpAgent.ConversationCommands: run_created
[WebServer] 2026-10-07 01:09:24 [INFO ] HpAgent.WebApi: web_message_accepted
[WebServer] 2026-10-07 01:09:24 [INFO ] HpAgent.SSE: sse_subscribed
[WebServer] 2026-10-07 01:09:29 [INFO ] HpAgent.TerminalPublisher: sse_terminal_published
[WebServer] 2026-10-07 01:09:29 [INFO ] HpAgent.SSE: sse_terminal_snapshot_sent
[WebServer] 2026-10-07 01:09:29 [INFO ] HpAgent.SSE: sse_disconnected
[WebServer] 2026-10-07 01:09:30 [INFO ] HpAgent.ConversationCommands: run_created
[WebServer] 2026-10-07 01:09:30 [INFO ] HpAgent.WebApi: web_message_accepted
[WebServer] 2026-10-07 01:09:30 [INFO ] HpAgent.SSE: sse_subscribed
[WebServer] 2026-10-07 01:09:35 [INFO ] HpAgent.TerminalPublisher: sse_terminal_published
[WebServer] 2026-10-07 01:09:35 [INFO ] HpAgent.SSE: sse_terminal_snapshot_sent
[WebServer] 2026-10-07 01:09:35 [INFO ] HpAgent.SSE: sse_disconnected
  ✓  19 [chromium] › e2e/ui-2-ai.spec.ts:6:1 › empty composer creates only on submission, handles IME, and restores per-conversation drafts (18.7s)
[WebServer] 2026-10-07 01:09:43 [INFO ] HpAgent.ConversationCommands: run_created
[WebServer] 2026-10-07 01:09:43 [INFO ] HpAgent.WebApi: web_message_accepted
[WebServer] 2026-10-07 01:09:43 [INFO ] HpAgent.SSE: sse_subscribed
[WebServer] 2026-10-07 01:09:43 [INFO ] HpAgent.WebApi: web_message_accepted
[WebServer] 2026-10-07 01:09:47 [INFO ] HpAgent.TerminalPublisher: sse_terminal_published
[WebServer] 2026-10-07 01:09:47 [INFO ] HpAgent.SSE: sse_terminal_snapshot_sent
[WebServer] 2026-10-07 01:09:47 [INFO ] HpAgent.SSE: sse_disconnected
  ✓  20 [chromium] › e2e/ui-2-ai.spec.ts:49:1 › a lost POST response is confirmed with the original key and does not duplicate messages (10.9s)
  ✓  21 [chromium] › e2e/ui-2-ai.spec.ts:81:1 › creation completed after leaving AI does not send or navigate and keeps the draft (5.6s)
  ✓  22 [chromium] › e2e/ui-2-ai.spec.ts:113:1 › attachment abandonment is confirmed and existing files are not deleted (6.4s)
  ✓  23 [chromium] › e2e/ui-2-ai.spec.ts:130:1 › rename, read-only resources, focus return, and seven viewport layouts (10.1s)
[WebServer] 2026-10-07 01:10:22 [INFO ] HpAgent.ConversationCommands: run_created
[WebServer] 2026-10-07 01:10:22 [INFO ] HpAgent.WebApi: web_message_accepted
[WebServer] 2026-10-07 01:10:22 [INFO ] HpAgent.SSE: sse_subscribed
[WebServer] 2026-10-07 01:10:26 [INFO ] HpAgent.TerminalPublisher: sse_terminal_published
[WebServer] 2026-10-07 01:10:26 [INFO ] HpAgent.SSE: sse_terminal_snapshot_sent
[WebServer] 2026-10-07 01:10:26 [INFO ] HpAgent.SSE: sse_disconnected
  ✓  24 [chromium] › e2e/ui-2-ai.spec.ts:198:1 › history prepend retains the visible anchor and streaming does not pull a reader to the bottom (17.9s)
  ✓  25 [chromium] › e2e/ui-2-ai.spec.ts:268:1 › failed attachment keeps the draft and exposes a removable error; text zoom remains usable (5.9s)
  ✓  26 [chromium] › e2e/ui-2-ai.spec.ts:310:1 › more than thirty conversations paginate and loaded-title filtering remains local (18.2s)
  ✓  27 [chromium] › e2e/workspace-direct-upload.spec.ts:5:1 › uploads directly to Workspace without creating a conversation (5.0s)
[WebServer] 2026-10-07 01:11:04 [INFO ] HpAgent.ConversationCommands: run_created
[WebServer] 2026-10-07 01:11:04 [INFO ] HpAgent.WebApi: web_message_accepted
[WebServer] 2026-10-07 01:11:04 [INFO ] HpAgent.SSE: sse_subscribed
[WebServer] 2026-10-07 01:11:06 [INFO ] HpAgent.SSE: sse_disconnected
  ✓  28 [chromium] › e2e/workspace-p1.spec.ts:5:1 › uploads, saves, moves, and downloads a Workspace entry (8.4s)
[WebServer] 2026-10-07 01:11:08 [INFO ] HpAgent.TerminalPublisher: sse_terminal_published
[WebServer] 2026-10-07 01:11:10 [INFO ] HpAgent.ConversationCommands: run_created
[WebServer] 2026-10-07 01:11:10 [INFO ] HpAgent.WebApi: web_message_accepted
[WebServer] 2026-10-07 01:11:11 [INFO ] HpAgent.SSE: sse_subscribed
[WebServer] 2026-10-07 01:11:13 [INFO ] HpAgent.SSE: sse_disconnected
  ✓  29 [chromium] › e2e/workspace-p3.spec.ts:4:1 › upgrades an entry in place and keeps its version when renamed (7.0s)

  29 passed (4.8m)
