
> hpagent-web@0.1.0 test:e2e
> playwright test

[WebServer] INFO:     Started server process [519509]
[WebServer] INFO:     Waiting for application startup.
[WebServer] INFO:     Application startup complete.
[WebServer] INFO:     Uvicorn running on http://0.0.0.0:8182 (Press CTRL+C to quit)
[WebServer] (node:519899) Warning: The 'NO_COLOR' env is ignored due to the 'FORCE_COLOR' env being set.
[WebServer] (Use `node --trace-warnings ...` to show where the warning was created)

Running 28 tests using 1 worker

(node:520036) Warning: The 'NO_COLOR' env is ignored due to the 'FORCE_COLOR' env being set.
(Use `node --trace-warnings ...` to show where the warning was created)
  ✓   1 [chromium] › e2e/a11y.spec.ts:10:1 › login form exposes a heading and labelled fields (4.0s)
  ✓   2 [chromium] › e2e/a11y.spec.ts:18:1 › workbench exposes headings, labelled controls, and semantic buttons (6.9s)
[WebServer] 2026-10-07 00:54:44 [INFO ] HpAgent.ConversationCommands: run_created
[WebServer] 2026-10-07 00:54:44 [INFO ] HpAgent.WebApi: web_message_accepted
[WebServer] 2026-10-07 00:54:44 [INFO ] HpAgent.SSE: sse_subscribed
[WebServer] 2026-10-07 00:54:49 [INFO ] HpAgent.TerminalPublisher: sse_terminal_published
[WebServer] 2026-10-07 00:54:49 [INFO ] HpAgent.SSE: sse_terminal_snapshot_sent
[WebServer] 2026-10-07 00:54:49 [INFO ] HpAgent.SSE: sse_disconnected
  ✓   3 [chromium] › e2e/artifact.spec.ts:5:1 › builds, interacts with, isolates and restores an Artifact (25.2s)
  ✓   4 [chromium] › e2e/auth.spec.ts:8:1 › rejects wrong credentials with the server's safe message (5.4s)
  ✓   5 [chromium] › e2e/auth.spec.ts:20:1 › signs in with valid credentials (5.6s)
  ✓   6 [chromium] › e2e/auth.spec.ts:26:1 › signs out back to the login gate (9.4s)
[WebServer] 2026-10-07 00:55:27 [INFO ] HpAgent.Account: web_registration_succeeded account_id=01a11224-3e6d-76ff-86d2-2de158ddf8ab
  ✓   7 [chromium] › e2e/auth.spec.ts:37:1 › registers, auto-signs in, and can log in again (8.4s)
[WebServer] 2026-10-07 00:55:40 [INFO ] HpAgent.ConversationCommands: run_created
[WebServer] 2026-10-07 00:55:40 [INFO ] HpAgent.WebApi: web_message_accepted
[WebServer] 2026-10-07 00:55:41 [INFO ] HpAgent.SSE: sse_subscribed
[WebServer] 2026-10-07 00:55:46 [INFO ] HpAgent.TerminalPublisher: sse_terminal_published
[WebServer] 2026-10-07 00:55:46 [INFO ] HpAgent.SSE: sse_terminal_snapshot_sent
[WebServer] 2026-10-07 00:55:46 [INFO ] HpAgent.SSE: sse_disconnected
[WebServer] 2026-10-07 00:55:49 [INFO ] HpAgent.ConversationCommands: run_created
[WebServer] 2026-10-07 00:55:49 [INFO ] HpAgent.WebApi: web_message_accepted
[WebServer] 2026-10-07 00:55:49 [INFO ] HpAgent.SSE: sse_subscribed
[WebServer] 2026-10-07 00:55:54 [INFO ] HpAgent.TerminalPublisher: sse_terminal_published
[WebServer] 2026-10-07 00:55:54 [INFO ] HpAgent.SSE: sse_terminal_snapshot_sent
[WebServer] 2026-10-07 00:55:54 [INFO ] HpAgent.SSE: sse_disconnected
[WebServer] 2026-10-07 00:55:56 [INFO ] HpAgent.ConversationCommands: run_created
[WebServer] 2026-10-07 00:55:56 [INFO ] HpAgent.WebApi: web_message_accepted
[WebServer] 2026-10-07 00:55:56 [INFO ] HpAgent.SSE: sse_subscribed
[WebServer] 2026-10-07 00:56:01 [INFO ] HpAgent.TerminalPublisher: sse_terminal_published
[WebServer] 2026-10-07 00:56:01 [INFO ] HpAgent.SSE: sse_terminal_snapshot_sent
[WebServer] 2026-10-07 00:56:01 [INFO ] HpAgent.SSE: sse_disconnected
  ✓   8 [chromium] › e2e/conversation.spec.ts:8:1 › holds a long conversation and survives a refresh (42.9s)
[WebServer] 2026-10-07 00:56:27 [INFO ] HpAgent.ConversationCommands: run_created
[WebServer] 2026-10-07 00:56:27 [INFO ] HpAgent.WebApi: web_message_accepted
[WebServer] 2026-10-07 00:56:28 [INFO ] HpAgent.SSE: sse_subscribed
[WebServer] 2026-10-07 00:56:29 [INFO ] HpAgent.SSE: sse_disconnected
  ✓   9 [chromium] › e2e/conversation.spec.ts:33:1 › selects and uploads a UTF-8 Markdown file, then attaches it to a message (15.6s)
[WebServer] 2026-10-07 00:56:32 [INFO ] HpAgent.TerminalPublisher: sse_terminal_published
[WebServer] 2026-10-07 00:56:42 [INFO ] HpAgent.ConversationCommands: run_created
[WebServer] 2026-10-07 00:56:42 [INFO ] HpAgent.WebApi: web_message_accepted
[WebServer] 2026-10-07 00:56:47 [INFO ] HpAgent.TerminalPublisher: sse_terminal_published
  ✓  10 [chromium] › e2e/disconnect.spec.ts:11:1 › recovers from a dropped SSE connection by polling (21.5s)
[WebServer] 2026-10-07 00:56:58 [WARNING] HpAgent.WebApi: workspace_request_rejected
  ✓  11 [chromium] › e2e/manual-repair.spec.ts:4:1 › creates a child in the selected directory and explains duplicate names (7.8s)
  ✓  12 [chromium] › e2e/manual-repair.spec.ts:27:1 › uploads and authorizes the current conversation, and keeps chat drafts across pages (7.1s)
  ✓  13 [chromium] › e2e/manual-repair.spec.ts:64:1 › creates reminder and research directly from independent pages on narrow screens (6.0s)
  ✓  14 [chromium] › e2e/manual-repair.spec.ts:93:1 › revises a scheduled work and grants its own directory permissions (8.1s)
[WebServer] 2026-10-07 00:57:26 [INFO ] HpAgent.ConversationCommands: run_created
[WebServer] 2026-10-07 00:57:26 [INFO ] HpAgent.WebApi: web_message_accepted
[WebServer] 2026-10-07 00:57:26 [INFO ] HpAgent.SSE: sse_subscribed
[WebServer] 2026-10-07 00:57:31 [INFO ] HpAgent.TerminalPublisher: sse_terminal_published
[WebServer] 2026-10-07 00:57:31 [INFO ] HpAgent.SSE: sse_terminal_snapshot_sent
[WebServer] 2026-10-07 00:57:31 [INFO ] HpAgent.SSE: sse_disconnected
  ✓  15 [chromium] › e2e/markdown.spec.ts:17:1 › renders Markdown and fenced code in assistant replies (12.2s)
[WebServer] 2026-10-07 00:57:37 [INFO ] HpAgent.ConversationCommands: run_created
[WebServer] 2026-10-07 00:57:37 [INFO ] HpAgent.WebApi: web_message_accepted
[WebServer] 2026-10-07 00:57:38 [INFO ] HpAgent.SSE: sse_subscribed
[WebServer] 2026-10-07 00:57:42 [INFO ] HpAgent.TerminalPublisher: sse_terminal_published
[WebServer] 2026-10-07 00:57:42 [INFO ] HpAgent.SSE: sse_terminal_snapshot_sent
[WebServer] 2026-10-07 00:57:42 [INFO ] HpAgent.SSE: sse_disconnected
[WebServer] 2026-10-07 00:57:48 [INFO ] HpAgent.ConversationCommands: run_created
[WebServer] 2026-10-07 00:57:48 [INFO ] HpAgent.WebApi: web_message_accepted
[WebServer] 2026-10-07 00:57:48 [INFO ] HpAgent.SSE: sse_subscribed
[WebServer] 2026-10-07 00:57:53 [INFO ] HpAgent.TerminalPublisher: sse_terminal_published
[WebServer] 2026-10-07 00:57:53 [INFO ] HpAgent.SSE: sse_terminal_snapshot_sent
[WebServer] 2026-10-07 00:57:53 [INFO ] HpAgent.SSE: sse_disconnected
  ✓  16 [chromium] › e2e/multi-tab.spec.ts:12:1 › accounts are isolated across browser contexts (22.0s)
[WebServer] 2026-10-07 00:58:00 [INFO ] HpAgent.ConversationCommands: run_created
[WebServer] 2026-10-07 00:58:00 [INFO ] HpAgent.WebApi: web_message_accepted
[WebServer] 2026-10-07 00:58:00 [INFO ] HpAgent.SSE: sse_subscribed
[WebServer] 2026-10-07 00:58:04 [INFO ] HpAgent.TerminalPublisher: sse_terminal_published
[WebServer] 2026-10-07 00:58:04 [INFO ] HpAgent.SSE: sse_terminal_snapshot_sent
[WebServer] 2026-10-07 00:58:04 [INFO ] HpAgent.SSE: sse_disconnected
[WebServer] 2026-10-07 00:58:09 [INFO ] HpAgent.ConversationCommands: run_created
[WebServer] 2026-10-07 00:58:09 [INFO ] HpAgent.WebApi: web_message_accepted
[WebServer] 2026-10-07 00:58:09 [INFO ] HpAgent.SSE: sse_subscribed
[WebServer] 2026-10-07 00:58:14 [INFO ] HpAgent.SSE: sse_terminal_snapshot_sent
[WebServer] 2026-10-07 00:58:14 [INFO ] HpAgent.SSE: sse_disconnected
[WebServer] 2026-10-07 00:58:14 [INFO ] HpAgent.TerminalPublisher: sse_terminal_published
  ✘  17 [chromium] › e2e/multi-tab.spec.ts:34:1 › a second tab cannot send while a Run is active (409 wins) (30.7s)
(node:530483) Warning: The 'NO_COLOR' env is ignored due to the 'FORCE_COLOR' env being set.
(Use `node --trace-warnings ...` to show where the warning was created)
[WebServer] 2026-10-07 00:58:37 [INFO ] HpAgent.ConversationCommands: run_created
[WebServer] 2026-10-07 00:58:37 [INFO ] HpAgent.WebApi: web_message_accepted
[WebServer] 2026-10-07 00:58:37 [INFO ] HpAgent.SSE: sse_subscribed
[WebServer] 2026-10-07 00:58:41 [INFO ] HpAgent.TerminalPublisher: sse_terminal_published
[WebServer] 2026-10-07 00:58:41 [INFO ] HpAgent.SSE: sse_terminal_snapshot_sent
[WebServer] 2026-10-07 00:58:41 [INFO ] HpAgent.SSE: sse_disconnected
  ✓  18 [chromium] › e2e/stop-retry.spec.ts:11:1 › stops a running Run without offering Retry (12.7s)
[WebServer] 2026-10-07 00:58:50 [INFO ] HpAgent.ConversationCommands: run_created
[WebServer] 2026-10-07 00:58:50 [INFO ] HpAgent.WebApi: web_message_accepted
[WebServer] 2026-10-07 00:58:50 [INFO ] HpAgent.SSE: sse_subscribed
[WebServer] 2026-10-07 00:58:55 [INFO ] HpAgent.TerminalPublisher: sse_terminal_published
[WebServer] 2026-10-07 00:58:55 [INFO ] HpAgent.SSE: sse_terminal_snapshot_sent
[WebServer] 2026-10-07 00:58:55 [INFO ] HpAgent.SSE: sse_disconnected
[WebServer] 2026-10-07 00:58:57 [INFO ] HpAgent.ConversationCommands: run_created
[WebServer] 2026-10-07 00:58:57 [INFO ] HpAgent.WebApi: web_message_accepted
[WebServer] 2026-10-07 00:58:57 [INFO ] HpAgent.SSE: sse_subscribed
[WebServer] 2026-10-07 00:59:02 [INFO ] HpAgent.TerminalPublisher: sse_terminal_published
[WebServer] 2026-10-07 00:59:02 [INFO ] HpAgent.SSE: sse_terminal_snapshot_sent
[WebServer] 2026-10-07 00:59:02 [INFO ] HpAgent.SSE: sse_disconnected
  ✓  19 [chromium] › e2e/ui-2-ai.spec.ts:6:1 › empty composer creates only on submission, handles IME, and restores per-conversation drafts (24.1s)
[WebServer] 2026-10-07 00:59:20 [INFO ] HpAgent.ConversationCommands: run_created
[WebServer] 2026-10-07 00:59:20 [INFO ] HpAgent.WebApi: web_message_accepted
[WebServer] 2026-10-07 00:59:21 [INFO ] HpAgent.SSE: sse_subscribed
[WebServer] 2026-10-07 00:59:21 [INFO ] HpAgent.WebApi: web_message_accepted
[WebServer] 2026-10-07 00:59:25 [INFO ] HpAgent.TerminalPublisher: sse_terminal_published
[WebServer] 2026-10-07 00:59:25 [INFO ] HpAgent.SSE: sse_terminal_snapshot_sent
[WebServer] 2026-10-07 00:59:25 [INFO ] HpAgent.SSE: sse_disconnected
  ✓  20 [chromium] › e2e/ui-2-ai.spec.ts:49:1 › a lost POST response is confirmed with the original key and does not duplicate messages (20.4s)
  ✓  21 [chromium] › e2e/ui-2-ai.spec.ts:81:1 › creation completed after leaving AI does not send or navigate and keeps the draft (15.6s)
  ✓  22 [chromium] › e2e/ui-2-ai.spec.ts:113:1 › attachment abandonment is confirmed and existing files are not deleted (11.6s)
  ✓  23 [chromium] › e2e/ui-2-ai.spec.ts:130:1 › rename, read-only resources, focus return, and seven viewport layouts (24.1s)
[WebServer] 2026-10-07 01:00:42 [INFO ] HpAgent.ConversationCommands: run_created
[WebServer] 2026-10-07 01:00:42 [INFO ] HpAgent.WebApi: web_message_accepted
[WebServer] 2026-10-07 01:00:42 [INFO ] HpAgent.SSE: sse_subscribed
[WebServer] 2026-10-07 01:00:47 [INFO ] HpAgent.TerminalPublisher: sse_terminal_published
[WebServer] 2026-10-07 01:00:47 [INFO ] HpAgent.SSE: sse_terminal_snapshot_sent
[WebServer] 2026-10-07 01:00:47 [INFO ] HpAgent.SSE: sse_disconnected
  ✓  24 [chromium] › e2e/ui-2-ai.spec.ts:198:1 › history prepend retains the visible anchor and streaming does not pull a reader to the bottom (31.6s)
  ✓  25 [chromium] › e2e/ui-2-ai.spec.ts:268:1 › failed attachment keeps the draft and exposes a removable error; text zoom remains usable (9.8s)
  ✓  26 [chromium] › e2e/workspace-direct-upload.spec.ts:5:1 › uploads directly to Workspace without creating a conversation (7.6s)
[WebServer] 2026-10-07 01:01:22 [INFO ] HpAgent.ConversationCommands: run_created
[WebServer] 2026-10-07 01:01:22 [INFO ] HpAgent.WebApi: web_message_accepted
[WebServer] 2026-10-07 01:01:22 [INFO ] HpAgent.SSE: sse_subscribed
[WebServer] 2026-10-07 01:01:26 [INFO ] HpAgent.SSE: sse_disconnected
  ✓  27 [chromium] › e2e/workspace-p1.spec.ts:5:1 › uploads, saves, moves, and downloads a Workspace entry (19.0s)
[WebServer] 2026-10-07 01:01:27 [INFO ] HpAgent.TerminalPublisher: sse_terminal_published
[WebServer] 2026-10-07 01:01:42 [INFO ] HpAgent.ConversationCommands: run_created
[WebServer] 2026-10-07 01:01:42 [INFO ] HpAgent.WebApi: web_message_accepted
[WebServer] 2026-10-07 01:01:43 [INFO ] HpAgent.SSE: sse_subscribed
[WebServer] 2026-10-07 01:01:48 [INFO ] HpAgent.SSE: sse_terminal_snapshot_sent
[WebServer] 2026-10-07 01:01:48 [INFO ] HpAgent.SSE: sse_disconnected
[WebServer] 2026-10-07 01:01:48 [INFO ] HpAgent.TerminalPublisher: sse_terminal_published
  ✓  28 [chromium] › e2e/workspace-p3.spec.ts:4:1 › upgrades an entry in place and keeps its version when renamed (26.3s)


  1) [chromium] › e2e/multi-tab.spec.ts:34:1 › a second tab cannot send while a Run is active (409 wins) 

    Error: expect(locator).toHaveText(expected) failed

    Locator: locator('[data-testid=\'run-label\']')
    Expected pattern: /运行中|正在停止/
    Timeout: 15000ms
    Error: element(s) not found

    Call log:
      - Expect "toHaveText" with timeout 15000ms
      - waiting for locator('[data-testid=\'run-label\']')
        9 × locator resolved to <span data-testid="run-label" class="rt-Text rt-r-size-2 rt-r-weight-medium">排队中…</span>
          - unexpected value "排队中…"


      48 |   // tab A starts a new Run; tab B's locally-known state is stale.
      49 |   await sendMessage(tabA, "第二轮");
    > 50 |   await expect(tabA.locator("[data-testid='run-label']")).toHaveText(/运行中|正在停止/);
         |                                                           ^
      51 |
      52 |   // tab B attempts a send into the busy conversation — the API 409s and the
      53 |   // run-status strip surfaces the busy message.
        at /home/hp/workspace/HpAgent_web/web/e2e/multi-tab.spec.ts:50:59

    Error Context: test-results/multi-tab-a-second-tab-can-a4741-e-a-Run-is-active-409-wins--chromium/error-context.md

    attachment #2: trace (application/zip) ─────────────────────────────────────────────────────────
    test-results/multi-tab-a-second-tab-can-a4741-e-a-Run-is-active-409-wins--chromium/trace.zip
    Usage:

        npx playwright show-trace test-results/multi-tab-a-second-tab-can-a4741-e-a-Run-is-active-409-wins--chromium/trace.zip

    ────────────────────────────────────────────────────────────────────────────────────────────────

  1 failed
    [chromium] › e2e/multi-tab.spec.ts:34:1 › a second tab cannot send while a Run is active (409 wins) 
  27 passed (7.7m)
