
> hpagent-web@0.1.0 test:e2e
> playwright test e2e/ui-2-ai.spec.ts --grep empty composer

[WebServer] INFO:     Started server process [565728]
[WebServer] INFO:     Waiting for application startup.
[WebServer] INFO:     Application startup complete.
[WebServer] INFO:     Uvicorn running on http://0.0.0.0:8182 (Press CTRL+C to quit)
[WebServer] (node:566042) Warning: The 'NO_COLOR' env is ignored due to the 'FORCE_COLOR' env being set.
[WebServer] (Use `node --trace-warnings ...` to show where the warning was created)

Running 1 test using 1 worker

(node:566073) Warning: The 'NO_COLOR' env is ignored due to the 'FORCE_COLOR' env being set.
(Use `node --trace-warnings ...` to show where the warning was created)
[WebServer] 2026-10-07 01:12:19 [INFO ] HpAgent.ConversationCommands: run_created
[WebServer] 2026-10-07 01:12:19 [INFO ] HpAgent.WebApi: web_message_accepted
[WebServer] 2026-10-07 01:12:20 [INFO ] HpAgent.SSE: sse_subscribed
[WebServer] 2026-10-07 01:12:24 [INFO ] HpAgent.TerminalPublisher: sse_terminal_published
[WebServer] 2026-10-07 01:12:24 [INFO ] HpAgent.SSE: sse_terminal_snapshot_sent
[WebServer] 2026-10-07 01:12:24 [INFO ] HpAgent.SSE: sse_disconnected
[WebServer] 2026-10-07 01:12:26 [INFO ] HpAgent.ConversationCommands: run_created
[WebServer] 2026-10-07 01:12:26 [INFO ] HpAgent.WebApi: web_message_accepted
[WebServer] 2026-10-07 01:12:26 [INFO ] HpAgent.SSE: sse_subscribed
[WebServer] 2026-10-07 01:12:31 [INFO ] HpAgent.TerminalPublisher: sse_terminal_published
[WebServer] 2026-10-07 01:12:31 [INFO ] HpAgent.SSE: sse_terminal_snapshot_sent
[WebServer] 2026-10-07 01:12:31 [INFO ] HpAgent.SSE: sse_disconnected
  ✓  1 [chromium] › e2e/ui-2-ai.spec.ts:6:1 › empty composer creates only on submission, handles IME, and restores per-conversation drafts (18.3s)

  1 passed (24.6s)
