
> hpagent-web@0.1.0 test:e2e
> playwright test e2e/ui-2-ai.spec.ts --grep history prepend|failed attachment

[WebServer] INFO:     Started server process [516333]
[WebServer] INFO:     Waiting for application startup.
[WebServer] INFO:     Application startup complete.
[WebServer] INFO:     Uvicorn running on http://0.0.0.0:8182 (Press CTRL+C to quit)
[WebServer] (node:516637) Warning: The 'NO_COLOR' env is ignored due to the 'FORCE_COLOR' env being set.
[WebServer] (Use `node --trace-warnings ...` to show where the warning was created)

Running 2 tests using 1 worker

(node:516683) Warning: The 'NO_COLOR' env is ignored due to the 'FORCE_COLOR' env being set.
(Use `node --trace-warnings ...` to show where the warning was created)
[WebServer] 2026-10-07 00:53:20 [INFO ] HpAgent.ConversationCommands: run_created
[WebServer] 2026-10-07 00:53:20 [INFO ] HpAgent.WebApi: web_message_accepted
[WebServer] 2026-10-07 00:53:20 [INFO ] HpAgent.SSE: sse_subscribed
[WebServer] 2026-10-07 00:53:25 [INFO ] HpAgent.SSE: sse_terminal_snapshot_sent
[WebServer] 2026-10-07 00:53:25 [INFO ] HpAgent.SSE: sse_disconnected
[WebServer] 2026-10-07 00:53:25 [INFO ] HpAgent.TerminalPublisher: sse_terminal_published
  ✓  1 [chromium] › e2e/ui-2-ai.spec.ts:198:1 › history prepend retains the visible anchor and streaming does not pull a reader to the bottom (17.5s)
  ✓  2 [chromium] › e2e/ui-2-ai.spec.ts:268:1 › failed attachment keeps the draft and exposes a removable error; text zoom remains usable (5.3s)

  2 passed (28.6s)
