
> hpagent-web@0.1.0 test:e2e
> playwright test e2e/ui-5-tasks.spec.ts e2e/manual-repair.spec.ts e2e/ui-3-execution.spec.ts

[WebServer] INFO:     Started server process [263042]
[WebServer] INFO:     Waiting for application startup.
[WebServer] INFO:     Application startup complete.
[WebServer] INFO:     Uvicorn running on http://0.0.0.0:8185 (Press CTRL+C to quit)
[WebServer] (node:263477) Warning: The 'NO_COLOR' env is ignored due to the 'FORCE_COLOR' env being set.
[WebServer] (Use `node --trace-warnings ...` to show where the warning was created)

Running 11 tests using 1 worker

(node:263550) Warning: The 'NO_COLOR' env is ignored due to the 'FORCE_COLOR' env being set.
(Use `node --trace-warnings ...` to show where the warning was created)
[WebServer] 2026-10-07 19:27:48 [WARNING] HpAgent.WebApi: workspace_request_rejected
  ✓   1 [chromium] › e2e/manual-repair.spec.ts:5:1 › creates a child in the selected directory and explains duplicate names (7.8s)
  ✓   2 [chromium] › e2e/manual-repair.spec.ts:27:1 › uploads and authorizes the current conversation, and keeps chat drafts across pages (9.6s)
  ✓   3 [chromium] › e2e/manual-repair.spec.ts:59:1 › creates reminder and research directly from independent pages on narrow screens (6.9s)
  ✓   4 [chromium] › e2e/manual-repair.spec.ts:91:1 › revises a scheduled work and grants its own directory permissions (8.9s)
[WebServer] 2026-10-07 19:28:20 [INFO ] HpAgent.ConversationCommands: run_created
[WebServer] 2026-10-07 19:28:20 [INFO ] HpAgent.WebApi: web_message_accepted
[WebServer] 2026-10-07 19:28:20 [INFO ] HpAgent.SSE: sse_subscribed
[WebServer] 2026-10-07 19:28:25 [INFO ] HpAgent.TerminalPublisher: sse_terminal_published
[WebServer] 2026-10-07 19:28:25 [INFO ] HpAgent.SSE: sse_terminal_snapshot_sent
[WebServer] 2026-10-07 19:28:25 [INFO ] HpAgent.SSE: sse_disconnected
  ✓   5 [chromium] › e2e/ui-3-execution.spec.ts:9:1 › real API: message-bound execution, tab navigation and terminal resource boundary (12.9s)
  ✓   6 [chromium] › e2e/ui-3-execution.spec.ts:52:1 › network fixtures: Work snapshot, missing Trace, approvals and responsive inspector (9.5s)
  ✓   7 [chromium] › e2e/ui-3-execution.spec.ts:198:1 › network fixtures: terminal outputs refresh and permission denial discards old model bodies (9.6s)
  ✘   8 [chromium] › e2e/ui-5-tasks.spec.ts:26:1 › creates, revises, controls, increases one limit and returns from inspector children (9.7s)
(node:267095) Warning: The 'NO_COLOR' env is ignored due to the 'FORCE_COLOR' env being set.
(Use `node --trace-warnings ...` to show where the warning was created)
  ✓   9 [chromium] › e2e/ui-5-tasks.spec.ts:74:1 › lost create response retries identical intention and does not duplicate a task (8.8s)
  ✓  10 [chromium] › e2e/ui-5-tasks.spec.ts:110:1 › task deep link, unavailable object, focus, responsive screens and inbox modal (18.5s)
[WebServer] 2026-10-07 19:29:31 [INFO ] HpAgent.Account: web_registration_succeeded account_id=01a11620-34da-74d3-89e7-b09b534d6816
  ✘  11 [chromium] › e2e/ui-5-tasks.spec.ts:170:1 › 51st task remains available after serial pagination and a first-page refresh (45.8s)


  1) [chromium] › e2e/ui-5-tasks.spec.ts:26:1 › creates, revises, controls, increases one limit and returns from inspector children 

    Error: expect(received).toBe(expected) // Object.is equality

    Expected: 1001000
    Received: 1000000

      50 |   await expect(budget).toHaveCount(0);
      51 |   const current = (await (await page.request.get(`/api/v1/works/${work.work_id}`)).json()).work;
    > 52 |   expect(current.budget.limits.model_total_tokens).toBe(old + 1000);
         |                                                    ^
      53 |   for (const [key, value] of Object.entries(work.budget.limits))
      54 |     if (key !== "model_total_tokens") expect(current.budget.limits[key]).toBe(value);
      55 |   await inspector(page).getByRole("button", { name: "恢复任务" }).click();
        at /home/hp/workspace/HpAgent_web/web/e2e/ui-5-tasks.spec.ts:52:52

    Error Context: test-results/ui-5-tasks-creates-revises-418df-rns-from-inspector-children-chromium/error-context.md

    attachment #2: trace (application/zip) ─────────────────────────────────────────────────────────
    test-results/ui-5-tasks-creates-revises-418df-rns-from-inspector-children-chromium/trace.zip
    Usage:

        npx playwright show-trace test-results/ui-5-tasks-creates-revises-418df-rns-from-inspector-children-chromium/trace.zip

    ────────────────────────────────────────────────────────────────────────────────────────────────

  2) [chromium] › e2e/ui-5-tasks.spec.ts:170:1 › 51st task remains available after serial pagination and a first-page refresh 

    Error: expect(locator).toContainText(expected) failed

    Locator: getByRole('status').filter({ hasText: '已加载 51 项' })
    Expected substring: "本轮同步完成"
    Timeout: 15000ms
    Error: element(s) not found

    Call log:
      - Expect "toContainText" with timeout 15000ms
      - waiting for getByRole('status').filter({ hasText: '已加载 51 项' })


      206 |   }
      207 |   await page.goto("/#/tasks?bucket=waiting");
    > 208 |   await expect(page.getByRole("status").filter({ hasText: "已加载 51 项" })).toContainText(
          |                                                                          ^
      209 |     "本轮同步完成",
      210 |   );
      211 |   await expect(page.getByRole("article", { name: "分页任务 0", exact: true })).toBeVisible();
        at /home/hp/workspace/HpAgent_web/web/e2e/ui-5-tasks.spec.ts:208:74

    Error Context: test-results/ui-5-tasks-51st-task-remai-8e5db-on-and-a-first-page-refresh-chromium/error-context.md

    attachment #2: trace (application/zip) ─────────────────────────────────────────────────────────
    test-results/ui-5-tasks-51st-task-remai-8e5db-on-and-a-first-page-refresh-chromium/trace.zip
    Usage:

        npx playwright show-trace test-results/ui-5-tasks-51st-task-remai-8e5db-on-and-a-first-page-refresh-chromium/trace.zip

    ────────────────────────────────────────────────────────────────────────────────────────────────

  2 failed
    [chromium] › e2e/ui-5-tasks.spec.ts:26:1 › creates, revises, controls, increases one limit and returns from inspector children 
    [chromium] › e2e/ui-5-tasks.spec.ts:170:1 › 51st task remains available after serial pagination and a first-page refresh 
  9 passed (2.7m)
