
> hpagent-web@0.1.0 test:e2e
> playwright test e2e/ui-5-tasks.spec.ts e2e/manual-repair.spec.ts e2e/ui-3-execution.spec.ts e2e/ui-4-workspace.spec.ts e2e/artifact.spec.ts e2e/auth.spec.ts e2e/multi-tab.spec.ts e2e/a11y.spec.ts

[WebServer] INFO:     Started server process [244967]
[WebServer] INFO:     Waiting for application startup.
[WebServer] INFO:     Application startup complete.
[WebServer] INFO:     Uvicorn running on http://0.0.0.0:8185 (Press CTRL+C to quit)
[WebServer] (node:245768) Warning: The 'NO_COLOR' env is ignored due to the 'FORCE_COLOR' env being set.
[WebServer] (Use `node --trace-warnings ...` to show where the warning was created)

Running 27 tests using 1 worker

(node:245873) Warning: The 'NO_COLOR' env is ignored due to the 'FORCE_COLOR' env being set.
(Use `node --trace-warnings ...` to show where the warning was created)
  ✓   1 [chromium] › e2e/a11y.spec.ts:10:1 › login form exposes a heading and labelled fields (17.1s)
  ✓   2 [chromium] › e2e/a11y.spec.ts:18:1 › workbench exposes headings, labelled controls, and semantic buttons (6.7s)
[WebServer] 2026-10-07 19:21:31 [INFO ] HpAgent.ConversationCommands: run_created
[WebServer] 2026-10-07 19:21:31 [INFO ] HpAgent.WebApi: web_message_accepted
[WebServer] 2026-10-07 19:21:32 [INFO ] HpAgent.SSE: sse_subscribed
[WebServer] 2026-10-07 19:21:36 [INFO ] HpAgent.TerminalPublisher: sse_terminal_published
[WebServer] 2026-10-07 19:21:36 [INFO ] HpAgent.SSE: sse_terminal_snapshot_sent
[WebServer] 2026-10-07 19:21:36 [INFO ] HpAgent.SSE: sse_disconnected
  ✓   3 [chromium] › e2e/artifact.spec.ts:5:1 › builds, interacts with, isolates and restores an Artifact (18.7s)
  ✓   4 [chromium] › e2e/auth.spec.ts:8:1 › rejects wrong credentials with the server's safe message (4.6s)
  ✓   5 [chromium] › e2e/auth.spec.ts:20:1 › signs in with valid credentials (4.8s)
  ✓   6 [chromium] › e2e/auth.spec.ts:26:1 › signs out back to the login gate (7.5s)
[WebServer] 2026-10-07 19:22:05 [INFO ] HpAgent.Account: web_registration_succeeded account_id=01a11619-64fc-77d5-9495-c9f19b24d4ed
  ✓   7 [chromium] › e2e/auth.spec.ts:37:1 › registers, auto-signs in, and can log in again (5.8s)
[WebServer] 2026-10-07 19:22:13 [WARNING] HpAgent.WebApi: workspace_request_rejected
  ✓   8 [chromium] › e2e/manual-repair.spec.ts:5:1 › creates a child in the selected directory and explains duplicate names (5.7s)
  ✓   9 [chromium] › e2e/manual-repair.spec.ts:27:1 › uploads and authorizes the current conversation, and keeps chat drafts across pages (8.5s)
  ✓  10 [chromium] › e2e/manual-repair.spec.ts:59:1 › creates reminder and research directly from independent pages on narrow screens (6.8s)
  ✘  11 [chromium] › e2e/manual-repair.spec.ts:91:1 › revises a scheduled work and grants its own directory permissions (1.0m)
(node:252647) Warning: The 'NO_COLOR' env is ignored due to the 'FORCE_COLOR' env being set.
(Use `node --trace-warnings ...` to show where the warning was created)
[WebServer] 2026-10-07 19:23:36 [INFO ] HpAgent.ConversationCommands: run_created
[WebServer] 2026-10-07 19:23:36 [INFO ] HpAgent.WebApi: web_message_accepted
[WebServer] 2026-10-07 19:23:36 [INFO ] HpAgent.SSE: sse_subscribed
[WebServer] 2026-10-07 19:23:41 [INFO ] HpAgent.TerminalPublisher: sse_terminal_published
[WebServer] 2026-10-07 19:23:41 [INFO ] HpAgent.SSE: sse_terminal_snapshot_sent
[WebServer] 2026-10-07 19:23:41 [INFO ] HpAgent.SSE: sse_disconnected
[WebServer] 2026-10-07 19:23:46 [INFO ] HpAgent.ConversationCommands: run_created
[WebServer] 2026-10-07 19:23:46 [INFO ] HpAgent.WebApi: web_message_accepted
[WebServer] 2026-10-07 19:23:46 [INFO ] HpAgent.SSE: sse_subscribed
[WebServer] 2026-10-07 19:23:51 [INFO ] HpAgent.TerminalPublisher: sse_terminal_published
[WebServer] 2026-10-07 19:23:51 [INFO ] HpAgent.SSE: sse_terminal_snapshot_sent
[WebServer] 2026-10-07 19:23:51 [INFO ] HpAgent.SSE: sse_disconnected
  ✓  12 [chromium] › e2e/multi-tab.spec.ts:12:1 › accounts are isolated across browser contexts (20.8s)
[WebServer] 2026-10-07 19:23:56 [INFO ] HpAgent.ConversationCommands: run_created
[WebServer] 2026-10-07 19:23:56 [INFO ] HpAgent.WebApi: web_message_accepted
[WebServer] 2026-10-07 19:23:56 [INFO ] HpAgent.SSE: sse_subscribed
[WebServer] 2026-10-07 19:24:01 [INFO ] HpAgent.TerminalPublisher: sse_terminal_published
[WebServer] 2026-10-07 19:24:01 [INFO ] HpAgent.SSE: sse_terminal_snapshot_sent
[WebServer] 2026-10-07 19:24:01 [INFO ] HpAgent.SSE: sse_disconnected
[WebServer] 2026-10-07 19:24:05 [INFO ] HpAgent.ConversationCommands: run_created
[WebServer] 2026-10-07 19:24:05 [INFO ] HpAgent.WebApi: web_message_accepted
[WebServer] 2026-10-07 19:24:05 [INFO ] HpAgent.SSE: sse_subscribed
[WebServer] 2026-10-07 19:24:06 [INFO ] HpAgent.SSE: sse_subscribed
[WebServer] 2026-10-07 19:24:06 [INFO ] HpAgent.SSE: sse_disconnected
[WebServer] 2026-10-07 19:24:06 [INFO ] HpAgent.SSE: sse_disconnected
  ✓  13 [chromium] › e2e/multi-tab.spec.ts:36:1 › a second tab cannot send while a Run is active (409 wins) (14.3s)
[WebServer] 2026-10-07 19:24:10 [INFO ] HpAgent.TerminalPublisher: sse_terminal_published
[WebServer] 2026-10-07 19:24:10 [INFO ] HpAgent.ConversationCommands: run_created
[WebServer] 2026-10-07 19:24:10 [INFO ] HpAgent.WebApi: web_message_accepted
[WebServer] 2026-10-07 19:24:10 [INFO ] HpAgent.SSE: sse_subscribed
[WebServer] 2026-10-07 19:24:15 [INFO ] HpAgent.TerminalPublisher: sse_terminal_published
[WebServer] 2026-10-07 19:24:15 [INFO ] HpAgent.SSE: sse_terminal_snapshot_sent
[WebServer] 2026-10-07 19:24:15 [INFO ] HpAgent.SSE: sse_disconnected
  ✓  14 [chromium] › e2e/ui-3-execution.spec.ts:9:1 › real API: message-bound execution, tab navigation and terminal resource boundary (10.9s)
  ✘  15 [chromium] › e2e/ui-3-execution.spec.ts:52:1 › network fixtures: Work snapshot, missing Trace, approvals and responsive inspector (23.3s)
(node:255657) Warning: The 'NO_COLOR' env is ignored due to the 'FORCE_COLOR' env being set.
(Use `node --trace-warnings ...` to show where the warning was created)
  ✓  16 [chromium] › e2e/ui-3-execution.spec.ts:198:1 › network fixtures: terminal outputs refresh and permission denial discards old model bodies (7.4s)
  ✓  17 [chromium] › e2e/ui-4-workspace.spec.ts:8:1 › directory deep links, direct children, all files, file preview and browser return (8.8s)
  ✓  18 [chromium] › e2e/ui-4-workspace.spec.ts:49:1 › an existing conversation never receives an implicit upload grant (5.9s)
  ✓  19 [chromium] › e2e/ui-4-workspace.spec.ts:61:1 › lost PUT response resumes from ready metadata and does not reupload or resave (6.1s)
  ✓  20 [chromium] › e2e/ui-4-workspace.spec.ts:94:1 › saved upload survives a failed grant, closes, reopens and retries authorization only (6.9s)
  ✓  21 [chromium] › e2e/ui-4-workspace.spec.ts:139:1 › new conversation usage creates once, restores failed authorization and sends no message (6.8s)
  ✓  22 [chromium] › e2e/ui-4-workspace.spec.ts:175:1 › permission drafts, keyboard tabs, impact invalidation and responsive object surfaces (12.7s)
  ✓  23 [chromium] › e2e/ui-4-workspace.spec.ts:250:1 › empty and unavailable objects keep navigation and focus usable (5.9s)
  ✘  24 [chromium] › e2e/ui-5-tasks.spec.ts:25:1 › creates, revises, controls, increases one limit and returns from inspector children (5.1s)
(node:258763) Warning: The 'NO_COLOR' env is ignored due to the 'FORCE_COLOR' env being set.
(Use `node --trace-warnings ...` to show where the warning was created)
  ✓  25 [chromium] › e2e/ui-5-tasks.spec.ts:73:1 › lost create response retries identical intention and does not duplicate a task (6.1s)
  ✓  26 [chromium] › e2e/ui-5-tasks.spec.ts:109:1 › task deep link, unavailable object, focus, responsive screens and inbox modal (11.0s)
[WebServer] 2026-10-07 19:26:14 [INFO ] HpAgent.Account: web_registration_succeeded account_id=01a1161d-2fea-7fec-848d-c23b5a4f6142
  ✘  27 [chromium] › e2e/ui-5-tasks.spec.ts:169:1 › 51st task remains available after serial pagination and a first-page refresh (6.8s)


  1) [chromium] › e2e/manual-repair.spec.ts:91:1 › revises a scheduled work and grants its own directory permissions 

    Test timeout of 60000ms exceeded.

    Error: locator.click: Test timeout of 60000ms exceeded.
    Call log:
      - waiting for locator('.hp-inspector').getByRole('tab', { name: '使用资料' })
        - locator resolved to <button role="tab" tabindex="-1" aria-selected="false" id="task-tab-resources" aria-controls="task-tab-body">使用资料</button>
      - attempting click action
        2 × waiting for element to be visible, enabled and stable
          - element is visible, enabled and stable
          - scrolling into view if needed
          - done scrolling
          - <dialog open="" class="hp-surface " aria-label="修改任务要求">…</dialog> from <section role="tabpanel" id="task-tab-body" aria-labelledby="task-tab-overview">…</section> subtree intercepts pointer events
        - retrying click action
        - waiting 20ms
        2 × waiting for element to be visible, enabled and stable
          - element is visible, enabled and stable
          - scrolling into view if needed
          - done scrolling
          - <dialog open="" class="hp-surface " aria-label="修改任务要求">…</dialog> from <section role="tabpanel" id="task-tab-body" aria-labelledby="task-tab-overview">…</section> subtree intercepts pointer events
        - retrying click action
          - waiting 100ms
        100 × waiting for element to be visible, enabled and stable
            - element is visible, enabled and stable
            - scrolling into view if needed
            - done scrolling
            - <dialog open="" class="hp-surface " aria-label="修改任务要求">…</dialog> from <section role="tabpanel" id="task-tab-body" aria-labelledby="task-tab-overview">…</section> subtree intercepts pointer events
          - retrying click action
            - waiting 500ms


      111 |     page.locator(".hp-inspector").getByText("已修订的提醒要求", { exact: true }),
      112 |   ).toBeVisible();
    > 113 |   await page.locator(".hp-inspector").getByRole("tab", { name: "使用资料" }).click();
          |                                                                          ^
      114 |   await page.getByLabel("选择长期目录或文件").selectOption({ label: "/资料" });
      115 |   await page.getByLabel("包含此目录的所有子目录与文件").check();
      116 |   await page.getByRole("button", { name: "确认授予所选权限", exact: true }).click();
        at /home/hp/workspace/HpAgent_web/web/e2e/manual-repair.spec.ts:113:74

    Error Context: test-results/manual-repair-revises-a-sc-8a37d-s-own-directory-permissions-chromium/error-context.md

    attachment #2: trace (application/zip) ─────────────────────────────────────────────────────────
    test-results/manual-repair-revises-a-sc-8a37d-s-own-directory-permissions-chromium/trace.zip
    Usage:

        npx playwright show-trace test-results/manual-repair-revises-a-sc-8a37d-s-own-directory-permissions-chromium/trace.zip

    ────────────────────────────────────────────────────────────────────────────────────────────────

  2) [chromium] › e2e/ui-3-execution.spec.ts:52:1 › network fixtures: Work snapshot, missing Trace, approvals and responsive inspector 

    Error: expect(locator).toBeVisible() failed

    Locator: locator('.hp-work-panel')
    Expected: visible
    Timeout: 15000ms
    Error: element(s) not found

    Call log:
      - Expect "toBeVisible" with timeout 15000ms
      - waiting for locator('.hp-work-panel')


      188 |   await page.getByRole("button", { name: "查看所属任务", exact: true }).click();
      189 |   await expect(page.locator(".hp-inspector")).toHaveCount(0);
    > 190 |   await expect(page.locator(".hp-work-panel")).toBeVisible();
          |                                                ^
      191 |   await page.goto("/#/tasks?inspect=run:66666666-6666-4666-8666-666666666666");
      192 |   await expect(page.getByRole("alert")).toContainText("对象不可用");
      193 |   await page.screenshot({ path: `${evidence}/run-unavailable-desktop.png`, fullPage: true });
        at /home/hp/workspace/HpAgent_web/web/e2e/ui-3-execution.spec.ts:190:48

    Error Context: test-results/ui-3-execution-network-fix-6635c-ls-and-responsive-inspector-chromium/error-context.md

    attachment #2: trace (application/zip) ─────────────────────────────────────────────────────────
    test-results/ui-3-execution-network-fix-6635c-ls-and-responsive-inspector-chromium/trace.zip
    Usage:

        npx playwright show-trace test-results/ui-3-execution-network-fix-6635c-ls-and-responsive-inspector-chromium/trace.zip

    ────────────────────────────────────────────────────────────────────────────────────────────────

  3) [chromium] › e2e/ui-5-tasks.spec.ts:25:1 › creates, revises, controls, increases one limit and returns from inspector children 

    Error: expect(received).toBe(expected) // Object.is equality

    Expected: "2027-01-01T01:00:00+00:00"
    Received: "2027-01-01T01:00:00.000Z"

      30 |   const title = `UI5-计划-${Date.now()}`;
      31 |   const work = await create(page, title);
    > 32 |   expect(work.requirement.timing.due_at).toBe("2027-01-01T01:00:00+00:00");
         |                                          ^
      33 |   await inspector(page).getByRole("button", { name: "修改要求" }).click();
      34 |   const editor = page.getByRole("dialog", { name: "修改任务要求" });
      35 |   await editor.getByLabel("目标 / 提醒内容").fill("新的提醒目标");
        at /home/hp/workspace/HpAgent_web/web/e2e/ui-5-tasks.spec.ts:32:42

    Error Context: test-results/ui-5-tasks-creates-revises-418df-rns-from-inspector-children-chromium/error-context.md

    attachment #2: trace (application/zip) ─────────────────────────────────────────────────────────
    test-results/ui-5-tasks-creates-revises-418df-rns-from-inspector-children-chromium/trace.zip
    Usage:

        npx playwright show-trace test-results/ui-5-tasks-creates-revises-418df-rns-from-inspector-children-chromium/trace.zip

    ────────────────────────────────────────────────────────────────────────────────────────────────

  4) [chromium] › e2e/ui-5-tasks.spec.ts:169:1 › 51st task remains available after serial pagination and a first-page refresh 

    Error: expect(received).toBe(expected) // Object.is equality

    Expected: 201
    Received: 403

      200 |       },
      201 |     });
    > 202 |     expect(response.status()).toBe(201);
          |                               ^
      203 |     const work = (await response.json()).work;
      204 |     if (i === 0) oldest = work.work_id;
      205 |   }
        at /home/hp/workspace/HpAgent_web/web/e2e/ui-5-tasks.spec.ts:202:31

    Error Context: test-results/ui-5-tasks-51st-task-remai-8e5db-on-and-a-first-page-refresh-chromium/error-context.md

    attachment #2: trace (application/zip) ─────────────────────────────────────────────────────────
    test-results/ui-5-tasks-51st-task-remai-8e5db-on-and-a-first-page-refresh-chromium/trace.zip
    Usage:

        npx playwright show-trace test-results/ui-5-tasks-51st-task-remai-8e5db-on-and-a-first-page-refresh-chromium/trace.zip

    ────────────────────────────────────────────────────────────────────────────────────────────────

  4 failed
    [chromium] › e2e/manual-repair.spec.ts:91:1 › revises a scheduled work and grants its own directory permissions 
    [chromium] › e2e/ui-3-execution.spec.ts:52:1 › network fixtures: Work snapshot, missing Trace, approvals and responsive inspector 
    [chromium] › e2e/ui-5-tasks.spec.ts:25:1 › creates, revises, controls, increases one limit and returns from inspector children 
    [chromium] › e2e/ui-5-tasks.spec.ts:169:1 › 51st task remains available after serial pagination and a first-page refresh 
  23 passed (5.7m)
