
> hpagent-web@0.1.0 test:e2e
> playwright test e2e/ui-5-tasks.spec.ts e2e/manual-repair.spec.ts e2e/ui-3-execution.spec.ts e2e/ui-4-workspace.spec.ts e2e/artifact.spec.ts e2e/auth.spec.ts e2e/multi-tab.spec.ts e2e/a11y.spec.ts

[WebServer] INFO:     Started server process [274931]
[WebServer] INFO:     Waiting for application startup.
[WebServer] INFO:     Application startup complete.
[WebServer] INFO:     Uvicorn running on http://0.0.0.0:8185 (Press CTRL+C to quit)
[WebServer] (node:275259) Warning: The 'NO_COLOR' env is ignored due to the 'FORCE_COLOR' env being set.
[WebServer] (Use `node --trace-warnings ...` to show where the warning was created)

Running 28 tests using 1 worker

(node:275376) Warning: The 'NO_COLOR' env is ignored due to the 'FORCE_COLOR' env being set.
(Use `node --trace-warnings ...` to show where the warning was created)
  ✓   1 [chromium] › e2e/a11y.spec.ts:10:1 › login form exposes a heading and labelled fields (3.6s)
  ✓   2 [chromium] › e2e/a11y.spec.ts:18:1 › workbench exposes headings, labelled controls, and semantic buttons (6.8s)
[WebServer] 2026-10-07 19:32:39 [INFO ] HpAgent.ConversationCommands: run_created
[WebServer] 2026-10-07 19:32:39 [INFO ] HpAgent.WebApi: web_message_accepted
[WebServer] 2026-10-07 19:32:40 [INFO ] HpAgent.SSE: sse_subscribed
[WebServer] 2026-10-07 19:32:44 [INFO ] HpAgent.TerminalPublisher: sse_terminal_published
[WebServer] 2026-10-07 19:32:45 [INFO ] HpAgent.SSE: sse_terminal_snapshot_sent
[WebServer] 2026-10-07 19:32:45 [INFO ] HpAgent.SSE: sse_disconnected
  ✘   3 [chromium] › e2e/artifact.spec.ts:5:1 › builds, interacts with, isolates and restores an Artifact (28.9s)
(node:277173) Warning: The 'NO_COLOR' env is ignored due to the 'FORCE_COLOR' env being set.
(Use `node --trace-warnings ...` to show where the warning was created)
  ✓   4 [chromium] › e2e/auth.spec.ts:8:1 › rejects wrong credentials with the server's safe message (5.0s)
  ✓   5 [chromium] › e2e/auth.spec.ts:20:1 › signs in with valid credentials (6.3s)
  ✓   6 [chromium] › e2e/auth.spec.ts:26:1 › signs out back to the login gate (9.8s)
[WebServer] 2026-10-07 19:33:31 [INFO ] HpAgent.Account: web_registration_succeeded account_id=01a11623-dcb5-7358-8c8e-f3670f12c6c9
  ✓   7 [chromium] › e2e/auth.spec.ts:37:1 › registers, auto-signs in, and can log in again (7.6s)
[WebServer] 2026-10-07 19:33:40 [WARNING] HpAgent.WebApi: workspace_request_rejected
  ✓   8 [chromium] › e2e/manual-repair.spec.ts:5:1 › creates a child in the selected directory and explains duplicate names (6.6s)
  ✓   9 [chromium] › e2e/manual-repair.spec.ts:27:1 › uploads and authorizes the current conversation, and keeps chat drafts across pages (9.4s)
  ✓  10 [chromium] › e2e/manual-repair.spec.ts:59:1 › creates reminder and research directly from independent pages on narrow screens (9.1s)
  ✓  11 [chromium] › e2e/manual-repair.spec.ts:91:1 › revises a scheduled work and grants its own directory permissions (9.7s)
[WebServer] 2026-10-07 19:34:15 [INFO ] HpAgent.ConversationCommands: run_created
[WebServer] 2026-10-07 19:34:15 [INFO ] HpAgent.WebApi: web_message_accepted
[WebServer] 2026-10-07 19:34:15 [INFO ] HpAgent.SSE: sse_subscribed
[WebServer] 2026-10-07 19:34:20 [INFO ] HpAgent.TerminalPublisher: sse_terminal_published
[WebServer] 2026-10-07 19:34:20 [INFO ] HpAgent.SSE: sse_terminal_snapshot_sent
[WebServer] 2026-10-07 19:34:20 [INFO ] HpAgent.SSE: sse_disconnected
[WebServer] 2026-10-07 19:34:27 [INFO ] HpAgent.ConversationCommands: run_created
[WebServer] 2026-10-07 19:34:27 [INFO ] HpAgent.WebApi: web_message_accepted
[WebServer] 2026-10-07 19:34:27 [INFO ] HpAgent.SSE: sse_subscribed
[WebServer] 2026-10-07 19:34:32 [INFO ] HpAgent.TerminalPublisher: sse_terminal_published
[WebServer] 2026-10-07 19:34:32 [INFO ] HpAgent.SSE: sse_terminal_snapshot_sent
[WebServer] 2026-10-07 19:34:32 [INFO ] HpAgent.SSE: sse_disconnected
  ✓  12 [chromium] › e2e/multi-tab.spec.ts:12:1 › accounts are isolated across browser contexts (24.4s)
[WebServer] 2026-10-07 19:34:39 [INFO ] HpAgent.ConversationCommands: run_created
[WebServer] 2026-10-07 19:34:39 [INFO ] HpAgent.WebApi: web_message_accepted
[WebServer] 2026-10-07 19:34:39 [INFO ] HpAgent.SSE: sse_subscribed
[WebServer] 2026-10-07 19:34:44 [INFO ] HpAgent.TerminalPublisher: sse_terminal_published
[WebServer] 2026-10-07 19:34:44 [INFO ] HpAgent.SSE: sse_terminal_snapshot_sent
[WebServer] 2026-10-07 19:34:44 [INFO ] HpAgent.SSE: sse_disconnected
[WebServer] 2026-10-07 19:34:49 [INFO ] HpAgent.ConversationCommands: run_created
[WebServer] 2026-10-07 19:34:49 [INFO ] HpAgent.WebApi: web_message_accepted
[WebServer] 2026-10-07 19:34:49 [INFO ] HpAgent.SSE: sse_subscribed
[WebServer] 2026-10-07 19:34:50 [INFO ] HpAgent.SSE: sse_subscribed
[WebServer] 2026-10-07 19:34:51 [INFO ] HpAgent.SSE: sse_disconnected
[WebServer] 2026-10-07 19:34:51 [INFO ] HpAgent.SSE: sse_disconnected
  ✓  13 [chromium] › e2e/multi-tab.spec.ts:36:1 › a second tab cannot send while a Run is active (409 wins) (17.6s)
[WebServer] 2026-10-07 19:34:54 [INFO ] HpAgent.TerminalPublisher: sse_terminal_published
[WebServer] 2026-10-07 19:34:57 [INFO ] HpAgent.ConversationCommands: run_created
[WebServer] 2026-10-07 19:34:57 [INFO ] HpAgent.WebApi: web_message_accepted
[WebServer] 2026-10-07 19:34:57 [INFO ] HpAgent.SSE: sse_subscribed
[WebServer] 2026-10-07 19:35:02 [INFO ] HpAgent.TerminalPublisher: sse_terminal_published
[WebServer] 2026-10-07 19:35:02 [INFO ] HpAgent.SSE: sse_terminal_snapshot_sent
[WebServer] 2026-10-07 19:35:02 [INFO ] HpAgent.SSE: sse_disconnected
  ✓  14 [chromium] › e2e/ui-3-execution.spec.ts:9:1 › real API: message-bound execution, tab navigation and terminal resource boundary (13.7s)
  ✓  15 [chromium] › e2e/ui-3-execution.spec.ts:52:1 › network fixtures: Work snapshot, missing Trace, approvals and responsive inspector (9.2s)
  ✓  16 [chromium] › e2e/ui-3-execution.spec.ts:198:1 › network fixtures: terminal outputs refresh and permission denial discards old model bodies (8.8s)
  ✓  17 [chromium] › e2e/ui-4-workspace.spec.ts:8:1 › directory deep links, direct children, all files, file preview and browser return (11.6s)
  ✓  18 [chromium] › e2e/ui-4-workspace.spec.ts:49:1 › an existing conversation never receives an implicit upload grant (7.4s)
  ✓  19 [chromium] › e2e/ui-4-workspace.spec.ts:61:1 › lost PUT response resumes from ready metadata and does not reupload or resave (6.8s)
  ✓  20 [chromium] › e2e/ui-4-workspace.spec.ts:94:1 › saved upload survives a failed grant, closes, reopens and retries authorization only (8.7s)
  ✓  21 [chromium] › e2e/ui-4-workspace.spec.ts:139:1 › new conversation usage creates once, restores failed authorization and sends no message (7.9s)
  ✓  22 [chromium] › e2e/ui-4-workspace.spec.ts:175:1 › permission drafts, keyboard tabs, impact invalidation and responsive object surfaces (16.7s)
  ✓  23 [chromium] › e2e/ui-4-workspace.spec.ts:250:1 › empty and unavailable objects keep navigation and focus usable (7.7s)
  ✘  24 [chromium] › e2e/ui-5-tasks.spec.ts:27:1 › creates, revises, controls, increases one limit and returns from inspector children (11.6s)
(node:287001) Warning: The 'NO_COLOR' env is ignored due to the 'FORCE_COLOR' env being set.
(Use `node --trace-warnings ...` to show where the warning was created)
  ✓  25 [chromium] › e2e/ui-5-tasks.spec.ts:72:1 › lost create response retries identical intention and does not duplicate a task (8.7s)
  ✓  26 [chromium] › e2e/ui-5-tasks.spec.ts:108:1 › task deep link, unavailable object, focus, responsive screens and inbox modal (16.4s)
[WebServer] 2026-10-07 19:37:15 [INFO ] HpAgent.Account: web_registration_succeeded account_id=01a11627-462b-7893-943c-edced24d041b
  ✓  27 [chromium] › e2e/ui-5-tasks.spec.ts:168:1 › 51st task remains available after serial pagination and a first-page refresh (42.0s)
  ✓  28 [chromium] › e2e/ui-5-tasks.spec.ts:222:1 › network fixtures: four buckets, pausing decision, failure scope and empty filters (7.8s)


  1) [chromium] › e2e/artifact.spec.ts:5:1 › builds, interacts with, isolates and restores an Artifact 

    Error: expect(locator).toBeVisible() failed

    Locator: getByTitle('Artifact 预览')
    Expected: visible
    Timeout: 15000ms
    Error: element(s) not found

    Call log:
      - Expect "toBeVisible" with timeout 15000ms
      - waiting for getByTitle('Artifact 预览')


      13 |   await expect(panel).toBeVisible();
      14 |   const frame = page.getByTitle("Artifact 预览");
    > 15 |   await expect(frame).toBeVisible({ timeout: 15_000 });
         |                       ^
      16 |   expect(await frame.getAttribute("sandbox")).toBe("allow-scripts");
      17 |   await mkdir("../artifacts/product-acceptance/ui-2/screenshots", { recursive: true });
      18 |   await page.screenshot({
        at /home/hp/workspace/HpAgent_web/web/e2e/artifact.spec.ts:15:23

    Error Context: test-results/artifact-builds-interacts--599d4-es-and-restores-an-Artifact-chromium/error-context.md

    attachment #2: trace (application/zip) ─────────────────────────────────────────────────────────
    test-results/artifact-builds-interacts--599d4-es-and-restores-an-Artifact-chromium/trace.zip
    Usage:

        npx playwright show-trace test-results/artifact-builds-interacts--599d4-es-and-restores-an-Artifact-chromium/trace.zip

    ────────────────────────────────────────────────────────────────────────────────────────────────

  2) [chromium] › e2e/ui-5-tasks.spec.ts:27:1 › creates, revises, controls, increases one limit and returns from inspector children 

    Error: expect(locator).toBeVisible() failed

    Locator: locator('.hp-inspector').getByText('验证保留时间与字段')
    Expected: visible
    Error: strict mode violation: locator('.hp-inspector').getByText('验证保留时间与字段') resolved to 2 elements:
        1) <p>r2 · 验证保留时间与字段</p> aka getByText('r2 · 验证保留时间与字段')
        2) <pre>{↵  "account_id": "01a11618-1975-7c15-bca5-84c1ae…</pre> aka getByText('{ "account_id": "01a11618-')

    Call log:
      - Expect "toBeVisible" with timeout 15000ms
      - waiting for locator('.hp-inspector').getByText('验证保留时间与字段')
        - locator resolved to <pre>{↵  "account_id": "01a11618-1975-7c15-bca5-84c1ae…</pre>
        - unexpected value "hidden"


      68 |   await page.getByRole("button", { name: title, exact: true }).click();
      69 |   await inspector(page).getByRole("tab", { name: "高级详情" }).click();
    > 70 |   await expect(inspector(page).getByText("验证保留时间与字段", { exact: false })).toBeVisible();
         |                                                                          ^
      71 | });
      72 | test("lost create response retries identical intention and does not duplicate a task", async ({
      73 |   page,
        at /home/hp/workspace/HpAgent_web/web/e2e/ui-5-tasks.spec.ts:70:74

    Error Context: test-results/ui-5-tasks-creates-revises-418df-rns-from-inspector-children-chromium/error-context.md

    attachment #2: trace (application/zip) ─────────────────────────────────────────────────────────
    test-results/ui-5-tasks-creates-revises-418df-rns-from-inspector-children-chromium/trace.zip
    Usage:

        npx playwright show-trace test-results/ui-5-tasks-creates-revises-418df-rns-from-inspector-children-chromium/trace.zip

    ────────────────────────────────────────────────────────────────────────────────────────────────

  2 failed
    [chromium] › e2e/artifact.spec.ts:5:1 › builds, interacts with, isolates and restores an Artifact 
    [chromium] › e2e/ui-5-tasks.spec.ts:27:1 › creates, revises, controls, increases one limit and returns from inspector children 
  26 passed (5.8m)
