src/components/tasks/taskActions.ts 149ms (unchanged)
src/components/tasks/TaskActions.tsx 85ms (unchanged)
src/components/tasks/TaskBudgetDialog.tsx 39ms (unchanged)
src/components/tasks/TaskDeliveryDecision.tsx 26ms (unchanged)
src/components/tasks/TaskEditor.tsx 117ms (unchanged)
src/components/tasks/TaskEvents.tsx 34ms (unchanged)
src/components/tasks/taskFixtures.ts 11ms (unchanged)
src/components/tasks/TaskInbox.tsx 53ms (unchanged)
src/components/tasks/TaskInspector.tsx 62ms (unchanged)
src/components/tasks/TaskIntegration.test.tsx 63ms (unchanged)
src/components/tasks/TaskLookup.tsx 21ms
src/components/tasks/taskOperations.test.ts 23ms (unchanged)
src/components/tasks/taskOperations.ts 26ms (unchanged)
src/components/tasks/TaskOutputs.tsx 62ms (unchanged)
src/components/tasks/taskPresentation.test.ts 38ms (unchanged)
src/components/tasks/taskPresentation.ts 46ms (unchanged)
src/components/tasks/taskRequirement.test.ts 14ms (unchanged)
src/components/tasks/taskRequirement.ts 17ms (unchanged)
src/components/tasks/TaskResources.tsx 32ms (unchanged)
src/components/tasks/TaskRow.tsx 12ms (unchanged)
src/components/tasks/TaskScreen.tsx 42ms (unchanged)
src/components/tasks/TaskSidebar.tsx 9ms (unchanged)
src/components/tasks/useTaskController.test.tsx 19ms (unchanged)
src/components/tasks/useTaskController.ts 14ms (unchanged)
src/components/tasks/useTaskQuery.ts 26ms (unchanged)
src/store/shell.ts 76ms (unchanged)
src/components/workspace/workspaceOperations.ts 148ms (unchanged)
e2e/manual-repair.spec.ts 52ms
e2e/ui-5-tasks.spec.ts 107ms
