e2e/ui-7-self-review.spec.ts 431ms (unchanged)
e2e/ui-7-unification.spec.ts 396ms (unchanged)
e2e/ui7-surface-harness.tsx 114ms (unchanged)
playwright.ui7-review.config.ts 15ms (unchanged)
src/adapters/assistant-ui/HpThread.tsx 216ms (unchanged)
src/components/ChatPane.tsx 235ms (unchanged)
src/components/LoginForm.tsx 66ms (unchanged)
src/components/RegistrationQqGate.tsx 6ms (unchanged)
src/components/RunStatus.tsx 50ms (unchanged)
src/components/artifact/ArtifactCreateForm.test.tsx 83ms (unchanged)
src/components/artifact/ArtifactCreateForm.tsx 113ms (unchanged)
src/components/artifact/ArtifactInspector.tsx 177ms (unchanged)
src/components/run/ExecutionBlock.tsx 33ms (unchanged)
src/components/run/RunInspector.tsx 145ms (unchanged)
src/components/run/RunLookup.test.tsx 75ms (unchanged)
src/components/run/RunLookup.tsx 31ms (unchanged)
src/components/run/RunResources.test.tsx 164ms (unchanged)
src/components/run/RunResources.tsx 78ms (unchanged)
src/components/shell/AppShell.tsx 131ms (unchanged)
src/components/shell/Assembly.test.tsx 14ms (unchanged)
src/components/shell/Assembly.tsx 8ms (unchanged)
src/components/shell/InspectorHost.tsx 15ms (unchanged)
src/components/shell/InspectorTabs.tsx 11ms (unchanged)
src/components/shell/Surface.test.tsx 42ms (unchanged)
src/components/shell/Surface.tsx 54ms (unchanged)
src/components/shell/foreground.ts 4ms (unchanged)
src/components/shell/tabOrder.ts 20ms (unchanged)
src/components/shell/useInspectorFlow.test.tsx 11ms (unchanged)
src/components/shell/useInspectorFlow.ts 12ms (unchanged)
src/components/shell/useShellWidth.ts 8ms (unchanged)
src/components/tasks/TaskEditor.tsx 124ms (unchanged)
src/components/tasks/TaskInspector.tsx 109ms (unchanged)
src/components/trace/RunTraceContent.tsx 43ms (unchanged)
src/components/trace/traceStore.test.ts 106ms (unchanged)
src/components/trace/traceStore.ts 70ms (unchanged)
src/components/workspace/FileInspector.tsx 83ms (unchanged)
src/components/workspace/WorkspaceMigration.test.tsx 29ms (unchanged)
src/store/artifacts.test.ts 105ms (unchanged)
src/store/artifacts.ts 163ms (unchanged)
src/store/auth.ts 17ms (unchanged)
src/store/shell.test.ts 34ms (unchanged)
src/store/shell.ts 92ms (unchanged)
src/store/workbench.trace.test.ts 26ms (unchanged)
src/store/workbench.ts 235ms (unchanged)
src/styles.css 50ms (unchanged)
src/styles/artifact.css 57ms (unchanged)
src/styles/base.css 119ms (unchanged)
src/styles/conversation.css 47ms (unchanged)
src/styles/run.css 11ms (unchanged)
src/styles/shell.css 60ms (unchanged)
src/styles/tasks.css 26ms (unchanged)
src/styles/tokens.css 7ms (unchanged)
src/styles/unification.css 81ms (unchanged)
src/styles/workspace.css 48ms (unchanged)
