[WebServer] (node:2510172) Warning: The 'NO_COLOR' env is ignored due to the 'FORCE_COLOR' env being set.
[WebServer] (Use `node --trace-warnings ...` to show where the warning was created)

Running 12 tests using 1 worker

(node:2511059) Warning: The 'NO_COLOR' env is ignored due to the 'FORCE_COLOR' env being set.
(Use `node --trace-warnings ...` to show where the warning was created)
  ✓   1 [chromium] › e2e/ui-7-self-review.spec.ts:191:3 › R1: late Header lookup preserves newer account (12.2s)
  ✘   2 [chromium] › e2e/ui-7-self-review.spec.ts:191:3 › R1: late Header lookup preserves newer resources (1.0m)
(node:2515258) Warning: The 'NO_COLOR' env is ignored due to the 'FORCE_COLOR' env being set.
(Use `node --trace-warnings ...` to show where the warning was created)
  ✓   3 [chromium] › e2e/ui-7-self-review.spec.ts:191:3 › R1: late Header lookup preserves newer sidebar (4.6s)
  ✓   4 [chromium] › e2e/ui-7-self-review.spec.ts:216:1 › R1: late parent lookup preserves a local child operation and its draft (2.4s)
  ✘   5 [chromium] › e2e/ui-7-self-review.spec.ts:234:1 › R2: notification summary is reached by Tab and Shift+Tab and opens with Enter/Space (19.5s)
(node:2516457) Warning: The 'NO_COLOR' env is ignored due to the 'FORCE_COLOR' env being set.
(Use `node --trace-warnings ...` to show where the warning was created)
  ✘   6 [chromium] › e2e/ui-7-self-review.spec.ts:265:1 › R2: native modal includes summary, tabindex, iframe and legend; excludes hidden/disabled controls (2.5s)
(node:2516666) Warning: The 'NO_COLOR' env is ignored due to the 'FORCE_COLOR' env being set.
(Use `node --trace-warnings ...` to show where the warning was created)
  ✘   7 [chromium] › e2e/ui-7-self-review.spec.ts:319:1 › R2: desktop nonmodal permits background Tab navigation and preserves Escape focus return (17.1s)
(node:2517360) Warning: The 'NO_COLOR' env is ignored due to the 'FORCE_COLOR' env being set.
(Use `node --trace-warnings ...` to show where the warning was created)
  ✓   8 [chromium] › e2e/ui-7-self-review.spec.ts:335:3 › R3: terminal Trace GET respects ordinary diagnostics and confirms the final message (4.9s)
  ✘   9 [chromium] › e2e/ui-7-self-review.spec.ts:335:3 › R3: terminal Trace GET respects overview diagnostics and confirms the final message (4.4s)
(node:2517867) Warning: The 'NO_COLOR' env is ignored due to the 'FORCE_COLOR' env being set.
(Use `node --trace-warnings ...` to show where the warning was created)
  ✘  10 [chromium] › e2e/ui-7-self-review.spec.ts:335:3 › R3: terminal Trace GET respects advanced diagnostics and confirms the final message (19.6s)
(node:2518722) Warning: The 'NO_COLOR' env is ignored due to the 'FORCE_COLOR' env being set.
(Use `node --trace-warnings ...` to show where the warning was created)
  ✘  11 [chromium] › e2e/ui-7-self-review.spec.ts:335:3 › R3: terminal Trace GET respects history diagnostics and confirms the final message (19.6s)
(node:2519618) Warning: The 'NO_COLOR' env is ignored due to the 'FORCE_COLOR' env being set.
(Use `node --trace-warnings ...` to show where the warning was created)
  ✘  12 [chromium] › e2e/ui-7-self-review.spec.ts:335:3 › R3: terminal Trace GET respects closed diagnostics and confirms the final message (19.5s)


  1) [chromium] › e2e/ui-7-self-review.spec.ts:191:3 › R1: late Header lookup preserves newer resources 

    Test timeout of 60000ms exceeded.

    Error: locator.click: Test timeout of 60000ms exceeded.
    Call log:
      - waiting for getByRole('button', { name: '对话资料', exact: true })


      200 |       await page.getByRole("button", { name: "账户设置", exact: true }).click();
      201 |     if (foreground === "resources")
    > 202 |       await page.getByRole("button", { name: "对话资料", exact: true }).click();
          |                                                                     ^
      203 |     if (foreground === "sidebar")
      204 |       await page.getByRole("button", { name: "打开侧栏", exact: true }).click();
      205 |     const dialog = page.getByRole("dialog");
        at /home/hp/workspace/HpAgent_web/web/e2e/ui-7-self-review.spec.ts:202:69

    Error Context: test-results/ui-7-self-review-R1-late-H-4bfc9-p-preserves-newer-resources-chromium/error-context.md

    attachment #2: trace (application/zip) ─────────────────────────────────────────────────────────
    test-results/ui-7-self-review-R1-late-H-4bfc9-p-preserves-newer-resources-chromium/trace.zip
    Usage:

        npx playwright show-trace test-results/ui-7-self-review-R1-late-H-4bfc9-p-preserves-newer-resources-chromium/trace.zip

    ────────────────────────────────────────────────────────────────────────────────────────────────

  2) [chromium] › e2e/ui-7-self-review.spec.ts:234:1 › R2: notification summary is reached by Tab and Shift+Tab and opens with Enter/Space 

    Error: expect(locator).toBeFocused() failed

    Locator:  getByRole('button', { name: '关闭账户收件箱' })
    Expected: focused
    Received: inactive
    Timeout:  15000ms

    Call log:
      - Expect "toBeFocused" with timeout 15000ms
      - waiting for getByRole('button', { name: '关闭账户收件箱' })
        34 × locator resolved to <button title="关闭" aria-label="关闭账户收件箱">×</button>
           - unexpected value "inactive"


      256 |   await page.keyboard.press("Tab");
      257 |   await page.keyboard.press("Tab");
    > 258 |   await expect(page.getByRole("button", { name: "关闭账户收件箱" })).toBeFocused();
          |                                                               ^
      259 |   await page.keyboard.press("Shift+Tab");
      260 |   await expect(summary).toBeFocused();
      261 |   await record(page, "R2-notification", { summaryReachable: true, backgroundFocus: false });
        at /home/hp/workspace/HpAgent_web/web/e2e/ui-7-self-review.spec.ts:258:63

    Error Context: test-results/ui-7-self-review-R2-notifi-20844--and-opens-with-Enter-Space-chromium/error-context.md

    attachment #2: trace (application/zip) ─────────────────────────────────────────────────────────
    test-results/ui-7-self-review-R2-notifi-20844--and-opens-with-Enter-Space-chromium/trace.zip
    Usage:

        npx playwright show-trace test-results/ui-7-self-review-R2-notifi-20844--and-opens-with-Enter-Space-chromium/trace.zip

    ────────────────────────────────────────────────────────────────────────────────────────────────

  3) [chromium] › e2e/ui-7-self-review.spec.ts:265:1 › R2: native modal includes summary, tabindex, iframe and legend; excludes hidden/disabled controls 

    Error: expect(received).toBe(expected) // Object.is equality

    Expected: true
    Received: false

      283 |       };
      284 |     });
    > 285 |     expect(focus.inside).toBe(true);
          |                          ^
      286 |     sequence.push(focus.name || "");
      287 |   }
      288 |   for (const name of [
        at /home/hp/workspace/HpAgent_web/web/e2e/ui-7-self-review.spec.ts:285:26

    Error Context: test-results/ui-7-self-review-R2-native-30454-es-hidden-disabled-controls-chromium/error-context.md

    attachment #2: trace (application/zip) ─────────────────────────────────────────────────────────
    test-results/ui-7-self-review-R2-native-30454-es-hidden-disabled-controls-chromium/trace.zip
    Usage:

        npx playwright show-trace test-results/ui-7-self-review-R2-native-30454-es-hidden-disabled-controls-chromium/trace.zip

    ────────────────────────────────────────────────────────────────────────────────────────────────

  4) [chromium] › e2e/ui-7-self-review.spec.ts:319:1 › R2: desktop nonmodal permits background Tab navigation and preserves Escape focus return 

    Error: expect(locator).toBeFocused() failed

    Locator:  getByRole('button', { name: '打开父层' })
    Expected: focused
    Received: inactive
    Timeout:  15000ms

    Call log:
      - Expect "toBeFocused" with timeout 15000ms
      - waiting for getByRole('button', { name: '打开父层' })
        34 × locator resolved to <button>打开父层</button>
           - unexpected value "inactive"


      326 |   await page.keyboard.press("Tab");
      327 |   await page.keyboard.press("Tab");
    > 328 |   await expect(page.getByRole("button", { name: "打开父层" })).toBeFocused();
          |                                                            ^
      329 |   await summary.focus();
      330 |   await page.keyboard.press("Escape");
      331 |   await expect(page.getByRole("complementary")).toHaveCount(0);
        at /home/hp/workspace/HpAgent_web/web/e2e/ui-7-self-review.spec.ts:328:60

    Error Context: test-results/ui-7-self-review-R2-deskto-8f52c-eserves-Escape-focus-return-chromium/error-context.md

    attachment #2: trace (application/zip) ─────────────────────────────────────────────────────────
    test-results/ui-7-self-review-R2-deskto-8f52c-eserves-Escape-focus-return-chromium/trace.zip
    Usage:

        npx playwright show-trace test-results/ui-7-self-review-R2-deskto-8f52c-eserves-Escape-focus-return-chromium/trace.zip

    ────────────────────────────────────────────────────────────────────────────────────────────────

  5) [chromium] › e2e/ui-7-self-review.spec.ts:335:3 › R3: terminal Trace GET respects overview diagnostics and confirms the final message 

    Error: expect(locator).toBeVisible() failed

    Locator: getByText('普通聊天完成回复', { exact: true })
    Expected: visible
    Error: strict mode violation: getByText('普通聊天完成回复', { exact: true }) resolved to 2 elements:
        1) <p>普通聊天完成回复</p> aka getByLabel('对话页面').getByText('普通聊天完成回复')
        2) <p class="hp-run-result">普通聊天完成回复</p> aka getByLabel('概览').getByText('普通聊天完成回复')

    Call log:
      - Expect "toBeVisible" with timeout 15000ms
      - waiting for getByText('普通聊天完成回复', { exact: true })


      350 |     const runReads = f.calls.filter((c) => c.path === "/api/v1/runs/chat-run").length;
      351 |     f.releaseTerminal();
    > 352 |     await expect(page.getByText("普通聊天完成回复", { exact: true })).toBeVisible();
          |                                                               ^
      353 |     await expect
      354 |       .poll(() => f.calls.filter((c) => c.path === "/api/v1/runs/chat-run").length)
      355 |       .toBeGreaterThan(runReads);
        at /home/hp/workspace/HpAgent_web/web/e2e/ui-7-self-review.spec.ts:352:63

    Error Context: test-results/ui-7-self-review-R3-termin-971d0--confirms-the-final-message-chromium/error-context.md

    attachment #2: trace (application/zip) ─────────────────────────────────────────────────────────
    test-results/ui-7-self-review-R3-termin-971d0--confirms-the-final-message-chromium/trace.zip
    Usage:

        npx playwright show-trace test-results/ui-7-self-review-R3-termin-971d0--confirms-the-final-message-chromium/trace.zip

    ────────────────────────────────────────────────────────────────────────────────────────────────

  6) [chromium] › e2e/ui-7-self-review.spec.ts:335:3 › R3: terminal Trace GET respects advanced diagnostics and confirms the final message 

    Error: expect(received).toBe(expected) // Object.is equality

    Expected: 1
    Received: 2

    Call Log:
    - Timeout 15000ms exceeded while waiting on the predicate

      344 |     await expect.poll(() => f.calls.some((c) => c.path.endsWith("/events"))).toBe(true);
      345 |     if (["advanced", "history", "closed"].includes(mode)) {
    > 346 |       await expect.poll(() => f.calls.filter((c) => c.path.endsWith("/trace")).length).toBe(1);
          |                                                                                        ^
      347 |       if (mode === "closed") await page.getByRole("button", { name: "关闭执行详情" }).click();
      348 |     }
      349 |     const before = f.calls.filter((c) => c.path.endsWith("/trace")).length;
        at /home/hp/workspace/HpAgent_web/web/e2e/ui-7-self-review.spec.ts:346:88

    Error Context: test-results/ui-7-self-review-R3-termin-1edbe--confirms-the-final-message-chromium/error-context.md

    attachment #2: trace (application/zip) ─────────────────────────────────────────────────────────
    test-results/ui-7-self-review-R3-termin-1edbe--confirms-the-final-message-chromium/trace.zip
    Usage:

        npx playwright show-trace test-results/ui-7-self-review-R3-termin-1edbe--confirms-the-final-message-chromium/trace.zip

    ────────────────────────────────────────────────────────────────────────────────────────────────

  7) [chromium] › e2e/ui-7-self-review.spec.ts:335:3 › R3: terminal Trace GET respects history diagnostics and confirms the final message 

    Error: expect(received).toBe(expected) // Object.is equality

    Expected: 1
    Received: 3

    Call Log:
    - Timeout 15000ms exceeded while waiting on the predicate

      344 |     await expect.poll(() => f.calls.some((c) => c.path.endsWith("/events"))).toBe(true);
      345 |     if (["advanced", "history", "closed"].includes(mode)) {
    > 346 |       await expect.poll(() => f.calls.filter((c) => c.path.endsWith("/trace")).length).toBe(1);
          |                                                                                        ^
      347 |       if (mode === "closed") await page.getByRole("button", { name: "关闭执行详情" }).click();
      348 |     }
      349 |     const before = f.calls.filter((c) => c.path.endsWith("/trace")).length;
        at /home/hp/workspace/HpAgent_web/web/e2e/ui-7-self-review.spec.ts:346:88

    Error Context: test-results/ui-7-self-review-R3-termin-4bf45--confirms-the-final-message-chromium/error-context.md

    attachment #2: trace (application/zip) ─────────────────────────────────────────────────────────
    test-results/ui-7-self-review-R3-termin-4bf45--confirms-the-final-message-chromium/trace.zip
    Usage:

        npx playwright show-trace test-results/ui-7-self-review-R3-termin-4bf45--confirms-the-final-message-chromium/trace.zip

    ────────────────────────────────────────────────────────────────────────────────────────────────

  8) [chromium] › e2e/ui-7-self-review.spec.ts:335:3 › R3: terminal Trace GET respects closed diagnostics and confirms the final message 

    Error: expect(received).toBe(expected) // Object.is equality

    Expected: 1
    Received: 2

    Call Log:
    - Timeout 15000ms exceeded while waiting on the predicate

      344 |     await expect.poll(() => f.calls.some((c) => c.path.endsWith("/events"))).toBe(true);
      345 |     if (["advanced", "history", "closed"].includes(mode)) {
    > 346 |       await expect.poll(() => f.calls.filter((c) => c.path.endsWith("/trace")).length).toBe(1);
          |                                                                                        ^
      347 |       if (mode === "closed") await page.getByRole("button", { name: "关闭执行详情" }).click();
      348 |     }
      349 |     const before = f.calls.filter((c) => c.path.endsWith("/trace")).length;
        at /home/hp/workspace/HpAgent_web/web/e2e/ui-7-self-review.spec.ts:346:88

    Error Context: test-results/ui-7-self-review-R3-termin-b59e8--confirms-the-final-message-chromium/error-context.md

    attachment #2: trace (application/zip) ─────────────────────────────────────────────────────────
    test-results/ui-7-self-review-R3-termin-b59e8--confirms-the-final-message-chromium/trace.zip
    Usage:

        npx playwright show-trace test-results/ui-7-self-review-R3-termin-b59e8--confirms-the-final-message-chromium/trace.zip

    ────────────────────────────────────────────────────────────────────────────────────────────────

  8 failed
    [chromium] › e2e/ui-7-self-review.spec.ts:191:3 › R1: late Header lookup preserves newer resources 
    [chromium] › e2e/ui-7-self-review.spec.ts:234:1 › R2: notification summary is reached by Tab and Shift+Tab and opens with Enter/Space 
    [chromium] › e2e/ui-7-self-review.spec.ts:265:1 › R2: native modal includes summary, tabindex, iframe and legend; excludes hidden/disabled controls 
    [chromium] › e2e/ui-7-self-review.spec.ts:319:1 › R2: desktop nonmodal permits background Tab navigation and preserves Escape focus return 
    [chromium] › e2e/ui-7-self-review.spec.ts:335:3 › R3: terminal Trace GET respects overview diagnostics and confirms the final message 
    [chromium] › e2e/ui-7-self-review.spec.ts:335:3 › R3: terminal Trace GET respects advanced diagnostics and confirms the final message 
    [chromium] › e2e/ui-7-self-review.spec.ts:335:3 › R3: terminal Trace GET respects history diagnostics and confirms the final message 
    [chromium] › e2e/ui-7-self-review.spec.ts:335:3 › R3: terminal Trace GET respects closed diagnostics and confirms the final message 
  4 passed (3.7m)
