[WebServer] INFO:     Started server process [2598700]
[WebServer] INFO:     Waiting for application startup.
[WebServer] INFO:     Application startup complete.
[WebServer] INFO:     Uvicorn running on http://0.0.0.0:8187 (Press CTRL+C to quit)
[WebServer] (node:2599283) Warning: The 'NO_COLOR' env is ignored due to the 'FORCE_COLOR' env being set.
[WebServer] (Use `node --trace-warnings ...` to show where the warning was created)

Running 74 tests using 1 worker

(node:2599410) Warning: The 'NO_COLOR' env is ignored due to the 'FORCE_COLOR' env being set.
(Use `node --trace-warnings ...` to show where the warning was created)
  ✓   1 [chromium] › e2e/a11y.spec.ts:10:1 › login form exposes a heading and labelled fields (5.5s)
  ✓   2 [chromium] › e2e/a11y.spec.ts:18:1 › workbench exposes headings, labelled controls, and semantic buttons (6.2s)
[WebServer] 2026-10-08 16:05:38 [INFO ] HpAgent.ConversationCommands: run_created
[WebServer] 2026-10-08 16:05:38 [INFO ] HpAgent.WebApi: web_message_accepted
[WebServer] 2026-10-08 16:05:38 [INFO ] HpAgent.SSE: sse_subscribed
[WebServer] 2026-10-08 16:05:43 [INFO ] HpAgent.TerminalPublisher: sse_terminal_published
[WebServer] 2026-10-08 16:05:43 [INFO ] HpAgent.SSE: sse_terminal_snapshot_sent
[WebServer] 2026-10-08 16:05:43 [INFO ] HpAgent.SSE: sse_disconnected
  ✓   3 [chromium] › e2e/artifact.spec.ts:5:1 › builds, interacts with, isolates and restores an Artifact (18.2s)
  ✓   4 [chromium] › e2e/auth.spec.ts:8:1 › rejects wrong credentials with the server's safe message (4.0s)
  ✓   5 [chromium] › e2e/auth.spec.ts:20:1 › signs in with valid credentials (4.2s)
  ✓   6 [chromium] › e2e/auth.spec.ts:26:1 › signs out back to the login gate (7.0s)
[WebServer] 2026-10-08 16:06:10 [INFO ] HpAgent.Account: web_registration_succeeded account_id=01a11a8c-628e-7bec-9867-ea40c27721de
  ✓   7 [chromium] › e2e/auth.spec.ts:37:1 › registers, auto-signs in, and can log in again (5.6s)
[WebServer] 2026-10-08 16:06:17 [INFO ] HpAgent.ConversationCommands: run_created
[WebServer] 2026-10-08 16:06:17 [INFO ] HpAgent.WebApi: web_message_accepted
[WebServer] 2026-10-08 16:06:18 [INFO ] HpAgent.SSE: sse_subscribed
[WebServer] 2026-10-08 16:06:22 [INFO ] HpAgent.TerminalPublisher: sse_terminal_published
[WebServer] 2026-10-08 16:06:22 [INFO ] HpAgent.SSE: sse_terminal_snapshot_sent
[WebServer] 2026-10-08 16:06:22 [INFO ] HpAgent.SSE: sse_disconnected
[WebServer] 2026-10-08 16:06:23 [INFO ] HpAgent.ConversationCommands: run_created
[WebServer] 2026-10-08 16:06:23 [INFO ] HpAgent.WebApi: web_message_accepted
[WebServer] 2026-10-08 16:06:23 [INFO ] HpAgent.SSE: sse_subscribed
[WebServer] 2026-10-08 16:06:28 [INFO ] HpAgent.TerminalPublisher: sse_terminal_published
[WebServer] 2026-10-08 16:06:28 [INFO ] HpAgent.SSE: sse_terminal_snapshot_sent
[WebServer] 2026-10-08 16:06:28 [INFO ] HpAgent.SSE: sse_disconnected
[WebServer] 2026-10-08 16:06:29 [INFO ] HpAgent.ConversationCommands: run_created
[WebServer] 2026-10-08 16:06:29 [INFO ] HpAgent.WebApi: web_message_accepted
[WebServer] 2026-10-08 16:06:29 [INFO ] HpAgent.SSE: sse_subscribed
[WebServer] 2026-10-08 16:06:33 [INFO ] HpAgent.TerminalPublisher: sse_terminal_published
[WebServer] 2026-10-08 16:06:33 [INFO ] HpAgent.SSE: sse_terminal_snapshot_sent
[WebServer] 2026-10-08 16:06:33 [INFO ] HpAgent.SSE: sse_disconnected
  ✓   8 [chromium] › e2e/conversation.spec.ts:8:1 › holds a long conversation and survives a refresh (25.9s)
[WebServer] 2026-10-08 16:06:43 [INFO ] HpAgent.ConversationCommands: run_created
[WebServer] 2026-10-08 16:06:43 [INFO ] HpAgent.WebApi: web_message_accepted
[WebServer] 2026-10-08 16:06:43 [INFO ] HpAgent.SSE: sse_subscribed
[WebServer] 2026-10-08 16:06:44 [INFO ] HpAgent.SSE: sse_disconnected
  ✓   9 [chromium] › e2e/conversation.spec.ts:33:1 › selects and uploads a UTF-8 Markdown file, then attaches it to a message (6.0s)
[WebServer] 2026-10-08 16:06:48 [INFO ] HpAgent.TerminalPublisher: sse_terminal_published
[WebServer] 2026-10-08 16:06:49 [INFO ] HpAgent.ConversationCommands: run_created
[WebServer] 2026-10-08 16:06:49 [INFO ] HpAgent.WebApi: web_message_accepted
[WebServer] 2026-10-08 16:06:54 [INFO ] HpAgent.TerminalPublisher: sse_terminal_published
  ✓  10 [chromium] › e2e/disconnect.spec.ts:11:1 › recovers from a dropped SSE connection by polling (12.3s)
[WebServer] 2026-10-08 16:07:02 [WARNING] HpAgent.WebApi: workspace_request_rejected
  ✓  11 [chromium] › e2e/manual-repair.spec.ts:5:1 › creates a child in the selected directory and explains duplicate names (5.8s)
  ✓  12 [chromium] › e2e/manual-repair.spec.ts:27:1 › uploads and authorizes the current conversation, and keeps chat drafts across pages (8.6s)
  ✓  13 [chromium] › e2e/manual-repair.spec.ts:59:1 › creates reminder and research directly from independent pages on narrow screens (7.3s)
  ✓  14 [chromium] › e2e/manual-repair.spec.ts:91:1 › revises a scheduled work and grants its own directory permissions (8.8s)
[WebServer] 2026-10-08 16:07:33 [INFO ] HpAgent.ConversationCommands: run_created
[WebServer] 2026-10-08 16:07:33 [INFO ] HpAgent.WebApi: web_message_accepted
[WebServer] 2026-10-08 16:07:33 [INFO ] HpAgent.SSE: sse_subscribed
[WebServer] 2026-10-08 16:07:38 [INFO ] HpAgent.TerminalPublisher: sse_terminal_published
[WebServer] 2026-10-08 16:07:38 [INFO ] HpAgent.SSE: sse_terminal_snapshot_sent
[WebServer] 2026-10-08 16:07:38 [INFO ] HpAgent.SSE: sse_disconnected
  ✓  15 [chromium] › e2e/markdown.spec.ts:17:1 › renders Markdown and fenced code in assistant replies (11.9s)
[WebServer] 2026-10-08 16:07:47 [INFO ] HpAgent.ConversationCommands: run_created
[WebServer] 2026-10-08 16:07:47 [INFO ] HpAgent.WebApi: web_message_accepted
[WebServer] 2026-10-08 16:07:47 [INFO ] HpAgent.SSE: sse_subscribed
[WebServer] 2026-10-08 16:07:52 [INFO ] HpAgent.TerminalPublisher: sse_terminal_published
[WebServer] 2026-10-08 16:07:52 [INFO ] HpAgent.SSE: sse_terminal_snapshot_sent
[WebServer] 2026-10-08 16:07:52 [INFO ] HpAgent.SSE: sse_disconnected
[WebServer] 2026-10-08 16:08:01 [INFO ] HpAgent.ConversationCommands: run_created
[WebServer] 2026-10-08 16:08:01 [INFO ] HpAgent.WebApi: web_message_accepted
[WebServer] 2026-10-08 16:08:01 [INFO ] HpAgent.SSE: sse_subscribed
[WebServer] 2026-10-08 16:08:07 [INFO ] HpAgent.TerminalPublisher: sse_terminal_published
[WebServer] 2026-10-08 16:08:07 [INFO ] HpAgent.SSE: sse_terminal_snapshot_sent
[WebServer] 2026-10-08 16:08:07 [INFO ] HpAgent.SSE: sse_disconnected
  ✓  16 [chromium] › e2e/multi-tab.spec.ts:12:1 › accounts are isolated across browser contexts (29.6s)
[WebServer] 2026-10-08 16:08:15 [INFO ] HpAgent.ConversationCommands: run_created
[WebServer] 2026-10-08 16:08:15 [INFO ] HpAgent.WebApi: web_message_accepted
[WebServer] 2026-10-08 16:08:15 [INFO ] HpAgent.SSE: sse_subscribed
[WebServer] 2026-10-08 16:08:20 [INFO ] HpAgent.TerminalPublisher: sse_terminal_published
[WebServer] 2026-10-08 16:08:20 [INFO ] HpAgent.SSE: sse_terminal_snapshot_sent
[WebServer] 2026-10-08 16:08:20 [INFO ] HpAgent.SSE: sse_disconnected
[WebServer] 2026-10-08 16:08:25 [INFO ] HpAgent.ConversationCommands: run_created
[WebServer] 2026-10-08 16:08:25 [INFO ] HpAgent.WebApi: web_message_accepted
[WebServer] 2026-10-08 16:08:25 [INFO ] HpAgent.SSE: sse_subscribed
[WebServer] 2026-10-08 16:08:26 [INFO ] HpAgent.SSE: sse_subscribed
[WebServer] 2026-10-08 16:08:27 [INFO ] HpAgent.SSE: sse_disconnected
[WebServer] 2026-10-08 16:08:27 [INFO ] HpAgent.SSE: sse_disconnected
  ✓  17 [chromium] › e2e/multi-tab.spec.ts:36:1 › a second tab cannot send while a Run is active (409 wins) (18.4s)
[WebServer] 2026-10-08 16:08:30 [INFO ] HpAgent.TerminalPublisher: sse_terminal_published
[WebServer] 2026-10-08 16:08:32 [INFO ] HpAgent.ConversationCommands: run_created
[WebServer] 2026-10-08 16:08:32 [INFO ] HpAgent.WebApi: web_message_accepted
[WebServer] 2026-10-08 16:08:32 [INFO ] HpAgent.SSE: sse_subscribed
[WebServer] 2026-10-08 16:08:37 [INFO ] HpAgent.TerminalPublisher: sse_terminal_published
[WebServer] 2026-10-08 16:08:37 [INFO ] HpAgent.SSE: sse_terminal_snapshot_sent
[WebServer] 2026-10-08 16:08:37 [INFO ] HpAgent.SSE: sse_disconnected
  ✓  18 [chromium] › e2e/stop-retry.spec.ts:11:1 › stops a running Run without offering Retry (10.3s)
  ✓  19 [chromium] › e2e/ui-2-ai.spec.ts:37:1 › lost DELETE responses close the dialog after authoritative empty readback (9.3s)
  ✓  20 [chromium] › e2e/ui-2-ai.spec.ts:56:1 › revoke finishing during history navigation releases only its conversation lock (26.9s)
[WebServer] 2026-10-08 16:09:41 [INFO ] HpAgent.ConversationCommands: run_created
[WebServer] 2026-10-08 16:09:41 [INFO ] HpAgent.WebApi: web_message_accepted
[WebServer] 2026-10-08 16:09:41 [INFO ] HpAgent.SSE: sse_subscribed
[WebServer] 2026-10-08 16:09:46 [INFO ] HpAgent.TerminalPublisher: sse_terminal_published
[WebServer] 2026-10-08 16:09:46 [INFO ] HpAgent.SSE: sse_terminal_snapshot_sent
[WebServer] 2026-10-08 16:09:46 [INFO ] HpAgent.SSE: sse_disconnected
[WebServer] 2026-10-08 16:09:47 [INFO ] HpAgent.ConversationCommands: run_created
[WebServer] 2026-10-08 16:09:47 [INFO ] HpAgent.WebApi: web_message_accepted
[WebServer] 2026-10-08 16:09:47 [INFO ] HpAgent.SSE: sse_subscribed
[WebServer] 2026-10-08 16:09:52 [INFO ] HpAgent.TerminalPublisher: sse_terminal_published
[WebServer] 2026-10-08 16:09:52 [INFO ] HpAgent.SSE: sse_terminal_snapshot_sent
[WebServer] 2026-10-08 16:09:52 [INFO ] HpAgent.SSE: sse_disconnected
  ✓  21 [chromium] › e2e/ui-2-ai.spec.ts:91:1 › B sends through the real API while A's POST is pending (38.6s)
[WebServer] 2026-10-08 16:09:59 [INFO ] HpAgent.ConversationCommands: run_created
[WebServer] 2026-10-08 16:09:59 [INFO ] HpAgent.WebApi: web_message_accepted
[WebServer] 2026-10-08 16:09:59 [INFO ] HpAgent.SSE: sse_subscribed
[WebServer] 2026-10-08 16:10:04 [INFO ] HpAgent.TerminalPublisher: sse_terminal_published
[WebServer] 2026-10-08 16:10:04 [INFO ] HpAgent.SSE: sse_terminal_snapshot_sent
[WebServer] 2026-10-08 16:10:04 [INFO ] HpAgent.SSE: sse_disconnected
[WebServer] 2026-10-08 16:10:05 [INFO ] HpAgent.ConversationCommands: run_created
[WebServer] 2026-10-08 16:10:05 [INFO ] HpAgent.WebApi: web_message_accepted
[WebServer] 2026-10-08 16:10:05 [INFO ] HpAgent.SSE: sse_subscribed
[WebServer] 2026-10-08 16:10:10 [INFO ] HpAgent.TerminalPublisher: sse_terminal_published
[WebServer] 2026-10-08 16:10:10 [INFO ] HpAgent.SSE: sse_terminal_snapshot_sent
[WebServer] 2026-10-08 16:10:10 [INFO ] HpAgent.SSE: sse_disconnected
  ✓  22 [chromium] › e2e/ui-2-ai.spec.ts:124:1 › empty composer creates only on submission, handles IME, and restores per-conversation drafts (20.4s)
[WebServer] 2026-10-08 16:10:19 [INFO ] HpAgent.ConversationCommands: run_created
[WebServer] 2026-10-08 16:10:19 [INFO ] HpAgent.WebApi: web_message_accepted
[WebServer] 2026-10-08 16:10:20 [INFO ] HpAgent.SSE: sse_subscribed
[WebServer] 2026-10-08 16:10:20 [INFO ] HpAgent.WebApi: web_message_accepted
[WebServer] 2026-10-08 16:10:24 [INFO ] HpAgent.TerminalPublisher: sse_terminal_published
[WebServer] 2026-10-08 16:10:24 [INFO ] HpAgent.SSE: sse_terminal_snapshot_sent
[WebServer] 2026-10-08 16:10:24 [INFO ] HpAgent.SSE: sse_disconnected
  ✓  23 [chromium] › e2e/ui-2-ai.spec.ts:174:1 › a lost POST response is confirmed with the original key and does not duplicate messages (12.4s)
  ✓  24 [chromium] › e2e/ui-2-ai.spec.ts:206:1 › creation completed after leaving AI does not send or navigate and keeps the draft (7.3s)
  ✓  25 [chromium] › e2e/ui-2-ai.spec.ts:238:1 › attachment abandonment is confirmed and existing files are not deleted (7.4s)
  ✓  26 [chromium] › e2e/ui-2-ai.spec.ts:255:1 › rename, read-only resources, focus return, and seven viewport layouts (12.4s)
[WebServer] 2026-10-08 16:11:07 [INFO ] HpAgent.ConversationCommands: run_created
[WebServer] 2026-10-08 16:11:07 [INFO ] HpAgent.WebApi: web_message_accepted
[WebServer] 2026-10-08 16:11:07 [INFO ] HpAgent.SSE: sse_subscribed
[WebServer] 2026-10-08 16:11:12 [INFO ] HpAgent.TerminalPublisher: sse_terminal_published
[WebServer] 2026-10-08 16:11:12 [INFO ] HpAgent.SSE: sse_terminal_snapshot_sent
[WebServer] 2026-10-08 16:11:12 [INFO ] HpAgent.SSE: sse_disconnected
  ✓  27 [chromium] › e2e/ui-2-ai.spec.ts:323:1 › history prepend retains the visible anchor and streaming does not pull a reader to the bottom (20.9s)
  ✓  28 [chromium] › e2e/ui-2-ai.spec.ts:393:1 › failed attachment keeps the draft and exposes a removable error; text zoom remains usable (7.4s)
  ✓  29 [chromium] › e2e/ui-2-ai.spec.ts:435:1 › more than thirty conversations paginate and loaded-title filtering remains local (19.2s)
[WebServer] 2026-10-08 16:11:46 [INFO ] HpAgent.ConversationCommands: run_created
[WebServer] 2026-10-08 16:11:46 [INFO ] HpAgent.WebApi: web_message_accepted
[WebServer] 2026-10-08 16:11:46 [INFO ] HpAgent.SSE: sse_subscribed
[WebServer] 2026-10-08 16:11:51 [INFO ] HpAgent.TerminalPublisher: sse_terminal_published
[WebServer] 2026-10-08 16:11:51 [INFO ] HpAgent.SSE: sse_terminal_snapshot_sent
[WebServer] 2026-10-08 16:11:51 [INFO ] HpAgent.SSE: sse_disconnected
  ✓  30 [chromium] › e2e/ui-3-execution.spec.ts:9:1 › real API: message-bound execution, tab navigation and terminal resource boundary (14.2s)
  ✓  31 [chromium] › e2e/ui-3-execution.spec.ts:52:1 › network fixtures: Work snapshot, missing Trace, approvals and responsive inspector (9.5s)
  ✓  32 [chromium] › e2e/ui-3-execution.spec.ts:198:1 › network fixtures: terminal outputs refresh and permission denial discards old model bodies (9.0s)
  ✓  33 [chromium] › e2e/ui-4-workspace.spec.ts:8:1 › directory deep links, direct children, all files, file preview and browser return (11.4s)
  ✓  34 [chromium] › e2e/ui-4-workspace.spec.ts:49:1 › an existing conversation never receives an implicit upload grant (9.3s)
  ✓  35 [chromium] › e2e/ui-4-workspace.spec.ts:61:1 › lost PUT response resumes from ready metadata and does not reupload or resave (7.5s)
  ✓  36 [chromium] › e2e/ui-4-workspace.spec.ts:94:1 › saved upload survives a failed grant, closes, reopens and retries authorization only (9.1s)
  ✓  37 [chromium] › e2e/ui-4-workspace.spec.ts:139:1 › new conversation usage creates once, restores failed authorization and sends no message (8.4s)
  ✓  38 [chromium] › e2e/ui-4-workspace.spec.ts:175:1 › permission drafts, keyboard tabs, impact invalidation and responsive object surfaces (17.8s)
  ✓  39 [chromium] › e2e/ui-4-workspace.spec.ts:250:1 › empty and unavailable objects keep navigation and focus usable (7.7s)
  ✓  40 [chromium] › e2e/ui-5-recovery.spec.ts:12:1 › network fixtures: terminal output invalidation preserves expansion and empty results can refresh (7.2s)
  ✓  41 [chromium] › e2e/ui-5-recovery.spec.ts:73:1 › network fixtures: missing/null continuation deep links stay read-only and recover by refresh (16.4s)
  ✓  42 [chromium] › e2e/ui-5-recovery.spec.ts:124:1 › real API: a failed requirement read and retry preserve the whole draft before revision (9.1s)
  ✓  43 [chromium] › e2e/ui-5-tasks.spec.ts:29:1 › creates, revises, controls, increases one limit and returns from inspector children (10.7s)
  ✓  44 [chromium] › e2e/ui-5-tasks.spec.ts:74:1 › lost create response retries identical intention and does not duplicate a task (7.7s)
  ✓  45 [chromium] › e2e/ui-5-tasks.spec.ts:110:1 › task deep link, unavailable object, focus, responsive screens and inbox modal (14.3s)
[WebServer] 2026-10-08 16:14:34 [INFO ] HpAgent.Account: web_registration_succeeded account_id=01a11a94-14ee-7a0c-8753-4facb0df14e8
  ✓  46 [chromium] › e2e/ui-5-tasks.spec.ts:170:1 › 51st task remains available after serial pagination and a first-page refresh (38.5s)
  ✓  47 [chromium] › e2e/ui-5-tasks.spec.ts:224:1 › network fixtures: four buckets, pausing decision, failure scope and empty filters (14.7s)
[WebServer] 2026-10-08 16:15:29 [INFO ] HpAgent.ConversationCommands: run_created
[WebServer] 2026-10-08 16:15:30 [INFO ] HpAgent.WebApi: web_message_accepted
[WebServer] 2026-10-08 16:15:30 [INFO ] HpAgent.SSE: sse_subscribed
[WebServer] 2026-10-08 16:15:34 [INFO ] HpAgent.TerminalPublisher: sse_terminal_published
[WebServer] 2026-10-08 16:15:34 [INFO ] HpAgent.SSE: sse_terminal_snapshot_sent
[WebServer] 2026-10-08 16:15:34 [INFO ] HpAgent.SSE: sse_disconnected
  ✓  48 [chromium] › e2e/ui-6-artifact.spec.ts:8:1 › real API: lost create/version responses replay keys and history keeps v1 selected (21.9s)
  ✓  49 [chromium] › e2e/ui-6-artifact.spec.ts:77:1 › network fixtures: task original delivery, unavailable versions, layouts and layered focus (23.0s)
[WebServer] 2026-10-08 16:16:14 [INFO ] HpAgent.ConversationCommands: run_created
[WebServer] 2026-10-08 16:16:14 [INFO ] HpAgent.WebApi: web_message_accepted
[WebServer] 2026-10-08 16:16:14 [INFO ] HpAgent.SSE: sse_subscribed
[WebServer] 2026-10-08 16:16:19 [INFO ] HpAgent.TerminalPublisher: sse_terminal_published
[WebServer] 2026-10-08 16:16:19 [INFO ] HpAgent.SSE: sse_terminal_snapshot_sent
[WebServer] 2026-10-08 16:16:19 [INFO ] HpAgent.SSE: sse_disconnected
  ✓  50 [chromium] › e2e/ui-6-artifact.spec.ts:210:1 › real API upload with injected lost PUT and name conflict: source copy recovers without reupload (15.9s)
  ✓  51 [chromium] › e2e/ui-6-artifact.spec.ts:281:1 › network fixtures: loading and query failure recover to the default successful version (6.2s)
[WebServer] 2026-10-08 16:16:37 [INFO ] HpAgent.ConversationCommands: run_created
[WebServer] 2026-10-08 16:16:37 [INFO ] HpAgent.WebApi: web_message_accepted
[WebServer] 2026-10-08 16:16:37 [INFO ] HpAgent.SSE: sse_subscribed
[WebServer] 2026-10-08 16:16:42 [INFO ] HpAgent.TerminalPublisher: sse_terminal_published
[WebServer] 2026-10-08 16:16:42 [INFO ] HpAgent.SSE: sse_terminal_snapshot_sent
[WebServer] 2026-10-08 16:16:42 [INFO ] HpAgent.SSE: sse_disconnected
  ✓  52 [chromium] › e2e/ui-6-self-review.spec.ts:36:1 › network fixtures over real HTML: no-version reopen waits for fresh data and cached preview recovers after query failure (15.3s)
[WebServer] 2026-10-08 16:16:54 [INFO ] HpAgent.ConversationCommands: run_created
[WebServer] 2026-10-08 16:16:54 [INFO ] HpAgent.WebApi: web_message_accepted
[WebServer] 2026-10-08 16:16:54 [INFO ] HpAgent.SSE: sse_subscribed
[WebServer] 2026-10-08 16:16:59 [INFO ] HpAgent.TerminalPublisher: sse_terminal_published
[WebServer] 2026-10-08 16:16:59 [INFO ] HpAgent.SSE: sse_terminal_snapshot_sent
[WebServer] 2026-10-08 16:16:59 [INFO ] HpAgent.SSE: sse_disconnected
  ✓  53 [chromium] › e2e/ui-6-self-review.spec.ts:99:1 › network fixtures over a restored real message: its HTML row converges through interrupted polling without opening details (23.5s)
  ✓  54 [chromium] › e2e/ui-7-self-review.spec.ts:191:3 › R1: late Header lookup preserves newer account (5.5s)
  ✓  55 [chromium] › e2e/ui-7-self-review.spec.ts:191:3 › R1: late Header lookup preserves newer resources (5.3s)
  ✓  56 [chromium] › e2e/ui-7-self-review.spec.ts:191:3 › R1: late Header lookup preserves newer sidebar (5.5s)
  ✓  57 [chromium] › e2e/ui-7-self-review.spec.ts:216:1 › R1: late parent lookup preserves a local child operation and its draft (2.9s)
  ✓  58 [chromium] › e2e/ui-7-self-review.spec.ts:234:1 › R2: notification summary is reached by Tab and Shift+Tab and opens with Enter/Space (5.5s)
  ✓  59 [chromium] › e2e/ui-7-self-review.spec.ts:265:1 › R2: native modal includes summary, tabindex, iframe and legend; excludes hidden/disabled controls (4.2s)
  ✓  60 [chromium] › e2e/ui-7-self-review.spec.ts:333:1 › R2: desktop nonmodal permits background Tab navigation and preserves Escape focus return (2.4s)
  ✓  61 [chromium] › e2e/ui-7-self-review.spec.ts:354:3 › R3: terminal Trace GET respects ordinary diagnostics and confirms the final message (5.2s)
  ✓  62 [chromium] › e2e/ui-7-self-review.spec.ts:354:3 › R3: terminal Trace GET respects overview diagnostics and confirms the final message (5.1s)
  ✓  63 [chromium] › e2e/ui-7-self-review.spec.ts:354:3 › R3: terminal Trace GET respects advanced diagnostics and confirms the final message (5.5s)
  ✓  64 [chromium] › e2e/ui-7-self-review.spec.ts:354:3 › R3: terminal Trace GET respects history diagnostics and confirms the final message (5.7s)
  ✓  65 [chromium] › e2e/ui-7-self-review.spec.ts:354:3 › R3: terminal Trace GET respects closed diagnostics and confirms the final message (7.6s)
  ✓  66 [chromium] › e2e/ui-7-unification.spec.ts:105:1 › seven viewports and boundary resizes keep Artifact iframe, draft and query count (19.6s)
  ✓  67 [chromium] › e2e/ui-7-unification.spec.ts:165:1 › mobile saving suspends the parent; Escape restores draft, iframe and focus (6.3s)
  ✓  68 [chromium] › e2e/ui-7-unification.spec.ts:189:1 › all four Inspectors have keyboard tabs, URL replace, geometry and screenshots (20.0s)
[WebServer] 2026-10-08 16:19:02 [INFO ] HpAgent.ConversationCommands: run_created
[WebServer] 2026-10-08 16:19:02 [INFO ] HpAgent.WebApi: web_message_accepted
[WebServer] 2026-10-08 16:19:03 [INFO ] HpAgent.SSE: sse_subscribed
[WebServer] 2026-10-08 16:19:07 [INFO ] HpAgent.TerminalPublisher: sse_terminal_published
[WebServer] 2026-10-08 16:19:07 [INFO ] HpAgent.SSE: sse_terminal_snapshot_sent
[WebServer] 2026-10-08 16:19:07 [INFO ] HpAgent.SSE: sse_disconnected
  ✓  69 [chromium] › e2e/ui-7-unification.spec.ts:225:1 › formal Header creation keeps instruction and verified Run lookup handles denial (13.7s)
  ✓  70 [chromium] › e2e/ui-7-unification.spec.ts:252:1 › nested Task abandonment and inbox keep the parent; keyboard and color pairs remain usable (7.3s)
[WebServer] 2026-10-08 16:19:27 [INFO ] HpAgent.ConversationCommands: run_created
[WebServer] 2026-10-08 16:19:27 [INFO ] HpAgent.WebApi: web_message_accepted
[WebServer] 2026-10-08 16:19:27 [INFO ] HpAgent.SSE: sse_subscribed
[WebServer] 2026-10-08 16:19:31 [INFO ] HpAgent.SSE: sse_terminal_snapshot_sent
[WebServer] 2026-10-08 16:19:31 [INFO ] HpAgent.SSE: sse_disconnected
[WebServer] 2026-10-08 16:19:31 [INFO ] HpAgent.TerminalPublisher: sse_terminal_published
  ✓  71 [chromium] › e2e/ui-7-unification.spec.ts:351:1 › explicit login assembles once; restore skips it and send/stop keep one fixed control (14.3s)
  ✓  72 [chromium] › e2e/workspace-direct-upload.spec.ts:5:1 › uploads directly to Workspace without creating or authorizing a conversation (7.7s)
[WebServer] 2026-10-08 16:19:47 [INFO ] HpAgent.ConversationCommands: run_created
[WebServer] 2026-10-08 16:19:47 [INFO ] HpAgent.WebApi: web_message_accepted
[WebServer] 2026-10-08 16:19:48 [INFO ] HpAgent.SSE: sse_subscribed
[WebServer] 2026-10-08 16:19:51 [INFO ] HpAgent.SSE: sse_disconnected
  ✓  73 [chromium] › e2e/workspace-p1.spec.ts:5:1 › uploads, saves, moves, and downloads a Workspace entry (11.2s)
[WebServer] 2026-10-08 16:19:52 [INFO ] HpAgent.TerminalPublisher: sse_terminal_published
[WebServer] 2026-10-08 16:19:57 [INFO ] HpAgent.ConversationCommands: run_created
[WebServer] 2026-10-08 16:19:57 [INFO ] HpAgent.WebApi: web_message_accepted
[WebServer] 2026-10-08 16:19:57 [INFO ] HpAgent.SSE: sse_subscribed
[WebServer] 2026-10-08 16:20:01 [INFO ] HpAgent.SSE: sse_disconnected
  ✓  74 [chromium] › e2e/workspace-p3.spec.ts:4:1 › upgrades an entry in place and keeps its version when renamed (10.1s)
[WebServer] 2026-10-08 16:20:02 [INFO ] HpAgent.TerminalPublisher: sse_terminal_published

  74 passed (15.0m)
