e2e/ui-7-self-review.spec.ts 744ms (unchanged)
e2e/ui-7-unification.spec.ts 485ms (unchanged)
e2e/ui7-surface-harness.tsx 54ms (unchanged)
playwright.ui7-review.config.ts 12ms (unchanged)
src/adapters/assistant-ui/HpThread.tsx 253ms (unchanged)
src/components/ChatPane.tsx 232ms (unchanged)
src/components/LoginForm.tsx 86ms (unchanged)
src/components/RegistrationQqGate.tsx 10ms (unchanged)
src/components/RunStatus.tsx 91ms (unchanged)
src/components/artifact/ArtifactCreateForm.test.tsx 51ms (unchanged)
src/components/artifact/ArtifactCreateForm.tsx 58ms (unchanged)
src/components/artifact/ArtifactInspector.tsx 126ms (unchanged)
src/components/run/ExecutionBlock.tsx 38ms (unchanged)
src/components/run/RunInspector.tsx 161ms (unchanged)
src/components/run/RunLookup.test.tsx 65ms
src/components/run/RunLookup.tsx 33ms (unchanged)
src/components/run/RunResources.test.tsx 205ms (unchanged)
src/components/run/RunResources.tsx 113ms (unchanged)
src/components/shell/AppShell.tsx 137ms (unchanged)
src/components/shell/Assembly.test.tsx 24ms (unchanged)
src/components/shell/Assembly.tsx 9ms (unchanged)
src/components/shell/InspectorHost.tsx 34ms (unchanged)
src/components/shell/InspectorTabs.tsx 23ms (unchanged)
src/components/shell/Surface.test.tsx 89ms (unchanged)
src/components/shell/Surface.tsx 88ms (unchanged)
src/components/shell/foreground.ts 6ms (unchanged)
src/components/shell/tabOrder.ts 17ms (unchanged)
src/components/shell/useInspectorFlow.test.tsx 19ms (unchanged)
src/components/shell/useInspectorFlow.ts 10ms (unchanged)
src/components/shell/useShellWidth.ts 8ms (unchanged)
src/components/tasks/TaskEditor.tsx 176ms (unchanged)
src/components/tasks/TaskInspector.tsx 77ms (unchanged)
src/components/trace/RunTraceContent.tsx 93ms (unchanged)
src/components/trace/traceStore.test.ts 220ms (unchanged)
src/components/trace/traceStore.ts 307ms (unchanged)
src/components/workspace/FileInspector.tsx 564ms (unchanged)
src/components/workspace/WorkspaceMigration.test.tsx 93ms (unchanged)
src/store/artifacts.test.ts 175ms (unchanged)
src/store/artifacts.ts 190ms (unchanged)
src/store/auth.ts 25ms (unchanged)
src/store/shell.test.ts 27ms (unchanged)
src/store/shell.ts 108ms (unchanged)
src/store/workbench.trace.test.ts 24ms (unchanged)
src/store/workbench.ts 1406ms (unchanged)
src/styles.css 436ms (unchanged)
src/styles/artifact.css 521ms (unchanged)
src/styles/base.css 1135ms (unchanged)
src/styles/conversation.css 306ms (unchanged)
src/styles/run.css 103ms (unchanged)
src/styles/shell.css 349ms (unchanged)
src/styles/tasks.css 297ms (unchanged)
src/styles/tokens.css 52ms (unchanged)
src/styles/unification.css 611ms (unchanged)
src/styles/workspace.css 307ms (unchanged)
