
> hpagent-web@0.1.0 test
> vitest run --maxWorkers=1 src/UI7SelfReview.repro.test.tsx


 RUN  v4.1.10 /home/hp/workspace/HpAgent_web/web

 ❯ src/UI7SelfReview.repro.test.tsx (3 tests | 3 failed) 568ms
   × R1: late Run lookup must not dismiss an account dialog opened afterwards 154ms
   × R2: Tab from the final button must still reach a trailing native summary 395ms
   × R3: ordinary Chat completion must not fetch Trace before opening diagnostics 12ms

⎯⎯⎯⎯⎯⎯⎯ Failed Tests 3 ⎯⎯⎯⎯⎯⎯⎯

 FAIL  src/UI7SelfReview.repro.test.tsx > R1: late Run lookup must not dismiss an account dialog opened afterwards
AssertionError: expected null to be 'account' // Object.is equality

- Expected:
"account"

+ Received:
null

 ❯ src/UI7SelfReview.repro.test.tsx:41:37
     39|   act(() => useShell.setState({ modal: "account" }));
     40|   await act(async () => finish({ source_kind: "work", run: { run_id: "…
     41|   expect(useShell.getState().modal).toBe("account");
       |                                     ^
     42| });
     43|

⎯⎯⎯⎯⎯⎯⎯⎯⎯⎯⎯⎯⎯⎯⎯⎯⎯⎯⎯⎯⎯⎯⎯⎯[1/3]⎯

 FAIL  src/UI7SelfReview.repro.test.tsx > R2: Tab from the final button must still reach a trailing native summary
AssertionError: expected false to be true // Object.is equality

- Expected
+ Received

- true
+ false

 ❯ src/UI7SelfReview.repro.test.tsx:52:53
     50|   const button = screen.getByRole("button", { name: "刷新收件箱" });
     51|   button.focus();
     52|   expect(fireEvent.keyDown(button, { key: "Tab" })).toBe(true);
       |                                                     ^
     53| });
     54|

⎯⎯⎯⎯⎯⎯⎯⎯⎯⎯⎯⎯⎯⎯⎯⎯⎯⎯⎯⎯⎯⎯⎯⎯[2/3]⎯

 FAIL  src/UI7SelfReview.repro.test.tsx > R3: ordinary Chat completion must not fetch Trace before opening diagnostics
AssertionError: expected "loadTrace" to not be called at all, but actually been called 1 times

Received:

  1st loadTrace call:

    Array []


Number of calls: 1

 ❯ src/UI7SelfReview.repro.test.tsx:72:23
     70|     feed.handlers!.onTerminal!(terminal);
     71|     await Promise.resolve();
     72|     expect(trace).not.toHaveBeenCalled();
       |                       ^
     73|   } finally {
     74|     store.getState().reset();

⎯⎯⎯⎯⎯⎯⎯⎯⎯⎯⎯⎯⎯⎯⎯⎯⎯⎯⎯⎯⎯⎯⎯⎯[3/3]⎯


 Test Files  1 failed (1)
      Tests  3 failed (3)
   Start at  15:14:40
   Duration  5.80s (transform 545ms, setup 381ms, import 1.23s, tests 568ms, environment 3.25s)

