
> hpagent-web@0.1.0 test
> vitest run --maxWorkers=2 src/store/UI6SelfReview.repro.test.ts


 RUN  v4.1.10 /home/hp/workspace/HpAgent_web/web

 ❯ src/store/UI6SelfReview.repro.test.ts (3 tests | 3 failed) 45ms
   × R1: a late running poll cannot overwrite a completed version list 32ms
   × R2: refreshing message summaries accepts the same version's terminal state 5ms
   × R1b: a poll of v2 does not replace the newly completed v1 from a list response 6ms

⎯⎯⎯⎯⎯⎯⎯ Failed Tests 3 ⎯⎯⎯⎯⎯⎯⎯

 FAIL  src/store/UI6SelfReview.repro.test.ts > R1: a late running poll cannot overwrite a completed version list
AssertionError: expected 'running' to be 'completed' // Object.is equality

Expected: "completed"
Received: "running"

 ❯ src/store/UI6SelfReview.repro.test.ts:69:67
     67|     pending.resolve({ version: version("running") });
     68|     await vi.advanceTimersByTimeAsync(0);
     69|     expect(store.getState().versionsByArtifactId.a1?.[0]?.status).toBe…
       |                                                                   ^
     70|   } finally { store.getState().reset(); vi.useRealTimers(); }
     71| });

⎯⎯⎯⎯⎯⎯⎯⎯⎯⎯⎯⎯⎯⎯⎯⎯⎯⎯⎯⎯⎯⎯⎯⎯[1/3]⎯

 FAIL  src/store/UI6SelfReview.repro.test.ts > R2: refreshing message summaries accepts the same version's terminal state
AssertionError: expected 'running' to be 'completed' // Object.is equality

Expected: "completed"
Received: "running"

 ❯ src/store/UI6SelfReview.repro.test.ts:81:83
     79|     await store.getState().loadForMessage("m1", true);
     80|     expect(list).toHaveBeenCalledTimes(2);
     81|     expect(store.getState().artifactsByMessageId.m1?.[0]?.latest_versi…
       |                                                                                   ^
     82|   } finally { store.getState().reset(); }
     83| });

⎯⎯⎯⎯⎯⎯⎯⎯⎯⎯⎯⎯⎯⎯⎯⎯⎯⎯⎯⎯⎯⎯⎯⎯[2/3]⎯

 FAIL  src/store/UI6SelfReview.repro.test.ts > R1b: a poll of v2 does not replace the newly completed v1 from a list response
AssertionError: expected 'running' to be 'completed' // Object.is equality

Expected: "completed"
Received: "running"

 ❯ src/store/UI6SelfReview.repro.test.ts:100:67
     98|     refresh.resolve({ artifact, items: [version("completed"), v2] });
     99|     await loading;
    100|     expect(store.getState().versionsByArtifactId.a1?.[0]?.status).toBe…
       |                                                                   ^
    101|   } finally { store.getState().reset(); vi.useRealTimers(); }
    102| });

⎯⎯⎯⎯⎯⎯⎯⎯⎯⎯⎯⎯⎯⎯⎯⎯⎯⎯⎯⎯⎯⎯⎯⎯[3/3]⎯


 Test Files  1 failed (1)
      Tests  3 failed (3)
   Start at  02:03:41
   Duration  2.90s (transform 464ms, setup 264ms, import 479ms, tests 45ms, environment 1.64s)
