
> hpagent-web@0.1.0 test:e2e
> playwright test e2e/ui-2-ai.spec.ts

[WebServer] INFO:     Started server process [717222]
[WebServer] INFO:     Waiting for application startup.
[WebServer] INFO:     Application startup complete.
[WebServer] INFO:     Uvicorn running on http://0.0.0.0:8185 (Press CTRL+C to quit)
[WebServer] (node:717999) Warning: The 'NO_COLOR' env is ignored due to the 'FORCE_COLOR' env being set.
[WebServer] (Use `node --trace-warnings ...` to show where the warning was created)

Running 11 tests using 1 worker

(node:718171) Warning: The 'NO_COLOR' env is ignored due to the 'FORCE_COLOR' env being set.
(Use `node --trace-warnings ...` to show where the warning was created)
  ✓   1 [chromium] › e2e/ui-2-ai.spec.ts:37:1 › lost DELETE responses close the dialog after authoritative empty readback (17.3s)
  ✓   2 [chromium] › e2e/ui-2-ai.spec.ts:56:1 › revoke finishing during history navigation releases only its conversation lock (11.6s)
[WebServer] 2026-10-07 02:17:41 [INFO ] HpAgent.ConversationCommands: run_created
[WebServer] 2026-10-07 02:17:41 [INFO ] HpAgent.WebApi: web_message_accepted
[WebServer] 2026-10-07 02:17:42 [INFO ] HpAgent.SSE: sse_subscribed
[WebServer] 2026-10-07 02:17:46 [INFO ] HpAgent.TerminalPublisher: sse_terminal_published
[WebServer] 2026-10-07 02:17:46 [INFO ] HpAgent.SSE: sse_terminal_snapshot_sent
[WebServer] 2026-10-07 02:17:46 [INFO ] HpAgent.SSE: sse_disconnected
[WebServer] 2026-10-07 02:17:47 [INFO ] HpAgent.ConversationCommands: run_created
[WebServer] 2026-10-07 02:17:47 [INFO ] HpAgent.WebApi: web_message_accepted
[WebServer] 2026-10-07 02:17:47 [INFO ] HpAgent.SSE: sse_subscribed
[WebServer] 2026-10-07 02:17:52 [INFO ] HpAgent.TerminalPublisher: sse_terminal_published
[WebServer] 2026-10-07 02:17:52 [INFO ] HpAgent.SSE: sse_terminal_snapshot_sent
[WebServer] 2026-10-07 02:17:52 [INFO ] HpAgent.SSE: sse_disconnected
  ✓   3 [chromium] › e2e/ui-2-ai.spec.ts:91:1 › B sends through the real API while A's POST is pending (19.8s)
[WebServer] 2026-10-07 02:17:59 [INFO ] HpAgent.ConversationCommands: run_created
[WebServer] 2026-10-07 02:17:59 [INFO ] HpAgent.WebApi: web_message_accepted
[WebServer] 2026-10-07 02:17:59 [INFO ] HpAgent.SSE: sse_subscribed
[WebServer] 2026-10-07 02:18:04 [INFO ] HpAgent.TerminalPublisher: sse_terminal_published
[WebServer] 2026-10-07 02:18:04 [INFO ] HpAgent.SSE: sse_terminal_snapshot_sent
[WebServer] 2026-10-07 02:18:04 [INFO ] HpAgent.SSE: sse_disconnected
[WebServer] 2026-10-07 02:18:05 [INFO ] HpAgent.ConversationCommands: run_created
[WebServer] 2026-10-07 02:18:05 [INFO ] HpAgent.WebApi: web_message_accepted
[WebServer] 2026-10-07 02:18:06 [INFO ] HpAgent.SSE: sse_subscribed
[WebServer] 2026-10-07 02:18:10 [INFO ] HpAgent.SSE: sse_terminal_snapshot_sent
[WebServer] 2026-10-07 02:18:10 [INFO ] HpAgent.SSE: sse_disconnected
[WebServer] 2026-10-07 02:18:10 [INFO ] HpAgent.TerminalPublisher: sse_terminal_published
  ✓   4 [chromium] › e2e/ui-2-ai.spec.ts:124:1 › empty composer creates only on submission, handles IME, and restores per-conversation drafts (20.7s)
[WebServer] 2026-10-07 02:18:19 [INFO ] HpAgent.ConversationCommands: run_created
[WebServer] 2026-10-07 02:18:19 [INFO ] HpAgent.WebApi: web_message_accepted
[WebServer] 2026-10-07 02:18:20 [INFO ] HpAgent.SSE: sse_subscribed
[WebServer] 2026-10-07 02:18:20 [INFO ] HpAgent.WebApi: web_message_accepted
[WebServer] 2026-10-07 02:18:24 [INFO ] HpAgent.TerminalPublisher: sse_terminal_published
[WebServer] 2026-10-07 02:18:24 [INFO ] HpAgent.SSE: sse_terminal_snapshot_sent
[WebServer] 2026-10-07 02:18:24 [INFO ] HpAgent.SSE: sse_disconnected
  ✓   5 [chromium] › e2e/ui-2-ai.spec.ts:174:1 › a lost POST response is confirmed with the original key and does not duplicate messages (12.0s)
  ✓   6 [chromium] › e2e/ui-2-ai.spec.ts:206:1 › creation completed after leaving AI does not send or navigate and keeps the draft (6.9s)
  ✓   7 [chromium] › e2e/ui-2-ai.spec.ts:238:1 › attachment abandonment is confirmed and existing files are not deleted (6.8s)
  ✓   8 [chromium] › e2e/ui-2-ai.spec.ts:255:1 › rename, read-only resources, focus return, and seven viewport layouts (12.7s)
[WebServer] 2026-10-07 02:19:04 [INFO ] HpAgent.ConversationCommands: run_created
[WebServer] 2026-10-07 02:19:04 [INFO ] HpAgent.WebApi: web_message_accepted
[WebServer] 2026-10-07 02:19:04 [INFO ] HpAgent.SSE: sse_subscribed
[WebServer] 2026-10-07 02:19:09 [INFO ] HpAgent.TerminalPublisher: sse_terminal_published
[WebServer] 2026-10-07 02:19:09 [INFO ] HpAgent.SSE: sse_terminal_snapshot_sent
[WebServer] 2026-10-07 02:19:09 [INFO ] HpAgent.SSE: sse_disconnected
  ✓   9 [chromium] › e2e/ui-2-ai.spec.ts:323:1 › history prepend retains the visible anchor and streaming does not pull a reader to the bottom (18.9s)
  ✓  10 [chromium] › e2e/ui-2-ai.spec.ts:393:1 › failed attachment keeps the draft and exposes a removable error; text zoom remains usable (6.1s)
  ✓  11 [chromium] › e2e/ui-2-ai.spec.ts:435:1 › more than thirty conversations paginate and loaded-title filtering remains local (19.2s)

  11 passed (3.0m)
