
> hpagent-web@0.1.0 test:e2e
> playwright test e2e/ui-2-ai.spec.ts e2e/conversation.spec.ts e2e/multi-tab.spec.ts e2e/auth.spec.ts e2e/workspace-p1.spec.ts e2e/workspace-p3.spec.ts

[WebServer] INFO:     Started server process [728212]
[WebServer] INFO:     Waiting for application startup.
[WebServer] INFO:     Application startup complete.
[WebServer] INFO:     Uvicorn running on http://0.0.0.0:8186 (Press CTRL+C to quit)
[WebServer] (node:729048) Warning: The 'NO_COLOR' env is ignored due to the 'FORCE_COLOR' env being set.
[WebServer] (Use `node --trace-warnings ...` to show where the warning was created)

Running 21 tests using 1 worker

(node:729238) Warning: The 'NO_COLOR' env is ignored due to the 'FORCE_COLOR' env being set.
(Use `node --trace-warnings ...` to show where the warning was created)
  ✓   1 [chromium] › e2e/auth.spec.ts:8:1 › rejects wrong credentials with the server's safe message (21.2s)
  ✓   2 [chromium] › e2e/auth.spec.ts:20:1 › signs in with valid credentials (14.5s)
  ✓   3 [chromium] › e2e/auth.spec.ts:26:1 › signs out back to the login gate (14.1s)
[WebServer] 2026-10-07 02:22:33 [INFO ] HpAgent.Account: web_registration_succeeded account_id=01a11273-fba5-7641-b1a5-97b2e5f07ef6
  ✓   4 [chromium] › e2e/auth.spec.ts:37:1 › registers, auto-signs in, and can log in again (9.3s)
[WebServer] 2026-10-07 02:22:44 [INFO ] HpAgent.ConversationCommands: run_created
[WebServer] 2026-10-07 02:22:44 [INFO ] HpAgent.WebApi: web_message_accepted
[WebServer] 2026-10-07 02:22:45 [INFO ] HpAgent.SSE: sse_subscribed
[WebServer] 2026-10-07 02:22:50 [INFO ] HpAgent.TerminalPublisher: sse_terminal_published
[WebServer] 2026-10-07 02:22:50 [INFO ] HpAgent.SSE: sse_terminal_snapshot_sent
[WebServer] 2026-10-07 02:22:50 [INFO ] HpAgent.SSE: sse_disconnected
[WebServer] 2026-10-07 02:22:51 [INFO ] HpAgent.ConversationCommands: run_created
[WebServer] 2026-10-07 02:22:51 [INFO ] HpAgent.WebApi: web_message_accepted
[WebServer] 2026-10-07 02:22:51 [INFO ] HpAgent.SSE: sse_subscribed
[WebServer] 2026-10-07 02:22:56 [INFO ] HpAgent.TerminalPublisher: sse_terminal_published
[WebServer] 2026-10-07 02:22:56 [INFO ] HpAgent.SSE: sse_terminal_snapshot_sent
[WebServer] 2026-10-07 02:22:56 [INFO ] HpAgent.SSE: sse_disconnected
[WebServer] 2026-10-07 02:22:57 [INFO ] HpAgent.ConversationCommands: run_created
[WebServer] 2026-10-07 02:22:57 [INFO ] HpAgent.WebApi: web_message_accepted
[WebServer] 2026-10-07 02:22:57 [INFO ] HpAgent.SSE: sse_subscribed
[WebServer] 2026-10-07 02:22:57 [INFO ] HpAgent.SSE: sse_disconnected
[WebServer] 2026-10-07 02:23:01 [INFO ] HpAgent.SSE: sse_subscribed
[WebServer] 2026-10-07 02:23:02 [INFO ] HpAgent.TerminalPublisher: sse_terminal_published
[WebServer] 2026-10-07 02:23:02 [INFO ] HpAgent.SSE: sse_terminal_snapshot_sent
[WebServer] 2026-10-07 02:23:02 [INFO ] HpAgent.SSE: sse_disconnected
  ✓   5 [chromium] › e2e/conversation.spec.ts:8:1 › holds a long conversation and survives a refresh (25.3s)
[WebServer] 2026-10-07 02:23:07 [INFO ] HpAgent.ConversationCommands: run_created
[WebServer] 2026-10-07 02:23:07 [INFO ] HpAgent.WebApi: web_message_accepted
[WebServer] 2026-10-07 02:23:08 [INFO ] HpAgent.SSE: sse_subscribed
[WebServer] 2026-10-07 02:23:08 [INFO ] HpAgent.SSE: sse_disconnected
  ✓   6 [chromium] › e2e/conversation.spec.ts:33:1 › selects and uploads a UTF-8 Markdown file, then attaches it to a message (5.6s)
[WebServer] 2026-10-07 02:23:12 [INFO ] HpAgent.TerminalPublisher: sse_terminal_published
[WebServer] 2026-10-07 02:23:16 [INFO ] HpAgent.ConversationCommands: run_created
[WebServer] 2026-10-07 02:23:16 [INFO ] HpAgent.WebApi: web_message_accepted
[WebServer] 2026-10-07 02:23:16 [INFO ] HpAgent.SSE: sse_subscribed
[WebServer] 2026-10-07 02:23:21 [INFO ] HpAgent.TerminalPublisher: sse_terminal_published
[WebServer] 2026-10-07 02:23:21 [INFO ] HpAgent.SSE: sse_terminal_snapshot_sent
[WebServer] 2026-10-07 02:23:21 [INFO ] HpAgent.SSE: sse_disconnected
[WebServer] 2026-10-07 02:23:30 [INFO ] HpAgent.ConversationCommands: run_created
[WebServer] 2026-10-07 02:23:30 [INFO ] HpAgent.WebApi: web_message_accepted
[WebServer] 2026-10-07 02:23:30 [INFO ] HpAgent.SSE: sse_subscribed
[WebServer] 2026-10-07 02:23:35 [INFO ] HpAgent.TerminalPublisher: sse_terminal_published
[WebServer] 2026-10-07 02:23:35 [INFO ] HpAgent.SSE: sse_terminal_snapshot_sent
[WebServer] 2026-10-07 02:23:35 [INFO ] HpAgent.SSE: sse_disconnected
  ✓   7 [chromium] › e2e/multi-tab.spec.ts:12:1 › accounts are isolated across browser contexts (28.3s)
[WebServer] 2026-10-07 02:23:43 [INFO ] HpAgent.ConversationCommands: run_created
[WebServer] 2026-10-07 02:23:43 [INFO ] HpAgent.WebApi: web_message_accepted
[WebServer] 2026-10-07 02:23:44 [INFO ] HpAgent.SSE: sse_subscribed
[WebServer] 2026-10-07 02:23:49 [INFO ] HpAgent.TerminalPublisher: sse_terminal_published
[WebServer] 2026-10-07 02:23:49 [INFO ] HpAgent.SSE: sse_terminal_snapshot_sent
[WebServer] 2026-10-07 02:23:49 [INFO ] HpAgent.SSE: sse_disconnected
[WebServer] 2026-10-07 02:23:56 [INFO ] HpAgent.ConversationCommands: run_created
[WebServer] 2026-10-07 02:23:56 [INFO ] HpAgent.WebApi: web_message_accepted
[WebServer] 2026-10-07 02:23:56 [INFO ] HpAgent.SSE: sse_subscribed
[WebServer] 2026-10-07 02:23:58 [INFO ] HpAgent.SSE: sse_subscribed
[WebServer] 2026-10-07 02:23:59 [INFO ] HpAgent.SSE: sse_disconnected
[WebServer] 2026-10-07 02:23:59 [INFO ] HpAgent.SSE: sse_disconnected
  ✓   8 [chromium] › e2e/multi-tab.spec.ts:34:1 › a second tab cannot send while a Run is active (409 wins) (22.4s)
[WebServer] 2026-10-07 02:24:01 [INFO ] HpAgent.TerminalPublisher: sse_terminal_published
  ✓   9 [chromium] › e2e/ui-2-ai.spec.ts:37:1 › lost DELETE responses close the dialog after authoritative empty readback (9.9s)
  ✓  10 [chromium] › e2e/ui-2-ai.spec.ts:56:1 › revoke finishing during history navigation releases only its conversation lock (13.6s)
[WebServer] 2026-10-07 02:24:31 [INFO ] HpAgent.ConversationCommands: run_created
[WebServer] 2026-10-07 02:24:31 [INFO ] HpAgent.WebApi: web_message_accepted
[WebServer] 2026-10-07 02:24:31 [INFO ] HpAgent.SSE: sse_subscribed
[WebServer] 2026-10-07 02:24:36 [INFO ] HpAgent.TerminalPublisher: sse_terminal_published
[WebServer] 2026-10-07 02:24:36 [INFO ] HpAgent.SSE: sse_terminal_snapshot_sent
[WebServer] 2026-10-07 02:24:36 [INFO ] HpAgent.SSE: sse_disconnected
[WebServer] 2026-10-07 02:24:38 [INFO ] HpAgent.ConversationCommands: run_created
[WebServer] 2026-10-07 02:24:38 [INFO ] HpAgent.WebApi: web_message_accepted
[WebServer] 2026-10-07 02:24:39 [INFO ] HpAgent.SSE: sse_subscribed
[WebServer] 2026-10-07 02:24:43 [INFO ] HpAgent.TerminalPublisher: sse_terminal_published
[WebServer] 2026-10-07 02:24:43 [INFO ] HpAgent.SSE: sse_terminal_snapshot_sent
[WebServer] 2026-10-07 02:24:43 [INFO ] HpAgent.SSE: sse_disconnected
  ✓  11 [chromium] › e2e/ui-2-ai.spec.ts:91:1 › B sends through the real API while A's POST is pending (20.9s)
[WebServer] 2026-10-07 02:24:49 [INFO ] HpAgent.ConversationCommands: run_created
[WebServer] 2026-10-07 02:24:49 [INFO ] HpAgent.WebApi: web_message_accepted
[WebServer] 2026-10-07 02:24:50 [INFO ] HpAgent.SSE: sse_subscribed
[WebServer] 2026-10-07 02:24:54 [INFO ] HpAgent.TerminalPublisher: sse_terminal_published
[WebServer] 2026-10-07 02:24:54 [INFO ] HpAgent.SSE: sse_terminal_snapshot_sent
[WebServer] 2026-10-07 02:24:54 [INFO ] HpAgent.SSE: sse_disconnected
[WebServer] 2026-10-07 02:24:56 [INFO ] HpAgent.ConversationCommands: run_created
[WebServer] 2026-10-07 02:24:56 [INFO ] HpAgent.WebApi: web_message_accepted
[WebServer] 2026-10-07 02:24:56 [INFO ] HpAgent.SSE: sse_subscribed
[WebServer] 2026-10-07 02:25:01 [INFO ] HpAgent.TerminalPublisher: sse_terminal_published
[WebServer] 2026-10-07 02:25:01 [INFO ] HpAgent.SSE: sse_terminal_snapshot_sent
[WebServer] 2026-10-07 02:25:01 [INFO ] HpAgent.SSE: sse_disconnected
  ✓  12 [chromium] › e2e/ui-2-ai.spec.ts:124:1 › empty composer creates only on submission, handles IME, and restores per-conversation drafts (19.2s)
[WebServer] 2026-10-07 02:25:08 [INFO ] HpAgent.ConversationCommands: run_created
[WebServer] 2026-10-07 02:25:08 [INFO ] HpAgent.WebApi: web_message_accepted
[WebServer] 2026-10-07 02:25:08 [INFO ] HpAgent.SSE: sse_subscribed
[WebServer] 2026-10-07 02:25:09 [INFO ] HpAgent.WebApi: web_message_accepted
[WebServer] 2026-10-07 02:25:13 [INFO ] HpAgent.TerminalPublisher: sse_terminal_published
[WebServer] 2026-10-07 02:25:13 [INFO ] HpAgent.SSE: sse_terminal_snapshot_sent
[WebServer] 2026-10-07 02:25:13 [INFO ] HpAgent.SSE: sse_disconnected
  ✓  13 [chromium] › e2e/ui-2-ai.spec.ts:174:1 › a lost POST response is confirmed with the original key and does not duplicate messages (10.8s)
  ✓  14 [chromium] › e2e/ui-2-ai.spec.ts:206:1 › creation completed after leaving AI does not send or navigate and keeps the draft (5.2s)
  ✓  15 [chromium] › e2e/ui-2-ai.spec.ts:238:1 › attachment abandonment is confirmed and existing files are not deleted (6.4s)
  ✓  16 [chromium] › e2e/ui-2-ai.spec.ts:255:1 › rename, read-only resources, focus return, and seven viewport layouts (10.7s)
[WebServer] 2026-10-07 02:25:47 [INFO ] HpAgent.ConversationCommands: run_created
[WebServer] 2026-10-07 02:25:47 [INFO ] HpAgent.WebApi: web_message_accepted
[WebServer] 2026-10-07 02:25:48 [INFO ] HpAgent.SSE: sse_subscribed
[WebServer] 2026-10-07 02:25:52 [INFO ] HpAgent.TerminalPublisher: sse_terminal_published
[WebServer] 2026-10-07 02:25:52 [INFO ] HpAgent.SSE: sse_terminal_snapshot_sent
[WebServer] 2026-10-07 02:25:52 [INFO ] HpAgent.SSE: sse_disconnected
  ✓  17 [chromium] › e2e/ui-2-ai.spec.ts:323:1 › history prepend retains the visible anchor and streaming does not pull a reader to the bottom (18.2s)
  ✓  18 [chromium] › e2e/ui-2-ai.spec.ts:393:1 › failed attachment keeps the draft and exposes a removable error; text zoom remains usable (5.6s)
  ✓  19 [chromium] › e2e/ui-2-ai.spec.ts:435:1 › more than thirty conversations paginate and loaded-title filtering remains local (17.9s)
[WebServer] 2026-10-07 02:26:24 [INFO ] HpAgent.ConversationCommands: run_created
[WebServer] 2026-10-07 02:26:24 [INFO ] HpAgent.WebApi: web_message_accepted
[WebServer] 2026-10-07 02:26:24 [INFO ] HpAgent.SSE: sse_subscribed
[WebServer] 2026-10-07 02:26:26 [INFO ] HpAgent.SSE: sse_disconnected
  ✓  20 [chromium] › e2e/workspace-p1.spec.ts:5:1 › uploads, saves, moves, and downloads a Workspace entry (8.3s)
[WebServer] 2026-10-07 02:26:29 [INFO ] HpAgent.TerminalPublisher: sse_terminal_published
[WebServer] 2026-10-07 02:26:31 [INFO ] HpAgent.ConversationCommands: run_created
[WebServer] 2026-10-07 02:26:31 [INFO ] HpAgent.WebApi: web_message_accepted
[WebServer] 2026-10-07 02:26:31 [INFO ] HpAgent.SSE: sse_subscribed
[WebServer] 2026-10-07 02:26:34 [INFO ] HpAgent.SSE: sse_disconnected
  ✓  21 [chromium] › e2e/workspace-p3.spec.ts:4:1 › upgrades an entry in place and keeps its version when renamed (8.4s)

  21 passed (5.5m)
