
> hpagent-web@0.1.0 test:e2e
> playwright test e2e/ui-2-ai.spec.ts e2e/conversation.spec.ts e2e/multi-tab.spec.ts e2e/auth.spec.ts e2e/workspace-p1.spec.ts e2e/workspace-p3.spec.ts

[WebServer] INFO:     Started server process [695585]
[WebServer] INFO:     Waiting for application startup.
[WebServer] INFO:     Application startup complete.
[WebServer] INFO:     Uvicorn running on http://0.0.0.0:8184 (Press CTRL+C to quit)
[WebServer] (node:696134) Warning: The 'NO_COLOR' env is ignored due to the 'FORCE_COLOR' env being set.
[WebServer] (Use `node --trace-warnings ...` to show where the warning was created)

Running 18 tests using 1 worker

(node:696160) Warning: The 'NO_COLOR' env is ignored due to the 'FORCE_COLOR' env being set.
(Use `node --trace-warnings ...` to show where the warning was created)
  ✓   1 [chromium] › e2e/auth.spec.ts:8:1 › rejects wrong credentials with the server's safe message (4.8s)
  ✓   2 [chromium] › e2e/auth.spec.ts:20:1 › signs in with valid credentials (3.6s)
  ✓   3 [chromium] › e2e/auth.spec.ts:26:1 › signs out back to the login gate (5.9s)
[WebServer] 2026-10-07 02:08:10 [INFO ] HpAgent.Account: web_registration_succeeded account_id=01a11266-d14c-7883-b0f7-84086160a425
  ✓   4 [chromium] › e2e/auth.spec.ts:37:1 › registers, auto-signs in, and can log in again (5.3s)
[WebServer] 2026-10-07 02:08:17 [INFO ] HpAgent.ConversationCommands: run_created
[WebServer] 2026-10-07 02:08:17 [INFO ] HpAgent.WebApi: web_message_accepted
[WebServer] 2026-10-07 02:08:17 [INFO ] HpAgent.SSE: sse_subscribed
[WebServer] 2026-10-07 02:08:22 [INFO ] HpAgent.TerminalPublisher: sse_terminal_published
[WebServer] 2026-10-07 02:08:22 [INFO ] HpAgent.SSE: sse_terminal_snapshot_sent
[WebServer] 2026-10-07 02:08:22 [INFO ] HpAgent.SSE: sse_disconnected
[WebServer] 2026-10-07 02:08:22 [INFO ] HpAgent.ConversationCommands: run_created
[WebServer] 2026-10-07 02:08:22 [INFO ] HpAgent.WebApi: web_message_accepted
[WebServer] 2026-10-07 02:08:22 [INFO ] HpAgent.SSE: sse_subscribed
[WebServer] 2026-10-07 02:08:27 [INFO ] HpAgent.TerminalPublisher: sse_terminal_published
[WebServer] 2026-10-07 02:08:27 [INFO ] HpAgent.SSE: sse_terminal_snapshot_sent
[WebServer] 2026-10-07 02:08:27 [INFO ] HpAgent.SSE: sse_disconnected
[WebServer] 2026-10-07 02:08:28 [INFO ] HpAgent.ConversationCommands: run_created
[WebServer] 2026-10-07 02:08:28 [INFO ] HpAgent.WebApi: web_message_accepted
[WebServer] 2026-10-07 02:08:28 [INFO ] HpAgent.SSE: sse_subscribed
[WebServer] 2026-10-07 02:08:33 [INFO ] HpAgent.TerminalPublisher: sse_terminal_published
[WebServer] 2026-10-07 02:08:33 [INFO ] HpAgent.SSE: sse_terminal_snapshot_sent
[WebServer] 2026-10-07 02:08:33 [INFO ] HpAgent.SSE: sse_disconnected
  ✓   5 [chromium] › e2e/conversation.spec.ts:8:1 › holds a long conversation and survives a refresh (23.7s)
[WebServer] 2026-10-07 02:08:41 [INFO ] HpAgent.ConversationCommands: run_created
[WebServer] 2026-10-07 02:08:41 [INFO ] HpAgent.WebApi: web_message_accepted
[WebServer] 2026-10-07 02:08:41 [INFO ] HpAgent.SSE: sse_subscribed
[WebServer] 2026-10-07 02:08:41 [INFO ] HpAgent.SSE: sse_disconnected
  ✓   6 [chromium] › e2e/conversation.spec.ts:33:1 › selects and uploads a UTF-8 Markdown file, then attaches it to a message (5.1s)
[WebServer] 2026-10-07 02:08:45 [INFO ] HpAgent.ConversationCommands: run_created
[WebServer] 2026-10-07 02:08:45 [INFO ] HpAgent.WebApi: web_message_accepted
[WebServer] 2026-10-07 02:08:45 [INFO ] HpAgent.SSE: sse_subscribed
[WebServer] 2026-10-07 02:08:46 [INFO ] HpAgent.TerminalPublisher: sse_terminal_published
[WebServer] 2026-10-07 02:08:50 [INFO ] HpAgent.TerminalPublisher: sse_terminal_published
[WebServer] 2026-10-07 02:08:50 [INFO ] HpAgent.SSE: sse_terminal_snapshot_sent
[WebServer] 2026-10-07 02:08:50 [INFO ] HpAgent.SSE: sse_disconnected
[WebServer] 2026-10-07 02:08:55 [INFO ] HpAgent.ConversationCommands: run_created
[WebServer] 2026-10-07 02:08:55 [INFO ] HpAgent.WebApi: web_message_accepted
[WebServer] 2026-10-07 02:08:55 [INFO ] HpAgent.SSE: sse_subscribed
[WebServer] 2026-10-07 02:09:00 [INFO ] HpAgent.TerminalPublisher: sse_terminal_published
[WebServer] 2026-10-07 02:09:00 [INFO ] HpAgent.SSE: sse_terminal_snapshot_sent
[WebServer] 2026-10-07 02:09:00 [INFO ] HpAgent.SSE: sse_disconnected
  ✓   7 [chromium] › e2e/multi-tab.spec.ts:12:1 › accounts are isolated across browser contexts (19.6s)
[WebServer] 2026-10-07 02:09:05 [INFO ] HpAgent.ConversationCommands: run_created
[WebServer] 2026-10-07 02:09:05 [INFO ] HpAgent.WebApi: web_message_accepted
[WebServer] 2026-10-07 02:09:05 [INFO ] HpAgent.SSE: sse_subscribed
[WebServer] 2026-10-07 02:09:10 [INFO ] HpAgent.TerminalPublisher: sse_terminal_published
[WebServer] 2026-10-07 02:09:10 [INFO ] HpAgent.SSE: sse_terminal_snapshot_sent
[WebServer] 2026-10-07 02:09:10 [INFO ] HpAgent.SSE: sse_disconnected
[WebServer] 2026-10-07 02:09:13 [INFO ] HpAgent.ConversationCommands: run_created
[WebServer] 2026-10-07 02:09:13 [INFO ] HpAgent.WebApi: web_message_accepted
[WebServer] 2026-10-07 02:09:13 [INFO ] HpAgent.SSE: sse_subscribed
[WebServer] 2026-10-07 02:09:14 [INFO ] HpAgent.SSE: sse_subscribed
[WebServer] 2026-10-07 02:09:15 [INFO ] HpAgent.SSE: sse_disconnected
[WebServer] 2026-10-07 02:09:15 [INFO ] HpAgent.SSE: sse_disconnected
  ✓   8 [chromium] › e2e/multi-tab.spec.ts:34:1 › a second tab cannot send while a Run is active (409 wins) (13.8s)
[WebServer] 2026-10-07 02:09:18 [INFO ] HpAgent.TerminalPublisher: sse_terminal_published
[WebServer] 2026-10-07 02:09:19 [INFO ] HpAgent.ConversationCommands: run_created
[WebServer] 2026-10-07 02:09:19 [INFO ] HpAgent.WebApi: web_message_accepted
[WebServer] 2026-10-07 02:09:19 [INFO ] HpAgent.SSE: sse_subscribed
[WebServer] 2026-10-07 02:09:24 [INFO ] HpAgent.TerminalPublisher: sse_terminal_published
[WebServer] 2026-10-07 02:09:24 [INFO ] HpAgent.SSE: sse_terminal_snapshot_sent
[WebServer] 2026-10-07 02:09:24 [INFO ] HpAgent.SSE: sse_disconnected
[WebServer] 2026-10-07 02:09:25 [INFO ] HpAgent.ConversationCommands: run_created
[WebServer] 2026-10-07 02:09:25 [INFO ] HpAgent.WebApi: web_message_accepted
[WebServer] 2026-10-07 02:09:25 [INFO ] HpAgent.SSE: sse_subscribed
[WebServer] 2026-10-07 02:09:30 [INFO ] HpAgent.TerminalPublisher: sse_terminal_published
[WebServer] 2026-10-07 02:09:30 [INFO ] HpAgent.SSE: sse_terminal_snapshot_sent
[WebServer] 2026-10-07 02:09:30 [INFO ] HpAgent.SSE: sse_disconnected
  ✓   9 [chromium] › e2e/ui-2-ai.spec.ts:6:1 › empty composer creates only on submission, handles IME, and restores per-conversation drafts (16.2s)
[WebServer] 2026-10-07 02:09:37 [INFO ] HpAgent.ConversationCommands: run_created
[WebServer] 2026-10-07 02:09:37 [INFO ] HpAgent.WebApi: web_message_accepted
[WebServer] 2026-10-07 02:09:38 [INFO ] HpAgent.SSE: sse_subscribed
[WebServer] 2026-10-07 02:09:38 [INFO ] HpAgent.WebApi: web_message_accepted
[WebServer] 2026-10-07 02:09:42 [INFO ] HpAgent.TerminalPublisher: sse_terminal_published
[WebServer] 2026-10-07 02:09:42 [INFO ] HpAgent.SSE: sse_terminal_snapshot_sent
[WebServer] 2026-10-07 02:09:42 [INFO ] HpAgent.SSE: sse_disconnected
  ✓  10 [chromium] › e2e/ui-2-ai.spec.ts:56:1 › a lost POST response is confirmed with the original key and does not duplicate messages (11.6s)
  ✓  11 [chromium] › e2e/ui-2-ai.spec.ts:88:1 › creation completed after leaving AI does not send or navigate and keeps the draft (7.6s)
  ✓  12 [chromium] › e2e/ui-2-ai.spec.ts:120:1 › attachment abandonment is confirmed and existing files are not deleted (7.3s)
  ✓  13 [chromium] › e2e/ui-2-ai.spec.ts:137:1 › rename, read-only resources, focus return, and seven viewport layouts (12.3s)
[WebServer] 2026-10-07 02:10:24 [INFO ] HpAgent.ConversationCommands: run_created
[WebServer] 2026-10-07 02:10:24 [INFO ] HpAgent.WebApi: web_message_accepted
[WebServer] 2026-10-07 02:10:25 [INFO ] HpAgent.SSE: sse_subscribed
[WebServer] 2026-10-07 02:10:29 [INFO ] HpAgent.TerminalPublisher: sse_terminal_published
[WebServer] 2026-10-07 02:10:29 [INFO ] HpAgent.SSE: sse_terminal_snapshot_sent
[WebServer] 2026-10-07 02:10:29 [INFO ] HpAgent.SSE: sse_disconnected
  ✓  14 [chromium] › e2e/ui-2-ai.spec.ts:205:1 › history prepend retains the visible anchor and streaming does not pull a reader to the bottom (21.0s)
  ✓  15 [chromium] › e2e/ui-2-ai.spec.ts:275:1 › failed attachment keeps the draft and exposes a removable error; text zoom remains usable (7.5s)
  ✓  16 [chromium] › e2e/ui-2-ai.spec.ts:317:1 › more than thirty conversations paginate and loaded-title filtering remains local (20.1s)
[WebServer] 2026-10-07 02:11:07 [INFO ] HpAgent.ConversationCommands: run_created
[WebServer] 2026-10-07 02:11:07 [INFO ] HpAgent.WebApi: web_message_accepted
[WebServer] 2026-10-07 02:11:07 [INFO ] HpAgent.SSE: sse_subscribed
[WebServer] 2026-10-07 02:11:10 [INFO ] HpAgent.SSE: sse_disconnected
  ✓  17 [chromium] › e2e/workspace-p1.spec.ts:5:1 › uploads, saves, moves, and downloads a Workspace entry (10.9s)
[WebServer] 2026-10-07 02:11:12 [INFO ] HpAgent.TerminalPublisher: sse_terminal_published
[WebServer] 2026-10-07 02:11:16 [INFO ] HpAgent.ConversationCommands: run_created
[WebServer] 2026-10-07 02:11:16 [INFO ] HpAgent.WebApi: web_message_accepted
[WebServer] 2026-10-07 02:11:16 [INFO ] HpAgent.SSE: sse_subscribed
[WebServer] 2026-10-07 02:11:19 [INFO ] HpAgent.SSE: sse_disconnected
  ✓  18 [chromium] › e2e/workspace-p3.spec.ts:4:1 › upgrades an entry in place and keeps its version when renamed (9.0s)

  18 passed (3.7m)
