
> hpagent-web@0.1.0 test:e2e
> playwright test e2e/ui-3-execution.spec.ts

[WebServer] INFO:     Started server process [45790]
[WebServer] INFO:     Waiting for application startup.
[WebServer] INFO:     Application startup complete.
[WebServer] INFO:     Uvicorn running on http://0.0.0.0:8183 (Press CTRL+C to quit)
[WebServer] (node:46418) Warning: The 'NO_COLOR' env is ignored due to the 'FORCE_COLOR' env being set.
[WebServer] (Use `node --trace-warnings ...` to show where the warning was created)

Running 3 tests using 1 worker

(node:46625) Warning: The 'NO_COLOR' env is ignored due to the 'FORCE_COLOR' env being set.
(Use `node --trace-warnings ...` to show where the warning was created)
[WebServer] 2026-10-07 13:13:22 [INFO ] HpAgent.ConversationCommands: run_created
[WebServer] 2026-10-07 13:13:23 [INFO ] HpAgent.WebApi: web_message_accepted
[WebServer] 2026-10-07 13:13:23 [INFO ] HpAgent.SSE: sse_subscribed
[WebServer] 2026-10-07 13:13:30 [INFO ] HpAgent.SSE: sse_terminal_snapshot_sent
[WebServer] 2026-10-07 13:13:30 [INFO ] HpAgent.SSE: sse_disconnected
[WebServer] 2026-10-07 13:13:31 [INFO ] HpAgent.TerminalPublisher: sse_terminal_published
  ✓  1 [chromium] › e2e/ui-3-execution.spec.ts:9:1 › real API: message-bound execution, tab navigation and terminal resource boundary (38.1s)
  ✓  2 [chromium] › e2e/ui-3-execution.spec.ts:52:1 › network fixtures: Work snapshot, missing Trace, approvals and responsive inspector (28.0s)
  ✓  3 [chromium] › e2e/ui-3-execution.spec.ts:198:1 › network fixtures: terminal outputs refresh and permission denial discards old model bodies (17.8s)

  3 passed (1.9m)

EXIT_CODE=0
