[WebServer] INFO:     Started server process [2262136]
[WebServer] INFO:     Waiting for application startup.
[WebServer] INFO:     Application startup complete.
[WebServer] INFO:     Uvicorn running on http://0.0.0.0:8187 (Press CTRL+C to quit)
[WebServer] (node:2262603) Warning: The 'NO_COLOR' env is ignored due to the 'FORCE_COLOR' env being set.
[WebServer] (Use `node --trace-warnings ...` to show where the warning was created)

Running 6 tests using 1 worker

(node:2262654) Warning: The 'NO_COLOR' env is ignored due to the 'FORCE_COLOR' env being set.
(Use `node --trace-warnings ...` to show where the warning was created)
  ✓  1 [chromium] › e2e/ui-7-unification.spec.ts:105:1 › seven viewports and boundary resizes keep Artifact iframe, draft and query count (14.2s)
  ✓  2 [chromium] › e2e/ui-7-unification.spec.ts:165:1 › mobile saving suspends the parent; Escape restores draft, iframe and focus (5.6s)
  ✓  3 [chromium] › e2e/ui-7-unification.spec.ts:189:1 › all four Inspectors have keyboard tabs, URL replace, geometry and screenshots (17.0s)
[WebServer] 2026-10-08 13:54:58 [INFO ] HpAgent.ConversationCommands: run_created
[WebServer] 2026-10-08 13:54:58 [INFO ] HpAgent.WebApi: web_message_accepted
[WebServer] 2026-10-08 13:54:58 [INFO ] HpAgent.SSE: sse_subscribed
[WebServer] 2026-10-08 13:55:03 [INFO ] HpAgent.TerminalPublisher: sse_terminal_published
[WebServer] 2026-10-08 13:55:03 [INFO ] HpAgent.SSE: sse_terminal_snapshot_sent
[WebServer] 2026-10-08 13:55:03 [INFO ] HpAgent.SSE: sse_disconnected
  ✓  4 [chromium] › e2e/ui-7-unification.spec.ts:225:1 › formal Header creation keeps instruction and verified Run lookup handles denial (14.0s)
  ✓  5 [chromium] › e2e/ui-7-unification.spec.ts:252:1 › nested Task abandonment and inbox keep the parent; keyboard and color pairs remain usable (6.9s)
[WebServer] 2026-10-08 13:55:22 [INFO ] HpAgent.ConversationCommands: run_created
[WebServer] 2026-10-08 13:55:22 [INFO ] HpAgent.WebApi: web_message_accepted
[WebServer] 2026-10-08 13:55:22 [INFO ] HpAgent.SSE: sse_subscribed
[WebServer] 2026-10-08 13:55:26 [INFO ] HpAgent.TerminalPublisher: sse_terminal_published
[WebServer] 2026-10-08 13:55:26 [INFO ] HpAgent.SSE: sse_terminal_snapshot_sent
[WebServer] 2026-10-08 13:55:26 [INFO ] HpAgent.SSE: sse_disconnected
  ✓  6 [chromium] › e2e/ui-7-unification.spec.ts:351:1 › explicit login assembles once; restore skips it and send/stop keep one fixed control (13.4s)

  6 passed (1.4m)
