
> hpagent-web@0.1.0 test:e2e
> playwright test e2e/ui-7-unification.spec.ts

[WebServer] INFO:     Started server process [2179558]
[WebServer] INFO:     Waiting for application startup.
[WebServer] INFO:     Application startup complete.
[WebServer] INFO:     Uvicorn running on http://0.0.0.0:8187 (Press CTRL+C to quit)
[WebServer] (node:2179972) Warning: The 'NO_COLOR' env is ignored due to the 'FORCE_COLOR' env being set.
[WebServer] (Use `node --trace-warnings ...` to show where the warning was created)

Running 5 tests using 1 worker

(node:2180087) Warning: The 'NO_COLOR' env is ignored due to the 'FORCE_COLOR' env being set.
(Use `node --trace-warnings ...` to show where the warning was created)
  ✓  1 [chromium] › e2e/ui-7-unification.spec.ts:105:1 › seven viewports and boundary resizes keep Artifact iframe, draft and query count (14.0s)
  ✓  2 [chromium] › e2e/ui-7-unification.spec.ts:165:1 › mobile saving suspends the parent; Escape restores draft, iframe and focus (6.5s)
  ✓  3 [chromium] › e2e/ui-7-unification.spec.ts:189:1 › all four Inspectors have keyboard tabs, URL replace, geometry and screenshots (21.1s)
[WebServer] 2026-10-08 13:20:43 [INFO ] HpAgent.ConversationCommands: run_created
[WebServer] 2026-10-08 13:20:43 [INFO ] HpAgent.WebApi: web_message_accepted
[WebServer] 2026-10-08 13:20:43 [INFO ] HpAgent.SSE: sse_subscribed
[WebServer] 2026-10-08 13:20:48 [INFO ] HpAgent.TerminalPublisher: sse_terminal_published
[WebServer] 2026-10-08 13:20:48 [INFO ] HpAgent.SSE: sse_terminal_snapshot_sent
[WebServer] 2026-10-08 13:20:48 [INFO ] HpAgent.SSE: sse_disconnected
  ✓  4 [chromium] › e2e/ui-7-unification.spec.ts:225:1 › formal Header creation keeps instruction and verified Run lookup handles denial (14.5s)
  ✘  5 [chromium] › e2e/ui-7-unification.spec.ts:252:1 › nested Task abandonment and inbox keep the parent; keyboard and color pairs remain usable (2.0m)


  1) [chromium] › e2e/ui-7-unification.spec.ts:252:1 › nested Task abandonment and inbox keep the parent; keyboard and color pairs remain usable 

    Test timeout of 120000ms exceeded.

    Error: locator.fill: Test timeout of 120000ms exceeded.
    Call log:
      - waiting for getByLabel('目标 / 提醒内容', { exact: true })


      271 |   );
      272 |   await page.getByRole("button", { name: "修改要求", exact: true }).click();
    > 273 |   await page.getByLabel("目标 / 提醒内容", { exact: true }).fill("保留键盘草稿");
          |                                                       ^
      274 |   await page.keyboard.press("Escape");
      275 |   await expect(page.getByRole("dialog", { name: "放弃未提交的任务草稿？" })).toBeVisible();
      276 |   await expect(page.getByRole("dialog")).toHaveCount(1);
        at /home/hp/workspace/HpAgent_web/web/e2e/ui-7-unification.spec.ts:273:55

    Error Context: test-results/ui-7-unification-nested-Ta-a3e11-d-color-pairs-remain-usable-chromium/error-context.md

    attachment #2: trace (application/zip) ─────────────────────────────────────────────────────────
    test-results/ui-7-unification-nested-Ta-a3e11-d-color-pairs-remain-usable-chromium/trace.zip
    Usage:

        npx playwright show-trace test-results/ui-7-unification-nested-Ta-a3e11-d-color-pairs-remain-usable-chromium/trace.zip

    ────────────────────────────────────────────────────────────────────────────────────────────────

  1 failed
    [chromium] › e2e/ui-7-unification.spec.ts:252:1 › nested Task abandonment and inbox keep the parent; keyboard and color pairs remain usable 
  4 passed (3.1m)
