
> hpagent-web@0.1.0 test:e2e
> playwright test e2e/ui-7-unification.spec.ts e2e/auth.spec.ts e2e/a11y.spec.ts e2e/multi-tab.spec.ts e2e/disconnect.spec.ts e2e/stop-retry.spec.ts e2e/ui-2-ai.spec.ts e2e/ui-3-execution.spec.ts e2e/ui-4-workspace.spec.ts e2e/ui-5-tasks.spec.ts e2e/ui-5-recovery.spec.ts e2e/artifact.spec.ts e2e/ui-6-artifact.spec.ts e2e/ui-6-self-review.spec.ts e2e/conversation.spec.ts e2e/markdown.spec.ts e2e/manual-repair.spec.ts e2e/workspace-direct-upload.spec.ts e2e/workspace-p1.spec.ts e2e/workspace-p3.spec.ts

[WebServer] INFO:     Started server process [2134568]
[WebServer] INFO:     Waiting for application startup.
[WebServer] INFO:     Application startup complete.
[WebServer] INFO:     Uvicorn running on http://0.0.0.0:8187 (Press CTRL+C to quit)
[WebServer] (node:2135002) Warning: The 'NO_COLOR' env is ignored due to the 'FORCE_COLOR' env being set.
[WebServer] (Use `node --trace-warnings ...` to show where the warning was created)

Running 61 tests using 1 worker

(node:2135127) Warning: The 'NO_COLOR' env is ignored due to the 'FORCE_COLOR' env being set.
(Use `node --trace-warnings ...` to show where the warning was created)
  ✓   1 [chromium] › e2e/a11y.spec.ts:10:1 › login form exposes a heading and labelled fields (4.2s)
  ✓   2 [chromium] › e2e/a11y.spec.ts:18:1 › workbench exposes headings, labelled controls, and semantic buttons (5.6s)
[WebServer] 2026-10-08 13:02:14 [INFO ] HpAgent.ConversationCommands: run_created
[WebServer] 2026-10-08 13:02:14 [INFO ] HpAgent.WebApi: web_message_accepted
[WebServer] 2026-10-08 13:02:14 [INFO ] HpAgent.SSE: sse_subscribed
[WebServer] 2026-10-08 13:02:19 [INFO ] HpAgent.SSE: sse_terminal_snapshot_sent
[WebServer] 2026-10-08 13:02:19 [INFO ] HpAgent.SSE: sse_disconnected
[WebServer] 2026-10-08 13:02:19 [INFO ] HpAgent.TerminalPublisher: sse_terminal_published
  ✓   3 [chromium] › e2e/artifact.spec.ts:5:1 › builds, interacts with, isolates and restores an Artifact (20.7s)
  ✓   4 [chromium] › e2e/auth.spec.ts:8:1 › rejects wrong credentials with the server's safe message (4.2s)
  ✓   5 [chromium] › e2e/auth.spec.ts:20:1 › signs in with valid credentials (4.6s)
  ✓   6 [chromium] › e2e/auth.spec.ts:26:1 › signs out back to the login gate (7.4s)
[WebServer] 2026-10-08 13:02:47 [INFO ] HpAgent.Account: web_registration_succeeded account_id=01a119e4-8030-7e03-b64c-19acb8df1982
  ✓   7 [chromium] › e2e/auth.spec.ts:37:1 › registers, auto-signs in, and can log in again (6.1s)
[WebServer] 2026-10-08 13:02:55 [INFO ] HpAgent.ConversationCommands: run_created
[WebServer] 2026-10-08 13:02:55 [INFO ] HpAgent.WebApi: web_message_accepted
[WebServer] 2026-10-08 13:02:55 [INFO ] HpAgent.SSE: sse_subscribed
[WebServer] 2026-10-08 13:03:00 [INFO ] HpAgent.TerminalPublisher: sse_terminal_published
[WebServer] 2026-10-08 13:03:00 [INFO ] HpAgent.SSE: sse_terminal_snapshot_sent
[WebServer] 2026-10-08 13:03:00 [INFO ] HpAgent.SSE: sse_disconnected
[WebServer] 2026-10-08 13:03:01 [INFO ] HpAgent.ConversationCommands: run_created
[WebServer] 2026-10-08 13:03:01 [INFO ] HpAgent.WebApi: web_message_accepted
[WebServer] 2026-10-08 13:03:01 [INFO ] HpAgent.SSE: sse_subscribed
[WebServer] 2026-10-08 13:03:06 [INFO ] HpAgent.TerminalPublisher: sse_terminal_published
[WebServer] 2026-10-08 13:03:06 [INFO ] HpAgent.SSE: sse_terminal_snapshot_sent
[WebServer] 2026-10-08 13:03:06 [INFO ] HpAgent.SSE: sse_disconnected
[WebServer] 2026-10-08 13:03:07 [INFO ] HpAgent.ConversationCommands: run_created
[WebServer] 2026-10-08 13:03:07 [INFO ] HpAgent.WebApi: web_message_accepted
[WebServer] 2026-10-08 13:03:07 [INFO ] HpAgent.SSE: sse_subscribed
[WebServer] 2026-10-08 13:03:11 [INFO ] HpAgent.TerminalPublisher: sse_terminal_published
[WebServer] 2026-10-08 13:03:11 [INFO ] HpAgent.SSE: sse_terminal_snapshot_sent
[WebServer] 2026-10-08 13:03:11 [INFO ] HpAgent.SSE: sse_disconnected
  ✓   8 [chromium] › e2e/conversation.spec.ts:8:1 › holds a long conversation and survives a refresh (25.3s)
[WebServer] 2026-10-08 13:03:21 [INFO ] HpAgent.ConversationCommands: run_created
[WebServer] 2026-10-08 13:03:21 [INFO ] HpAgent.WebApi: web_message_accepted
[WebServer] 2026-10-08 13:03:21 [INFO ] HpAgent.SSE: sse_subscribed
[WebServer] 2026-10-08 13:03:21 [INFO ] HpAgent.SSE: sse_disconnected
  ✓   9 [chromium] › e2e/conversation.spec.ts:33:1 › selects and uploads a UTF-8 Markdown file, then attaches it to a message (6.0s)
[WebServer] 2026-10-08 13:03:26 [INFO ] HpAgent.TerminalPublisher: sse_terminal_published
[WebServer] 2026-10-08 13:03:27 [INFO ] HpAgent.ConversationCommands: run_created
[WebServer] 2026-10-08 13:03:27 [INFO ] HpAgent.WebApi: web_message_accepted
[WebServer] 2026-10-08 13:03:32 [INFO ] HpAgent.TerminalPublisher: sse_terminal_published
  ✓  10 [chromium] › e2e/disconnect.spec.ts:11:1 › recovers from a dropped SSE connection by polling (12.9s)
[WebServer] 2026-10-08 13:03:40 [WARNING] HpAgent.WebApi: workspace_request_rejected
  ✓  11 [chromium] › e2e/manual-repair.spec.ts:5:1 › creates a child in the selected directory and explains duplicate names (5.5s)
  ✓  12 [chromium] › e2e/manual-repair.spec.ts:27:1 › uploads and authorizes the current conversation, and keeps chat drafts across pages (9.1s)
  ✓  13 [chromium] › e2e/manual-repair.spec.ts:59:1 › creates reminder and research directly from independent pages on narrow screens (6.9s)
  ✓  14 [chromium] › e2e/manual-repair.spec.ts:91:1 › revises a scheduled work and grants its own directory permissions (9.0s)
[WebServer] 2026-10-08 13:04:11 [INFO ] HpAgent.ConversationCommands: run_created
[WebServer] 2026-10-08 13:04:11 [INFO ] HpAgent.WebApi: web_message_accepted
[WebServer] 2026-10-08 13:04:11 [INFO ] HpAgent.SSE: sse_subscribed
[WebServer] 2026-10-08 13:04:15 [INFO ] HpAgent.SSE: sse_terminal_snapshot_sent
[WebServer] 2026-10-08 13:04:15 [INFO ] HpAgent.SSE: sse_disconnected
[WebServer] 2026-10-08 13:04:15 [INFO ] HpAgent.TerminalPublisher: sse_terminal_published
  ✓  15 [chromium] › e2e/markdown.spec.ts:17:1 › renders Markdown and fenced code in assistant replies (11.2s)
[WebServer] 2026-10-08 13:04:22 [INFO ] HpAgent.ConversationCommands: run_created
[WebServer] 2026-10-08 13:04:22 [INFO ] HpAgent.WebApi: web_message_accepted
[WebServer] 2026-10-08 13:04:22 [INFO ] HpAgent.SSE: sse_subscribed
[WebServer] 2026-10-08 13:04:27 [INFO ] HpAgent.TerminalPublisher: sse_terminal_published
[WebServer] 2026-10-08 13:04:27 [INFO ] HpAgent.SSE: sse_terminal_snapshot_sent
[WebServer] 2026-10-08 13:04:27 [INFO ] HpAgent.SSE: sse_disconnected
[WebServer] 2026-10-08 13:04:34 [INFO ] HpAgent.ConversationCommands: run_created
[WebServer] 2026-10-08 13:04:34 [INFO ] HpAgent.WebApi: web_message_accepted
[WebServer] 2026-10-08 13:04:34 [INFO ] HpAgent.SSE: sse_subscribed
[WebServer] 2026-10-08 13:04:39 [INFO ] HpAgent.TerminalPublisher: sse_terminal_published
[WebServer] 2026-10-08 13:04:39 [INFO ] HpAgent.SSE: sse_terminal_snapshot_sent
[WebServer] 2026-10-08 13:04:39 [INFO ] HpAgent.SSE: sse_disconnected
  ✓  16 [chromium] › e2e/multi-tab.spec.ts:12:1 › accounts are isolated across browser contexts (24.1s)
[WebServer] 2026-10-08 13:04:47 [INFO ] HpAgent.ConversationCommands: run_created
[WebServer] 2026-10-08 13:04:47 [INFO ] HpAgent.WebApi: web_message_accepted
[WebServer] 2026-10-08 13:04:47 [INFO ] HpAgent.SSE: sse_subscribed
[WebServer] 2026-10-08 13:04:52 [INFO ] HpAgent.TerminalPublisher: sse_terminal_published
[WebServer] 2026-10-08 13:04:52 [INFO ] HpAgent.SSE: sse_terminal_snapshot_sent
[WebServer] 2026-10-08 13:04:52 [INFO ] HpAgent.SSE: sse_disconnected
[WebServer] 2026-10-08 13:04:57 [INFO ] HpAgent.ConversationCommands: run_created
[WebServer] 2026-10-08 13:04:57 [INFO ] HpAgent.WebApi: web_message_accepted
[WebServer] 2026-10-08 13:04:57 [INFO ] HpAgent.SSE: sse_subscribed
[WebServer] 2026-10-08 13:04:58 [INFO ] HpAgent.SSE: sse_subscribed
[WebServer] 2026-10-08 13:04:59 [INFO ] HpAgent.SSE: sse_disconnected
[WebServer] 2026-10-08 13:04:59 [INFO ] HpAgent.SSE: sse_disconnected
  ✓  17 [chromium] › e2e/multi-tab.spec.ts:36:1 › a second tab cannot send while a Run is active (409 wins) (18.7s)
[WebServer] 2026-10-08 13:05:02 [INFO ] HpAgent.TerminalPublisher: sse_terminal_published
[WebServer] 2026-10-08 13:05:05 [INFO ] HpAgent.ConversationCommands: run_created
[WebServer] 2026-10-08 13:05:05 [INFO ] HpAgent.WebApi: web_message_accepted
[WebServer] 2026-10-08 13:05:05 [INFO ] HpAgent.SSE: sse_subscribed
[WebServer] 2026-10-08 13:05:09 [INFO ] HpAgent.TerminalPublisher: sse_terminal_published
[WebServer] 2026-10-08 13:05:09 [INFO ] HpAgent.SSE: sse_terminal_snapshot_sent
[WebServer] 2026-10-08 13:05:09 [INFO ] HpAgent.SSE: sse_disconnected
  ✓  18 [chromium] › e2e/stop-retry.spec.ts:11:1 › stops a running Run without offering Retry (10.7s)
  ✓  19 [chromium] › e2e/ui-2-ai.spec.ts:37:1 › lost DELETE responses close the dialog after authoritative empty readback (9.0s)
  ✓  20 [chromium] › e2e/ui-2-ai.spec.ts:56:1 › revoke finishing during history navigation releases only its conversation lock (10.5s)
[WebServer] 2026-10-08 13:05:38 [INFO ] HpAgent.ConversationCommands: run_created
[WebServer] 2026-10-08 13:05:38 [INFO ] HpAgent.WebApi: web_message_accepted
[WebServer] 2026-10-08 13:05:38 [INFO ] HpAgent.SSE: sse_subscribed
[WebServer] 2026-10-08 13:05:43 [INFO ] HpAgent.TerminalPublisher: sse_terminal_published
[WebServer] 2026-10-08 13:05:43 [INFO ] HpAgent.SSE: sse_terminal_snapshot_sent
[WebServer] 2026-10-08 13:05:43 [INFO ] HpAgent.SSE: sse_disconnected
[WebServer] 2026-10-08 13:05:43 [INFO ] HpAgent.ConversationCommands: run_created
[WebServer] 2026-10-08 13:05:43 [INFO ] HpAgent.WebApi: web_message_accepted
[WebServer] 2026-10-08 13:05:44 [INFO ] HpAgent.SSE: sse_subscribed
[WebServer] 2026-10-08 13:05:48 [INFO ] HpAgent.TerminalPublisher: sse_terminal_published
[WebServer] 2026-10-08 13:05:48 [INFO ] HpAgent.SSE: sse_terminal_snapshot_sent
[WebServer] 2026-10-08 13:05:48 [INFO ] HpAgent.SSE: sse_disconnected
  ✓  21 [chromium] › e2e/ui-2-ai.spec.ts:91:1 › B sends through the real API while A's POST is pending (19.5s)
[WebServer] 2026-10-08 13:05:55 [INFO ] HpAgent.ConversationCommands: run_created
[WebServer] 2026-10-08 13:05:55 [INFO ] HpAgent.WebApi: web_message_accepted
[WebServer] 2026-10-08 13:05:56 [INFO ] HpAgent.SSE: sse_subscribed
[WebServer] 2026-10-08 13:06:00 [INFO ] HpAgent.TerminalPublisher: sse_terminal_published
[WebServer] 2026-10-08 13:06:00 [INFO ] HpAgent.SSE: sse_terminal_snapshot_sent
[WebServer] 2026-10-08 13:06:00 [INFO ] HpAgent.SSE: sse_disconnected
[WebServer] 2026-10-08 13:06:02 [INFO ] HpAgent.ConversationCommands: run_created
[WebServer] 2026-10-08 13:06:02 [INFO ] HpAgent.WebApi: web_message_accepted
[WebServer] 2026-10-08 13:06:02 [INFO ] HpAgent.SSE: sse_subscribed
[WebServer] 2026-10-08 13:06:07 [INFO ] HpAgent.TerminalPublisher: sse_terminal_published
[WebServer] 2026-10-08 13:06:07 [INFO ] HpAgent.SSE: sse_terminal_snapshot_sent
[WebServer] 2026-10-08 13:06:07 [INFO ] HpAgent.SSE: sse_disconnected
  ✓  22 [chromium] › e2e/ui-2-ai.spec.ts:124:1 › empty composer creates only on submission, handles IME, and restores per-conversation drafts (19.6s)
[WebServer] 2026-10-08 13:06:15 [INFO ] HpAgent.ConversationCommands: run_created
[WebServer] 2026-10-08 13:06:15 [INFO ] HpAgent.WebApi: web_message_accepted
[WebServer] 2026-10-08 13:06:15 [INFO ] HpAgent.SSE: sse_subscribed
[WebServer] 2026-10-08 13:06:16 [INFO ] HpAgent.WebApi: web_message_accepted
[WebServer] 2026-10-08 13:06:20 [INFO ] HpAgent.TerminalPublisher: sse_terminal_published
[WebServer] 2026-10-08 13:06:20 [INFO ] HpAgent.SSE: sse_terminal_snapshot_sent
[WebServer] 2026-10-08 13:06:20 [INFO ] HpAgent.SSE: sse_disconnected
  ✓  23 [chromium] › e2e/ui-2-ai.spec.ts:174:1 › a lost POST response is confirmed with the original key and does not duplicate messages (12.2s)
  ✓  24 [chromium] › e2e/ui-2-ai.spec.ts:206:1 › creation completed after leaving AI does not send or navigate and keeps the draft (7.6s)
  ✓  25 [chromium] › e2e/ui-2-ai.spec.ts:238:1 › attachment abandonment is confirmed and existing files are not deleted (7.3s)
  ✓  26 [chromium] › e2e/ui-2-ai.spec.ts:255:1 › rename, read-only resources, focus return, and seven viewport layouts (11.9s)
[WebServer] 2026-10-08 13:07:00 [INFO ] HpAgent.ConversationCommands: run_created
[WebServer] 2026-10-08 13:07:00 [INFO ] HpAgent.WebApi: web_message_accepted
[WebServer] 2026-10-08 13:07:00 [INFO ] HpAgent.SSE: sse_subscribed
[WebServer] 2026-10-08 13:07:05 [INFO ] HpAgent.TerminalPublisher: sse_terminal_published
[WebServer] 2026-10-08 13:07:05 [INFO ] HpAgent.SSE: sse_terminal_snapshot_sent
[WebServer] 2026-10-08 13:07:05 [INFO ] HpAgent.SSE: sse_disconnected
  ✓  27 [chromium] › e2e/ui-2-ai.spec.ts:323:1 › history prepend retains the visible anchor and streaming does not pull a reader to the bottom (18.9s)
  ✓  28 [chromium] › e2e/ui-2-ai.spec.ts:393:1 › failed attachment keeps the draft and exposes a removable error; text zoom remains usable (7.0s)
  ✓  29 [chromium] › e2e/ui-2-ai.spec.ts:435:1 › more than thirty conversations paginate and loaded-title filtering remains local (19.8s)
[WebServer] 2026-10-08 13:07:39 [INFO ] HpAgent.ConversationCommands: run_created
[WebServer] 2026-10-08 13:07:39 [INFO ] HpAgent.WebApi: web_message_accepted
[WebServer] 2026-10-08 13:07:39 [INFO ] HpAgent.SSE: sse_subscribed
[WebServer] 2026-10-08 13:07:44 [INFO ] HpAgent.TerminalPublisher: sse_terminal_published
[WebServer] 2026-10-08 13:07:44 [INFO ] HpAgent.SSE: sse_terminal_snapshot_sent
[WebServer] 2026-10-08 13:07:44 [INFO ] HpAgent.SSE: sse_disconnected
  ✓  30 [chromium] › e2e/ui-3-execution.spec.ts:9:1 › real API: message-bound execution, tab navigation and terminal resource boundary (14.0s)
  ✓  31 [chromium] › e2e/ui-3-execution.spec.ts:52:1 › network fixtures: Work snapshot, missing Trace, approvals and responsive inspector (10.5s)
  ✓  32 [chromium] › e2e/ui-3-execution.spec.ts:198:1 › network fixtures: terminal outputs refresh and permission denial discards old model bodies (9.2s)
  ✓  33 [chromium] › e2e/ui-4-workspace.spec.ts:8:1 › directory deep links, direct children, all files, file preview and browser return (13.4s)
  ✓  34 [chromium] › e2e/ui-4-workspace.spec.ts:49:1 › an existing conversation never receives an implicit upload grant (8.3s)
  ✓  35 [chromium] › e2e/ui-4-workspace.spec.ts:61:1 › lost PUT response resumes from ready metadata and does not reupload or resave (7.4s)
  ✓  36 [chromium] › e2e/ui-4-workspace.spec.ts:94:1 › saved upload survives a failed grant, closes, reopens and retries authorization only (8.8s)
  ✓  37 [chromium] › e2e/ui-4-workspace.spec.ts:139:1 › new conversation usage creates once, restores failed authorization and sends no message (8.7s)
  ✓  38 [chromium] › e2e/ui-4-workspace.spec.ts:175:1 › permission drafts, keyboard tabs, impact invalidation and responsive object surfaces (17.3s)
  ✓  39 [chromium] › e2e/ui-4-workspace.spec.ts:250:1 › empty and unavailable objects keep navigation and focus usable (7.3s)
  ✓  40 [chromium] › e2e/ui-5-recovery.spec.ts:12:1 › network fixtures: terminal output invalidation preserves expansion and empty results can refresh (6.4s)
  ✓  41 [chromium] › e2e/ui-5-recovery.spec.ts:73:1 › network fixtures: missing/null continuation deep links stay read-only and recover by refresh (14.6s)
  ✓  42 [chromium] › e2e/ui-5-recovery.spec.ts:124:1 › real API: a failed requirement read and retry preserve the whole draft before revision (8.9s)
  ✓  43 [chromium] › e2e/ui-5-tasks.spec.ts:29:1 › creates, revises, controls, increases one limit and returns from inspector children (11.3s)
  ✓  44 [chromium] › e2e/ui-5-tasks.spec.ts:74:1 › lost create response retries identical intention and does not duplicate a task (7.6s)
  ✓  45 [chromium] › e2e/ui-5-tasks.spec.ts:110:1 › task deep link, unavailable object, focus, responsive screens and inbox modal (13.9s)
[WebServer] 2026-10-08 13:10:25 [INFO ] HpAgent.Account: web_registration_succeeded account_id=01a119eb-7c2a-7835-a23e-178f43c5ccff
  ✓  46 [chromium] › e2e/ui-5-tasks.spec.ts:170:1 › 51st task remains available after serial pagination and a first-page refresh (39.1s)
  ✓  47 [chromium] › e2e/ui-5-tasks.spec.ts:224:1 › network fixtures: four buckets, pausing decision, failure scope and empty filters (9.7s)
[WebServer] 2026-10-08 13:11:15 [INFO ] HpAgent.ConversationCommands: run_created
[WebServer] 2026-10-08 13:11:15 [INFO ] HpAgent.WebApi: web_message_accepted
[WebServer] 2026-10-08 13:11:15 [INFO ] HpAgent.SSE: sse_subscribed
[WebServer] 2026-10-08 13:11:20 [INFO ] HpAgent.SSE: sse_terminal_snapshot_sent
[WebServer] 2026-10-08 13:11:20 [INFO ] HpAgent.SSE: sse_disconnected
[WebServer] 2026-10-08 13:11:20 [INFO ] HpAgent.TerminalPublisher: sse_terminal_published
  ✓  48 [chromium] › e2e/ui-6-artifact.spec.ts:8:1 › real API: lost create/version responses replay keys and history keeps v1 selected (23.3s)
  ✓  49 [chromium] › e2e/ui-6-artifact.spec.ts:77:1 › network fixtures: task original delivery, unavailable versions, layouts and layered focus (22.0s)
[WebServer] 2026-10-08 13:12:01 [INFO ] HpAgent.ConversationCommands: run_created
[WebServer] 2026-10-08 13:12:01 [INFO ] HpAgent.WebApi: web_message_accepted
[WebServer] 2026-10-08 13:12:01 [INFO ] HpAgent.SSE: sse_subscribed
[WebServer] 2026-10-08 13:12:06 [INFO ] HpAgent.TerminalPublisher: sse_terminal_published
[WebServer] 2026-10-08 13:12:06 [INFO ] HpAgent.SSE: sse_terminal_snapshot_sent
[WebServer] 2026-10-08 13:12:06 [INFO ] HpAgent.SSE: sse_disconnected
  ✓  50 [chromium] › e2e/ui-6-artifact.spec.ts:210:1 › real API upload with injected lost PUT and name conflict: source copy recovers without reupload (17.3s)
  ✓  51 [chromium] › e2e/ui-6-artifact.spec.ts:281:1 › network fixtures: loading and query failure recover to the default successful version (6.5s)
[WebServer] 2026-10-08 13:12:24 [INFO ] HpAgent.ConversationCommands: run_created
[WebServer] 2026-10-08 13:12:24 [INFO ] HpAgent.WebApi: web_message_accepted
[WebServer] 2026-10-08 13:12:24 [INFO ] HpAgent.SSE: sse_subscribed
[WebServer] 2026-10-08 13:12:29 [INFO ] HpAgent.TerminalPublisher: sse_terminal_published
[WebServer] 2026-10-08 13:12:29 [INFO ] HpAgent.SSE: sse_terminal_snapshot_sent
[WebServer] 2026-10-08 13:12:29 [INFO ] HpAgent.SSE: sse_disconnected
  ✓  52 [chromium] › e2e/ui-6-self-review.spec.ts:36:1 › network fixtures over real HTML: no-version reopen waits for fresh data and cached preview recovers after query failure (15.6s)
[WebServer] 2026-10-08 13:12:39 [INFO ] HpAgent.ConversationCommands: run_created
[WebServer] 2026-10-08 13:12:39 [INFO ] HpAgent.WebApi: web_message_accepted
[WebServer] 2026-10-08 13:12:40 [INFO ] HpAgent.SSE: sse_subscribed
[WebServer] 2026-10-08 13:12:44 [INFO ] HpAgent.TerminalPublisher: sse_terminal_published
[WebServer] 2026-10-08 13:12:44 [INFO ] HpAgent.SSE: sse_terminal_snapshot_sent
[WebServer] 2026-10-08 13:12:44 [INFO ] HpAgent.SSE: sse_disconnected
  ✓  53 [chromium] › e2e/ui-6-self-review.spec.ts:99:1 › network fixtures over a restored real message: its HTML row converges through interrupted polling without opening details (21.3s)
  ✓  54 [chromium] › e2e/ui-7-unification.spec.ts:105:1 › seven viewports and boundary resizes keep Artifact iframe, draft and query count (12.2s)
  ✓  55 [chromium] › e2e/ui-7-unification.spec.ts:165:1 › mobile saving suspends the parent; Escape restores draft, iframe and focus (6.1s)
  ✓  56 [chromium] › e2e/ui-7-unification.spec.ts:189:1 › all four Inspectors have keyboard tabs, URL replace, geometry and screenshots (20.9s)
[WebServer] 2026-10-08 13:13:39 [INFO ] HpAgent.ConversationCommands: run_created
[WebServer] 2026-10-08 13:13:39 [INFO ] HpAgent.WebApi: web_message_accepted
[WebServer] 2026-10-08 13:13:40 [INFO ] HpAgent.SSE: sse_subscribed
[WebServer] 2026-10-08 13:13:44 [INFO ] HpAgent.SSE: sse_terminal_snapshot_sent
[WebServer] 2026-10-08 13:13:44 [INFO ] HpAgent.TerminalPublisher: sse_terminal_published
[WebServer] 2026-10-08 13:13:44 [INFO ] HpAgent.SSE: sse_disconnected
  ✓  57 [chromium] › e2e/ui-7-unification.spec.ts:225:1 › formal Header creation keeps instruction and verified Run lookup handles denial (13.5s)
  ✘  58 [chromium] › e2e/ui-7-unification.spec.ts:252:1 › nested Task abandonment and inbox keep the parent; keyboard and color pairs remain usable (2.0m)
(node:2169679) Warning: The 'NO_COLOR' env is ignored due to the 'FORCE_COLOR' env being set.
(Use `node --trace-warnings ...` to show where the warning was created)
  ✓  59 [chromium] › e2e/workspace-direct-upload.spec.ts:5:1 › uploads directly to Workspace without creating or authorizing a conversation (12.0s)
[WebServer] 2026-10-08 13:16:14 [INFO ] HpAgent.ConversationCommands: run_created
[WebServer] 2026-10-08 13:16:14 [INFO ] HpAgent.WebApi: web_message_accepted
[WebServer] 2026-10-08 13:16:14 [INFO ] HpAgent.SSE: sse_subscribed
[WebServer] 2026-10-08 13:16:17 [INFO ] HpAgent.SSE: sse_disconnected
  ✓  60 [chromium] › e2e/workspace-p1.spec.ts:5:1 › uploads, saves, moves, and downloads a Workspace entry (11.4s)
[WebServer] 2026-10-08 13:16:19 [INFO ] HpAgent.TerminalPublisher: sse_terminal_published
[WebServer] 2026-10-08 13:16:23 [INFO ] HpAgent.ConversationCommands: run_created
[WebServer] 2026-10-08 13:16:23 [INFO ] HpAgent.WebApi: web_message_accepted
[WebServer] 2026-10-08 13:16:23 [INFO ] HpAgent.SSE: sse_subscribed
[WebServer] 2026-10-08 13:16:27 [INFO ] HpAgent.SSE: sse_disconnected
  ✓  61 [chromium] › e2e/workspace-p3.spec.ts:4:1 › upgrades an entry in place and keeps its version when renamed (9.9s)


  1) [chromium] › e2e/ui-7-unification.spec.ts:252:1 › nested Task abandonment and inbox keep the parent; keyboard and color pairs remain usable 

    Test timeout of 120000ms exceeded.

    Error: locator.fill: Test timeout of 120000ms exceeded.
    Call log:
      - waiting for getByLabel('目标', { exact: true })


      271 |   );
      272 |   await page.getByRole("button", { name: "修改要求", exact: true }).click();
    > 273 |   await page.getByLabel("目标", { exact: true }).fill("保留键盘草稿");
          |                                                ^
      274 |   await page.keyboard.press("Escape");
      275 |   await expect(page.getByRole("dialog", { name: "放弃未提交的任务草稿？" })).toBeVisible();
      276 |   await expect(page.getByRole("dialog")).toHaveCount(1);
        at /home/hp/workspace/HpAgent_web/web/e2e/ui-7-unification.spec.ts:273:48

    Error Context: test-results/ui-7-unification-nested-Ta-a3e11-d-color-pairs-remain-usable-chromium/error-context.md

    attachment #2: trace (application/zip) ─────────────────────────────────────────────────────────
    test-results/ui-7-unification-nested-Ta-a3e11-d-color-pairs-remain-usable-chromium/trace.zip
    Usage:

        npx playwright show-trace test-results/ui-7-unification-nested-Ta-a3e11-d-color-pairs-remain-usable-chromium/trace.zip

    ────────────────────────────────────────────────────────────────────────────────────────────────

  1 failed
    [chromium] › e2e/ui-7-unification.spec.ts:252:1 › nested Task abandonment and inbox keep the parent; keyboard and color pairs remain usable 
  60 passed (14.8m)
