
> hpagent-web@0.1.0 test:e2e
> playwright test e2e/ui-7-unification.spec.ts

[WebServer] INFO:     Started server process [2130046]
[WebServer] INFO:     Waiting for application startup.
[WebServer] INFO:     Application startup complete.
[WebServer] INFO:     Uvicorn running on http://0.0.0.0:8187 (Press CTRL+C to quit)
[WebServer] (node:2130550) Warning: The 'NO_COLOR' env is ignored due to the 'FORCE_COLOR' env being set.
[WebServer] (Use `node --trace-warnings ...` to show where the warning was created)

Running 4 tests using 1 worker

(node:2130604) Warning: The 'NO_COLOR' env is ignored due to the 'FORCE_COLOR' env being set.
(Use `node --trace-warnings ...` to show where the warning was created)
  ✓  1 [chromium] › e2e/ui-7-unification.spec.ts:105:1 › seven viewports and boundary resizes keep Artifact iframe, draft and query count (15.6s)
  ✓  2 [chromium] › e2e/ui-7-unification.spec.ts:165:1 › mobile saving suspends the parent; Escape restores draft, iframe and focus (6.0s)
  ✓  3 [chromium] › e2e/ui-7-unification.spec.ts:189:1 › all four Inspectors have keyboard tabs, URL replace, geometry and screenshots (17.2s)
[WebServer] 2026-10-08 13:01:00 [INFO ] HpAgent.ConversationCommands: run_created
[WebServer] 2026-10-08 13:01:00 [INFO ] HpAgent.WebApi: web_message_accepted
[WebServer] 2026-10-08 13:01:00 [INFO ] HpAgent.SSE: sse_subscribed
[WebServer] 2026-10-08 13:01:05 [INFO ] HpAgent.TerminalPublisher: sse_terminal_published
[WebServer] 2026-10-08 13:01:05 [INFO ] HpAgent.SSE: sse_terminal_snapshot_sent
[WebServer] 2026-10-08 13:01:05 [INFO ] HpAgent.SSE: sse_disconnected
  ✓  4 [chromium] › e2e/ui-7-unification.spec.ts:225:1 › formal Header creation keeps instruction and verified Run lookup handles denial (14.3s)

  4 passed (1.1m)
