e2e/ui-7-unification.spec.ts 623ms (unchanged)
src/adapters/assistant-ui/HpThread.tsx 357ms (unchanged)
src/components/ChatPane.tsx 152ms (unchanged)
src/components/LoginForm.tsx 54ms (unchanged)
src/components/RegistrationQqGate.tsx 6ms (unchanged)
src/components/RunStatus.tsx 34ms (unchanged)
src/components/artifact/ArtifactCreateForm.test.tsx 73ms (unchanged)
src/components/artifact/ArtifactCreateForm.tsx 50ms (unchanged)
src/components/artifact/ArtifactInspector.tsx 173ms (unchanged)
src/components/run/ExecutionBlock.tsx 23ms (unchanged)
src/components/run/RunInspector.tsx 124ms (unchanged)
src/components/run/RunLookup.test.tsx 26ms (unchanged)
src/components/run/RunLookup.tsx 24ms (unchanged)
src/components/run/RunResources.test.tsx 90ms (unchanged)
src/components/run/RunResources.tsx 108ms (unchanged)
src/components/shell/AppShell.tsx 93ms (unchanged)
src/components/shell/Assembly.test.tsx 12ms (unchanged)
src/components/shell/Assembly.tsx 8ms (unchanged)
src/components/shell/InspectorHost.tsx 25ms (unchanged)
src/components/shell/InspectorTabs.tsx 13ms (unchanged)
src/components/shell/Surface.test.tsx 39ms
src/components/shell/Surface.tsx 40ms
src/components/shell/useInspectorFlow.test.tsx 9ms (unchanged)
src/components/shell/useInspectorFlow.ts 7ms (unchanged)
src/components/shell/useShellWidth.ts 7ms (unchanged)
src/components/tasks/TaskEditor.tsx 81ms (unchanged)
src/components/tasks/TaskInspector.tsx 48ms (unchanged)
src/components/trace/RunTraceContent.tsx 19ms (unchanged)
src/components/trace/traceStore.ts 52ms (unchanged)
src/components/workspace/FileInspector.tsx 59ms (unchanged)
src/components/workspace/WorkspaceMigration.test.tsx 32ms (unchanged)
src/store/artifacts.test.ts 190ms (unchanged)
src/store/artifacts.ts 186ms (unchanged)
src/store/auth.ts 28ms (unchanged)
src/store/shell.test.ts 30ms (unchanged)
src/store/shell.ts 105ms (unchanged)
src/store/workbench.ts 325ms (unchanged)
src/styles.css 46ms (unchanged)
src/styles/artifact.css 63ms (unchanged)
src/styles/base.css 131ms (unchanged)
src/styles/conversation.css 39ms (unchanged)
src/styles/run.css 13ms (unchanged)
src/styles/shell.css 65ms (unchanged)
src/styles/tasks.css 30ms (unchanged)
src/styles/tokens.css 9ms (unchanged)
src/styles/unification.css 44ms (unchanged)
src/styles/workspace.css 60ms (unchanged)
