src/components/shell/AppShell.tsx 565ms (unchanged)
src/components/shell/Assembly.test.tsx 97ms
src/components/shell/Assembly.tsx 30ms (unchanged)
src/components/shell/InspectorHost.tsx 75ms (unchanged)
src/components/shell/InspectorTabs.tsx 23ms (unchanged)
src/components/shell/Surface.test.tsx 152ms (unchanged)
src/components/shell/Surface.tsx 127ms (unchanged)
src/components/shell/useInspectorFlow.ts 10ms
src/components/shell/useShellWidth.ts 24ms (unchanged)
src/components/run/ExecutionBlock.test.tsx 58ms (unchanged)
src/components/run/ExecutionBlock.tsx 55ms (unchanged)
src/components/run/RunBudget.test.tsx 34ms (unchanged)
src/components/run/RunBudget.tsx 16ms (unchanged)
src/components/run/RunInspector.test.tsx 136ms (unchanged)
src/components/run/RunInspector.tsx 224ms (unchanged)
src/components/run/RunLookup.test.tsx 42ms (unchanged)
src/components/run/RunLookup.tsx 71ms
src/components/run/RunResources.test.tsx 97ms (unchanged)
src/components/run/RunResources.tsx 121ms (unchanged)
src/components/workspace/WorkspaceMigration.test.tsx 57ms
src/store/shell.test.ts 29ms (unchanged)
src/styles/artifact.css 120ms (unchanged)
src/styles/base.css 147ms (unchanged)
src/styles/conversation.css 57ms (unchanged)
src/styles/run.css 21ms (unchanged)
src/styles/shell.css 158ms (unchanged)
src/styles/tasks.css 66ms (unchanged)
src/styles/tokens.css 37ms (unchanged)
src/styles/unification.css 62ms (unchanged)
src/styles/workspace.css 62ms (unchanged)
e2e/ui-7-unification.spec.ts 92ms
