
> hpagent-web@0.1.0 lint
> eslint . && prettier --check .


/home/hp/workspace/HpAgent_web/web/src/components/shell/Surface.tsx
  73:13  error  Error: Cannot modify local variables after render completes

This argument is a function which may reassign or mutate `layer` after render, which can cause inconsistent behavior on subsequent renders. Consider using state instead.

/home/hp/workspace/HpAgent_web/web/src/components/shell/Surface.tsx:73:13
   71 |     trigger.current = document.activeElement instanceof HTMLElement ? document.activeElement : null;
   72 |   }, []);
>  73 |   useEffect(() => {
      |             ^^^^^^^
>  74 |     const node = ref.current;
      | ^^^^^^^^^^^^^^^^^^^^^^^^^^^^^
>  75 |     if (!node) return;
      …
      | ^^^^^^^^^^^^^^^^^^^^^^^^^^^^^
> 101 |     };
      | ^^^^^^^^^^^^^^^^^^^^^^^^^^^^^
> 102 |   }, [modal, active, layer, parent]);
      | ^^^^ This function may (indirectly) reassign or modify `layer` after render
  103 |   useEffect(() => {
  104 |     if (modal || !active || !dismissible) return;
  105 |     const escape = (event: KeyboardEvent) => {

/home/hp/workspace/HpAgent_web/web/src/components/shell/Surface.tsx:78:48
  76 |     if (modal && active) {
  77 |       hierarchy.set(node, layer);
> 78 |       if (parent || layer.order.current === 0) layer.order.current = ++layerSequence;
     |                                                ^^^^^^^^^^^ This modifies `layer`
  79 |       layers.push(node);
  80 |       coordinate();
  81 |       if (lastFocus.current?.isConnected) lastFocus.current.focus();  react-hooks/immutability
  78:48  error  Error: This value cannot be modified

Modifying a value previously passed as an argument to a hook is not allowed. Consider moving the modification before calling the hook.

/home/hp/workspace/HpAgent_web/web/src/components/shell/Surface.tsx:78:48
  76 |     if (modal && active) {
  77 |       hierarchy.set(node, layer);
> 78 |       if (parent || layer.order.current === 0) layer.order.current = ++layerSequence;
     |                                                ^^^^^^^^^^^ `layer` cannot be modified
  79 |       layers.push(node);
  80 |       coordinate();
  81 |       if (lastFocus.current?.isConnected) lastFocus.current.focus();                                                                                                                                                                                                                                                                                                                                                                                                                                                                                                                                                                                                                                                                                                                                                                                                                      react-hooks/immutability

✖ 2 problems (2 errors, 0 warnings)

