
> hpagent-web@0.1.0 test
> vitest run --maxWorkers=2 src/components/shell src/components/tasks/TaskSelfReview.test.tsx src/components/workspace/WorkspaceMigration.test.tsx


 RUN  v4.1.10 /home/hp/workspace/HpAgent_web/web

 ❯ src/components/shell/Surface.test.tsx (4 tests | 4 failed) 100ms
   × keeps the same content and unsaved text through every modal mode change 51ms
   × suspends a parent dialog and restores it without mounting its editor again 9ms
   × desktop Escape is handled once and focus returns to the connected trigger 24ms
   × nested confirmation remains visible while its parent is suspended 10ms
 ❯ src/components/tasks/TaskSelfReview.test.tsx (13 tests | 5 failed) 2310ms
   × R3 preserves editor draft when retrying a failed baseline refresh 19ms
   × R3 preserves every edited field through failed and successful retries and reviews the new revision 10ms
   × R3 clears the cached editor and draft when retry returns 403 7ms
   × R3 clears the cached editor and draft when retry returns 404 7ms
   × R3 resets drafts on object/account changes and ignores the old baseline response 7ms

⎯⎯⎯⎯⎯⎯⎯ Failed Tests 9 ⎯⎯⎯⎯⎯⎯⎯

 FAIL  src/components/shell/Surface.test.tsx > keeps the same content and unsaved text through every modal mode change
 FAIL  src/components/shell/Surface.test.tsx > suspends a parent dialog and restores it without mounting its editor again
 FAIL  src/components/shell/Surface.test.tsx > desktop Escape is handled once and focus returns to the connected trigger
 FAIL  src/components/shell/Surface.test.tsx > nested confirmation remains visible while its parent is suspended
 FAIL  src/components/tasks/TaskSelfReview.test.tsx > R3 preserves editor draft when retrying a failed baseline refresh
 FAIL  src/components/tasks/TaskSelfReview.test.tsx > R3 preserves every edited field through failed and successful retries and reviews the new revision
 FAIL  src/components/tasks/TaskSelfReview.test.tsx > R3 clears the cached editor and draft when retry returns 403
 FAIL  src/components/tasks/TaskSelfReview.test.tsx > R3 clears the cached editor and draft when retry returns 404
 FAIL  src/components/tasks/TaskSelfReview.test.tsx > R3 resets drafts on object/account changes and ignores the old baseline response
ReferenceError: nested is not defined
 ❯ Surface src/components/shell/Surface.tsx:176:8
    174|   return (
    175|     <SurfaceParent.Provider value={layer}>
    176|       {nested
       |        ^
    177|         ? createPortal(
    178|             <Theme asChild hasBackground>
 ❯ Object.react_stack_bottom_frame node_modules/react-dom/cjs/react-dom-client.development.js:25904:20
 ❯ renderWithHooks node_modules/react-dom/cjs/react-dom-client.development.js:7662:22
 ❯ updateFunctionComponent node_modules/react-dom/cjs/react-dom-client.development.js:10166:19
 ❯ beginWork node_modules/react-dom/cjs/react-dom-client.development.js:11778:18
 ❯ runWithFiberInDEV node_modules/react-dom/cjs/react-dom-client.development.js:874:13
 ❯ performUnitOfWork node_modules/react-dom/cjs/react-dom-client.development.js:17641:22
 ❯ workLoopSync node_modules/react-dom/cjs/react-dom-client.development.js:17469:41
 ❯ renderRootSync node_modules/react-dom/cjs/react-dom-client.development.js:17450:11
 ❯ performWorkOnRoot node_modules/react-dom/cjs/react-dom-client.development.js:16583:35

⎯⎯⎯⎯⎯⎯⎯⎯⎯⎯⎯⎯⎯⎯⎯⎯⎯⎯⎯⎯⎯⎯⎯⎯[1/9]⎯


 Test Files  2 failed | 2 passed (4)
      Tests  9 failed | 13 passed (22)
   Start at  12:58:33
   Duration  11.14s (transform 1.30s, setup 1.17s, import 4.06s, tests 4.61s, environment 8.23s)

