
> hpagent-web@0.1.0 test:e2e
> playwright test e2e/ui-4-workspace.spec.ts e2e/workspace-direct-upload.spec.ts e2e/workspace-p1.spec.ts e2e/workspace-p3.spec.ts e2e/manual-repair.spec.ts e2e/ui-2-ai.spec.ts e2e/ui-3-execution.spec.ts e2e/artifact.spec.ts e2e/auth.spec.ts e2e/multi-tab.spec.ts e2e/a11y.spec.ts

[WebServer] INFO:     Started server process [364951]
[WebServer] INFO:     Waiting for application startup.
[WebServer] INFO:     Application startup complete.
[WebServer] INFO:     Uvicorn running on http://0.0.0.0:8184 (Press CTRL+C to quit)
[WebServer] (node:365770) Warning: The 'NO_COLOR' env is ignored due to the 'FORCE_COLOR' env being set.
[WebServer] (Use `node --trace-warnings ...` to show where the warning was created)

Running 37 tests using 1 worker

(node:365949) Warning: The 'NO_COLOR' env is ignored due to the 'FORCE_COLOR' env being set.
(Use `node --trace-warnings ...` to show where the warning was created)
  ✓   1 [chromium] › e2e/a11y.spec.ts:10:1 › login form exposes a heading and labelled fields (7.9s)
  ✓   2 [chromium] › e2e/a11y.spec.ts:18:1 › workbench exposes headings, labelled controls, and semantic buttons (8.6s)
[WebServer] 2026-10-07 15:40:59 [INFO ] HpAgent.ConversationCommands: run_created
[WebServer] 2026-10-07 15:40:59 [INFO ] HpAgent.WebApi: web_message_accepted
[WebServer] 2026-10-07 15:41:00 [INFO ] HpAgent.SSE: sse_subscribed
[WebServer] 2026-10-07 15:41:05 [INFO ] HpAgent.TerminalPublisher: sse_terminal_published
[WebServer] 2026-10-07 15:41:05 [INFO ] HpAgent.SSE: sse_terminal_snapshot_sent
[WebServer] 2026-10-07 15:41:05 [INFO ] HpAgent.SSE: sse_disconnected
  ✓   3 [chromium] › e2e/artifact.spec.ts:5:1 › builds, interacts with, isolates and restores an Artifact (23.7s)
  ✓   4 [chromium] › e2e/auth.spec.ts:8:1 › rejects wrong credentials with the server's safe message (5.6s)
  ✓   5 [chromium] › e2e/auth.spec.ts:20:1 › signs in with valid credentials (4.7s)
  ✓   6 [chromium] › e2e/auth.spec.ts:26:1 › signs out back to the login gate (7.8s)
[WebServer] 2026-10-07 15:41:39 [INFO ] HpAgent.Account: web_registration_succeeded account_id=01a1154f-934b-7732-b0eb-954f6b77f753
  ✓   7 [chromium] › e2e/auth.spec.ts:37:1 › registers, auto-signs in, and can log in again (7.2s)
[WebServer] 2026-10-07 15:41:50 [WARNING] HpAgent.WebApi: workspace_request_rejected
  ✓   8 [chromium] › e2e/manual-repair.spec.ts:5:1 › creates a child in the selected directory and explains duplicate names (9.1s)
  ✓   9 [chromium] › e2e/manual-repair.spec.ts:27:1 › uploads and authorizes the current conversation, and keeps chat drafts across pages (16.3s)
  ✓  10 [chromium] › e2e/manual-repair.spec.ts:59:1 › creates reminder and research directly from independent pages on narrow screens (14.4s)
  ✓  11 [chromium] › e2e/manual-repair.spec.ts:88:1 › revises a scheduled work and grants its own directory permissions (12.5s)
[WebServer] 2026-10-07 15:42:50 [INFO ] HpAgent.ConversationCommands: run_created
[WebServer] 2026-10-07 15:42:50 [INFO ] HpAgent.WebApi: web_message_accepted
[WebServer] 2026-10-07 15:42:50 [INFO ] HpAgent.SSE: sse_subscribed
[WebServer] 2026-10-07 15:42:56 [INFO ] HpAgent.TerminalPublisher: sse_terminal_published
[WebServer] 2026-10-07 15:42:56 [INFO ] HpAgent.SSE: sse_terminal_snapshot_sent
[WebServer] 2026-10-07 15:42:56 [INFO ] HpAgent.SSE: sse_disconnected
[WebServer] 2026-10-07 15:43:20 [INFO ] HpAgent.ConversationCommands: run_created
[WebServer] 2026-10-07 15:43:20 [INFO ] HpAgent.WebApi: web_message_accepted
[WebServer] 2026-10-07 15:43:21 [INFO ] HpAgent.SSE: sse_subscribed
[WebServer] 2026-10-07 15:43:26 [INFO ] HpAgent.TerminalPublisher: sse_terminal_published
[WebServer] 2026-10-07 15:43:26 [INFO ] HpAgent.SSE: sse_terminal_snapshot_sent
[WebServer] 2026-10-07 15:43:26 [INFO ] HpAgent.SSE: sse_disconnected
  ✓  12 [chromium] › e2e/multi-tab.spec.ts:12:1 › accounts are isolated across browser contexts (54.4s)
[WebServer] 2026-10-07 15:43:40 [INFO ] HpAgent.ConversationCommands: run_created
[WebServer] 2026-10-07 15:43:40 [INFO ] HpAgent.WebApi: web_message_accepted
[WebServer] 2026-10-07 15:43:40 [INFO ] HpAgent.SSE: sse_subscribed
[WebServer] 2026-10-07 15:43:45 [INFO ] HpAgent.SSE: sse_terminal_snapshot_sent
[WebServer] 2026-10-07 15:43:45 [INFO ] HpAgent.SSE: sse_disconnected
[WebServer] 2026-10-07 15:43:45 [INFO ] HpAgent.TerminalPublisher: sse_terminal_published
[WebServer] 2026-10-07 15:44:00 [INFO ] HpAgent.ConversationCommands: run_created
[WebServer] 2026-10-07 15:44:00 [INFO ] HpAgent.WebApi: web_message_accepted
[WebServer] 2026-10-07 15:44:01 [INFO ] HpAgent.SSE: sse_subscribed
[WebServer] 2026-10-07 15:44:02 [INFO ] HpAgent.SSE: sse_subscribed
[WebServer] 2026-10-07 15:44:03 [INFO ] HpAgent.SSE: sse_disconnected
[WebServer] 2026-10-07 15:44:03 [INFO ] HpAgent.SSE: sse_disconnected
  ✓  13 [chromium] › e2e/multi-tab.spec.ts:36:1 › a second tab cannot send while a Run is active (409 wins) (34.6s)
[WebServer] 2026-10-07 15:44:06 [INFO ] HpAgent.TerminalPublisher: sse_terminal_published
  ✓  14 [chromium] › e2e/ui-2-ai.spec.ts:37:1 › lost DELETE responses close the dialog after authoritative empty readback (10.8s)
  ✓  15 [chromium] › e2e/ui-2-ai.spec.ts:56:1 › revoke finishing during history navigation releases only its conversation lock (12.4s)
[WebServer] 2026-10-07 15:44:36 [INFO ] HpAgent.ConversationCommands: run_created
[WebServer] 2026-10-07 15:44:36 [INFO ] HpAgent.WebApi: web_message_accepted
[WebServer] 2026-10-07 15:44:36 [INFO ] HpAgent.SSE: sse_subscribed
[WebServer] 2026-10-07 15:44:41 [INFO ] HpAgent.TerminalPublisher: sse_terminal_published
[WebServer] 2026-10-07 15:44:41 [INFO ] HpAgent.SSE: sse_terminal_snapshot_sent
[WebServer] 2026-10-07 15:44:41 [INFO ] HpAgent.SSE: sse_disconnected
[WebServer] 2026-10-07 15:44:41 [INFO ] HpAgent.ConversationCommands: run_created
[WebServer] 2026-10-07 15:44:41 [INFO ] HpAgent.WebApi: web_message_accepted
[WebServer] 2026-10-07 15:44:42 [INFO ] HpAgent.SSE: sse_subscribed
[WebServer] 2026-10-07 15:44:46 [INFO ] HpAgent.TerminalPublisher: sse_terminal_published
[WebServer] 2026-10-07 15:44:46 [INFO ] HpAgent.SSE: sse_terminal_snapshot_sent
[WebServer] 2026-10-07 15:44:46 [INFO ] HpAgent.SSE: sse_disconnected
  ✓  16 [chromium] › e2e/ui-2-ai.spec.ts:91:1 › B sends through the real API while A's POST is pending (19.8s)
[WebServer] 2026-10-07 15:44:55 [INFO ] HpAgent.ConversationCommands: run_created
[WebServer] 2026-10-07 15:44:55 [INFO ] HpAgent.WebApi: web_message_accepted
[WebServer] 2026-10-07 15:44:55 [INFO ] HpAgent.SSE: sse_subscribed
[WebServer] 2026-10-07 15:45:00 [INFO ] HpAgent.SSE: sse_terminal_snapshot_sent
[WebServer] 2026-10-07 15:45:00 [INFO ] HpAgent.SSE: sse_disconnected
[WebServer] 2026-10-07 15:45:00 [INFO ] HpAgent.TerminalPublisher: sse_terminal_published
[WebServer] 2026-10-07 15:45:01 [INFO ] HpAgent.ConversationCommands: run_created
[WebServer] 2026-10-07 15:45:01 [INFO ] HpAgent.WebApi: web_message_accepted
[WebServer] 2026-10-07 15:45:01 [INFO ] HpAgent.SSE: sse_subscribed
[WebServer] 2026-10-07 15:45:06 [INFO ] HpAgent.TerminalPublisher: sse_terminal_published
[WebServer] 2026-10-07 15:45:06 [INFO ] HpAgent.SSE: sse_terminal_snapshot_sent
[WebServer] 2026-10-07 15:45:06 [INFO ] HpAgent.SSE: sse_disconnected
  ✓  17 [chromium] › e2e/ui-2-ai.spec.ts:124:1 › empty composer creates only on submission, handles IME, and restores per-conversation drafts (20.9s)
[WebServer] 2026-10-07 15:45:15 [INFO ] HpAgent.ConversationCommands: run_created
[WebServer] 2026-10-07 15:45:15 [INFO ] HpAgent.WebApi: web_message_accepted
[WebServer] 2026-10-07 15:45:15 [INFO ] HpAgent.SSE: sse_subscribed
[WebServer] 2026-10-07 15:45:15 [INFO ] HpAgent.WebApi: web_message_accepted
[WebServer] 2026-10-07 15:45:19 [INFO ] HpAgent.TerminalPublisher: sse_terminal_published
[WebServer] 2026-10-07 15:45:19 [INFO ] HpAgent.SSE: sse_terminal_snapshot_sent
[WebServer] 2026-10-07 15:45:19 [INFO ] HpAgent.SSE: sse_disconnected
  ✓  18 [chromium] › e2e/ui-2-ai.spec.ts:174:1 › a lost POST response is confirmed with the original key and does not duplicate messages (12.0s)
  ✓  19 [chromium] › e2e/ui-2-ai.spec.ts:206:1 › creation completed after leaving AI does not send or navigate and keeps the draft (7.9s)
  ✓  20 [chromium] › e2e/ui-2-ai.spec.ts:238:1 › attachment abandonment is confirmed and existing files are not deleted (7.7s)
  ✓  21 [chromium] › e2e/ui-2-ai.spec.ts:255:1 › rename, read-only resources, focus return, and seven viewport layouts (12.6s)
[WebServer] 2026-10-07 15:46:05 [INFO ] HpAgent.ConversationCommands: run_created
[WebServer] 2026-10-07 15:46:05 [INFO ] HpAgent.WebApi: web_message_accepted
[WebServer] 2026-10-07 15:46:05 [INFO ] HpAgent.SSE: sse_subscribed
[WebServer] 2026-10-07 15:46:09 [INFO ] HpAgent.SSE: sse_terminal_snapshot_sent
[WebServer] 2026-10-07 15:46:09 [INFO ] HpAgent.TerminalPublisher: sse_terminal_published
[WebServer] 2026-10-07 15:46:09 [INFO ] HpAgent.SSE: sse_disconnected
  ✓  22 [chromium] › e2e/ui-2-ai.spec.ts:323:1 › history prepend retains the visible anchor and streaming does not pull a reader to the bottom (22.7s)
  ✓  23 [chromium] › e2e/ui-2-ai.spec.ts:393:1 › failed attachment keeps the draft and exposes a removable error; text zoom remains usable (8.0s)
  ✓  24 [chromium] › e2e/ui-2-ai.spec.ts:435:1 › more than thirty conversations paginate and loaded-title filtering remains local (31.4s)
[WebServer] 2026-10-07 15:47:02 [INFO ] HpAgent.ConversationCommands: run_created
[WebServer] 2026-10-07 15:47:02 [INFO ] HpAgent.WebApi: web_message_accepted
[WebServer] 2026-10-07 15:47:02 [INFO ] HpAgent.SSE: sse_subscribed
[WebServer] 2026-10-07 15:47:08 [INFO ] HpAgent.TerminalPublisher: sse_terminal_published
[WebServer] 2026-10-07 15:47:08 [INFO ] HpAgent.SSE: sse_terminal_snapshot_sent
[WebServer] 2026-10-07 15:47:08 [INFO ] HpAgent.SSE: sse_disconnected
  ✓  25 [chromium] › e2e/ui-3-execution.spec.ts:9:1 › real API: message-bound execution, tab navigation and terminal resource boundary (23.5s)
  ✓  26 [chromium] › e2e/ui-3-execution.spec.ts:52:1 › network fixtures: Work snapshot, missing Trace, approvals and responsive inspector (18.5s)
  ✓  27 [chromium] › e2e/ui-3-execution.spec.ts:198:1 › network fixtures: terminal outputs refresh and permission denial discards old model bodies (30.7s)
  ✓  28 [chromium] › e2e/ui-4-workspace.spec.ts:8:1 › directory deep links, direct children, all files, file preview and browser return (54.3s)
  ✓  29 [chromium] › e2e/ui-4-workspace.spec.ts:43:1 › an existing conversation never receives an implicit upload grant (41.6s)
  ✓  30 [chromium] › e2e/ui-4-workspace.spec.ts:55:1 › lost PUT response resumes from ready metadata and does not reupload or resave (57.9s)
  ✓  31 [chromium] › e2e/ui-4-workspace.spec.ts:88:1 › saved upload survives a failed grant, closes, reopens and retries authorization only (26.3s)
  ✓  32 [chromium] › e2e/ui-4-workspace.spec.ts:133:1 › new conversation usage creates once, restores failed authorization and sends no message (15.6s)
  ✓  33 [chromium] › e2e/ui-4-workspace.spec.ts:169:1 › permission drafts, keyboard tabs, impact invalidation and responsive object surfaces (32.7s)
  ✓  34 [chromium] › e2e/ui-4-workspace.spec.ts:244:1 › empty and unavailable objects keep navigation and focus usable (12.9s)
  ✓  35 [chromium] › e2e/workspace-direct-upload.spec.ts:5:1 › uploads directly to Workspace without creating or authorizing a conversation (31.1s)
[WebServer] 2026-10-07 15:53:02 [INFO ] HpAgent.ConversationCommands: run_created
[WebServer] 2026-10-07 15:53:03 [INFO ] HpAgent.WebApi: web_message_accepted
[WebServer] 2026-10-07 15:53:03 [INFO ] HpAgent.SSE: sse_subscribed
[WebServer] 2026-10-07 15:53:10 [INFO ] HpAgent.TerminalPublisher: sse_terminal_published
[WebServer] 2026-10-07 15:53:10 [INFO ] HpAgent.SSE: sse_terminal_snapshot_sent
[WebServer] 2026-10-07 15:53:10 [INFO ] HpAgent.SSE: sse_disconnected
  ✓  36 [chromium] › e2e/workspace-p1.spec.ts:5:1 › uploads, saves, moves, and downloads a Workspace entry (35.4s)
[WebServer] 2026-10-07 15:53:32 [INFO ] HpAgent.ConversationCommands: run_created
[WebServer] 2026-10-07 15:53:32 [INFO ] HpAgent.WebApi: web_message_accepted
[WebServer] 2026-10-07 15:53:32 [INFO ] HpAgent.SSE: sse_subscribed
[WebServer] 2026-10-07 15:53:37 [INFO ] HpAgent.TerminalPublisher: sse_terminal_published
[WebServer] 2026-10-07 15:53:37 [INFO ] HpAgent.SSE: sse_terminal_snapshot_sent
[WebServer] 2026-10-07 15:53:37 [INFO ] HpAgent.SSE: sse_disconnected
  ✓  37 [chromium] › e2e/workspace-p3.spec.ts:4:1 › upgrades an entry in place and keeps its version when renamed (23.7s)

  37 passed (13.8m)
