
> hpagent-web@0.1.0 test:e2e
> playwright test e2e/ui-4-workspace.spec.ts e2e/workspace-direct-upload.spec.ts e2e/workspace-p1.spec.ts e2e/workspace-p3.spec.ts e2e/manual-repair.spec.ts e2e/ui-2-ai.spec.ts e2e/ui-3-execution.spec.ts e2e/artifact.spec.ts e2e/auth.spec.ts e2e/multi-tab.spec.ts e2e/a11y.spec.ts

[WebServer] INFO:     Started server process [307614]
[WebServer] INFO:     Waiting for application startup.
[WebServer] INFO:     Application startup complete.
[WebServer] INFO:     Uvicorn running on http://0.0.0.0:8184 (Press CTRL+C to quit)
[WebServer] (node:308199) Warning: The 'NO_COLOR' env is ignored due to the 'FORCE_COLOR' env being set.
[WebServer] (Use `node --trace-warnings ...` to show where the warning was created)

Running 37 tests using 1 worker

(node:308343) Warning: The 'NO_COLOR' env is ignored due to the 'FORCE_COLOR' env being set.
(Use `node --trace-warnings ...` to show where the warning was created)
  ✓   1 [chromium] › e2e/a11y.spec.ts:10:1 › login form exposes a heading and labelled fields (7.8s)
  ✓   2 [chromium] › e2e/a11y.spec.ts:18:1 › workbench exposes headings, labelled controls, and semantic buttons (10.5s)
[WebServer] 2026-10-07 15:15:36 [INFO ] HpAgent.ConversationCommands: run_created
[WebServer] 2026-10-07 15:15:36 [INFO ] HpAgent.WebApi: web_message_accepted
[WebServer] 2026-10-07 15:15:36 [INFO ] HpAgent.SSE: sse_subscribed
[WebServer] 2026-10-07 15:15:41 [INFO ] HpAgent.TerminalPublisher: sse_terminal_published
[WebServer] 2026-10-07 15:15:41 [INFO ] HpAgent.SSE: sse_terminal_snapshot_sent
[WebServer] 2026-10-07 15:15:41 [INFO ] HpAgent.SSE: sse_disconnected
  ✘   3 [chromium] › e2e/artifact.spec.ts:5:1 › builds, interacts with, isolates and restores an Artifact (32.4s)
(node:310532) Warning: The 'NO_COLOR' env is ignored due to the 'FORCE_COLOR' env being set.
(Use `node --trace-warnings ...` to show where the warning was created)
  ✓   4 [chromium] › e2e/auth.spec.ts:8:1 › rejects wrong credentials with the server's safe message (5.3s)
  ✓   5 [chromium] › e2e/auth.spec.ts:20:1 › signs in with valid credentials (6.3s)
  ✓   6 [chromium] › e2e/auth.spec.ts:26:1 › signs out back to the login gate (13.5s)
[WebServer] 2026-10-07 15:16:39 [INFO ] HpAgent.Account: web_registration_succeeded account_id=01a11538-b2fd-7a39-896e-bbf4fef13fa7
  ✓   7 [chromium] › e2e/auth.spec.ts:37:1 › registers, auto-signs in, and can log in again (17.7s)
[WebServer] 2026-10-07 15:17:04 [WARNING] HpAgent.WebApi: workspace_request_rejected
  ✓   8 [chromium] › e2e/manual-repair.spec.ts:5:1 › creates a child in the selected directory and explains duplicate names (17.4s)
  ✓   9 [chromium] › e2e/manual-repair.spec.ts:27:1 › uploads and authorizes the current conversation, and keeps chat drafts across pages (29.0s)
  ✓  10 [chromium] › e2e/manual-repair.spec.ts:59:1 › creates reminder and research directly from independent pages on narrow screens (15.7s)
  ✓  11 [chromium] › e2e/manual-repair.spec.ts:88:1 › revises a scheduled work and grants its own directory permissions (16.1s)
[WebServer] 2026-10-07 15:18:18 [INFO ] HpAgent.ConversationCommands: run_created
[WebServer] 2026-10-07 15:18:18 [INFO ] HpAgent.WebApi: web_message_accepted
[WebServer] 2026-10-07 15:18:19 [INFO ] HpAgent.SSE: sse_subscribed
[WebServer] 2026-10-07 15:18:24 [INFO ] HpAgent.SSE: sse_terminal_snapshot_sent
[WebServer] 2026-10-07 15:18:24 [INFO ] HpAgent.TerminalPublisher: sse_terminal_published
[WebServer] 2026-10-07 15:18:24 [INFO ] HpAgent.SSE: sse_disconnected
[WebServer] 2026-10-07 15:18:36 [INFO ] HpAgent.ConversationCommands: run_created
[WebServer] 2026-10-07 15:18:36 [INFO ] HpAgent.WebApi: web_message_accepted
[WebServer] 2026-10-07 15:18:36 [INFO ] HpAgent.SSE: sse_subscribed
[WebServer] 2026-10-07 15:18:41 [INFO ] HpAgent.TerminalPublisher: sse_terminal_published
[WebServer] 2026-10-07 15:18:42 [INFO ] HpAgent.SSE: sse_terminal_snapshot_sent
[WebServer] 2026-10-07 15:18:42 [INFO ] HpAgent.SSE: sse_disconnected
  ✓  12 [chromium] › e2e/multi-tab.spec.ts:12:1 › accounts are isolated across browser contexts (37.8s)
[WebServer] 2026-10-07 15:18:57 [INFO ] HpAgent.ConversationCommands: run_created
[WebServer] 2026-10-07 15:18:57 [INFO ] HpAgent.WebApi: web_message_accepted
[WebServer] 2026-10-07 15:18:57 [INFO ] HpAgent.SSE: sse_subscribed
[WebServer] 2026-10-07 15:19:03 [INFO ] HpAgent.TerminalPublisher: sse_terminal_published
[WebServer] 2026-10-07 15:19:03 [INFO ] HpAgent.SSE: sse_terminal_snapshot_sent
[WebServer] 2026-10-07 15:19:03 [INFO ] HpAgent.SSE: sse_disconnected
[WebServer] 2026-10-07 15:19:14 [INFO ] HpAgent.ConversationCommands: run_created
[WebServer] 2026-10-07 15:19:14 [INFO ] HpAgent.WebApi: web_message_accepted
[WebServer] 2026-10-07 15:19:15 [INFO ] HpAgent.SSE: sse_subscribed
[WebServer] 2026-10-07 15:19:17 [INFO ] HpAgent.SSE: sse_subscribed
[WebServer] 2026-10-07 15:19:19 [INFO ] HpAgent.SSE: sse_disconnected
[WebServer] 2026-10-07 15:19:19 [INFO ] HpAgent.SSE: sse_disconnected
  ✓  13 [chromium] › e2e/multi-tab.spec.ts:36:1 › a second tab cannot send while a Run is active (409 wins) (34.6s)
[WebServer] 2026-10-07 15:19:20 [INFO ] HpAgent.TerminalPublisher: sse_terminal_published
  ✓  14 [chromium] › e2e/ui-2-ai.spec.ts:37:1 › lost DELETE responses close the dialog after authoritative empty readback (15.2s)
  ✓  15 [chromium] › e2e/ui-2-ai.spec.ts:56:1 › revoke finishing during history navigation releases only its conversation lock (28.6s)
[WebServer] 2026-10-07 15:20:28 [INFO ] HpAgent.ConversationCommands: run_created
[WebServer] 2026-10-07 15:20:28 [INFO ] HpAgent.WebApi: web_message_accepted
[WebServer] 2026-10-07 15:20:28 [INFO ] HpAgent.SSE: sse_subscribed
[WebServer] 2026-10-07 15:20:35 [INFO ] HpAgent.TerminalPublisher: sse_terminal_published
[WebServer] 2026-10-07 15:20:35 [INFO ] HpAgent.SSE: sse_terminal_snapshot_sent
[WebServer] 2026-10-07 15:20:35 [INFO ] HpAgent.SSE: sse_disconnected
[WebServer] 2026-10-07 15:20:36 [INFO ] HpAgent.ConversationCommands: run_created
[WebServer] 2026-10-07 15:20:36 [INFO ] HpAgent.WebApi: web_message_accepted
[WebServer] 2026-10-07 15:20:37 [INFO ] HpAgent.SSE: sse_subscribed
[WebServer] 2026-10-07 15:20:41 [INFO ] HpAgent.TerminalPublisher: sse_terminal_published
[WebServer] 2026-10-07 15:20:41 [INFO ] HpAgent.SSE: sse_terminal_snapshot_sent
[WebServer] 2026-10-07 15:20:41 [INFO ] HpAgent.SSE: sse_disconnected
  ✓  16 [chromium] › e2e/ui-2-ai.spec.ts:91:1 › B sends through the real API while A's POST is pending (37.3s)
[WebServer] 2026-10-07 15:20:53 [INFO ] HpAgent.ConversationCommands: run_created
[WebServer] 2026-10-07 15:20:53 [INFO ] HpAgent.WebApi: web_message_accepted
[WebServer] 2026-10-07 15:20:53 [INFO ] HpAgent.SSE: sse_subscribed
[WebServer] 2026-10-07 15:20:58 [INFO ] HpAgent.TerminalPublisher: sse_terminal_published
[WebServer] 2026-10-07 15:20:58 [INFO ] HpAgent.SSE: sse_terminal_snapshot_sent
[WebServer] 2026-10-07 15:20:58 [INFO ] HpAgent.SSE: sse_disconnected
[WebServer] 2026-10-07 15:21:01 [INFO ] HpAgent.ConversationCommands: run_created
[WebServer] 2026-10-07 15:21:01 [INFO ] HpAgent.WebApi: web_message_accepted
[WebServer] 2026-10-07 15:21:01 [INFO ] HpAgent.SSE: sse_subscribed
[WebServer] 2026-10-07 15:21:06 [INFO ] HpAgent.TerminalPublisher: sse_terminal_published
[WebServer] 2026-10-07 15:21:06 [INFO ] HpAgent.SSE: sse_terminal_snapshot_sent
[WebServer] 2026-10-07 15:21:06 [INFO ] HpAgent.SSE: sse_disconnected
  ✓  17 [chromium] › e2e/ui-2-ai.spec.ts:124:1 › empty composer creates only on submission, handles IME, and restores per-conversation drafts (28.4s)
[WebServer] 2026-10-07 15:21:21 [INFO ] HpAgent.ConversationCommands: run_created
[WebServer] 2026-10-07 15:21:21 [INFO ] HpAgent.WebApi: web_message_accepted
[WebServer] 2026-10-07 15:21:21 [INFO ] HpAgent.SSE: sse_subscribed
[WebServer] 2026-10-07 15:21:21 [INFO ] HpAgent.WebApi: web_message_accepted
[WebServer] 2026-10-07 15:21:25 [INFO ] HpAgent.TerminalPublisher: sse_terminal_published
[WebServer] 2026-10-07 15:21:26 [INFO ] HpAgent.SSE: sse_terminal_snapshot_sent
[WebServer] 2026-10-07 15:21:26 [INFO ] HpAgent.SSE: sse_disconnected
  ✓  18 [chromium] › e2e/ui-2-ai.spec.ts:174:1 › a lost POST response is confirmed with the original key and does not duplicate messages (16.3s)
  ✓  19 [chromium] › e2e/ui-2-ai.spec.ts:206:1 › creation completed after leaving AI does not send or navigate and keeps the draft (9.9s)
  ✓  20 [chromium] › e2e/ui-2-ai.spec.ts:238:1 › attachment abandonment is confirmed and existing files are not deleted (11.4s)
  ✓  21 [chromium] › e2e/ui-2-ai.spec.ts:255:1 › rename, read-only resources, focus return, and seven viewport layouts (28.1s)
[WebServer] 2026-10-07 15:22:48 [INFO ] HpAgent.ConversationCommands: run_created
[WebServer] 2026-10-07 15:22:48 [INFO ] HpAgent.WebApi: web_message_accepted
[WebServer] 2026-10-07 15:22:49 [INFO ] HpAgent.SSE: sse_subscribed
[WebServer] 2026-10-07 15:22:53 [INFO ] HpAgent.TerminalPublisher: sse_terminal_published
[WebServer] 2026-10-07 15:22:53 [INFO ] HpAgent.SSE: sse_terminal_snapshot_sent
[WebServer] 2026-10-07 15:22:53 [INFO ] HpAgent.SSE: sse_disconnected
  ✓  22 [chromium] › e2e/ui-2-ai.spec.ts:323:1 › history prepend retains the visible anchor and streaming does not pull a reader to the bottom (40.0s)
  ✓  23 [chromium] › e2e/ui-2-ai.spec.ts:393:1 › failed attachment keeps the draft and exposes a removable error; text zoom remains usable (15.0s)
  ✓  24 [chromium] › e2e/ui-2-ai.spec.ts:435:1 › more than thirty conversations paginate and loaded-title filtering remains local (28.6s)
[WebServer] 2026-10-07 15:23:52 [INFO ] HpAgent.ConversationCommands: run_created
[WebServer] 2026-10-07 15:23:52 [INFO ] HpAgent.WebApi: web_message_accepted
[WebServer] 2026-10-07 15:23:52 [INFO ] HpAgent.SSE: sse_subscribed
[WebServer] 2026-10-07 15:23:57 [INFO ] HpAgent.TerminalPublisher: sse_terminal_published
[WebServer] 2026-10-07 15:23:57 [INFO ] HpAgent.SSE: sse_terminal_snapshot_sent
[WebServer] 2026-10-07 15:23:57 [INFO ] HpAgent.SSE: sse_disconnected
  ✓  25 [chromium] › e2e/ui-3-execution.spec.ts:9:1 › real API: message-bound execution, tab navigation and terminal resource boundary (23.7s)
  ✓  26 [chromium] › e2e/ui-3-execution.spec.ts:52:1 › network fixtures: Work snapshot, missing Trace, approvals and responsive inspector (20.4s)
  ✓  27 [chromium] › e2e/ui-3-execution.spec.ts:198:1 › network fixtures: terminal outputs refresh and permission denial discards old model bodies (12.1s)
  ✓  28 [chromium] › e2e/ui-4-workspace.spec.ts:8:1 › directory deep links, direct children, all files, file preview and browser return (20.7s)
  ✓  29 [chromium] › e2e/ui-4-workspace.spec.ts:43:1 › an existing conversation never receives an implicit upload grant (9.4s)
  ✓  30 [chromium] › e2e/ui-4-workspace.spec.ts:55:1 › lost PUT response resumes from ready metadata and does not reupload or resave (7.2s)
  ✓  31 [chromium] › e2e/ui-4-workspace.spec.ts:88:1 › saved upload survives a failed grant, closes, reopens and retries authorization only (10.4s)
  ✓  32 [chromium] › e2e/ui-4-workspace.spec.ts:133:1 › new conversation usage creates once, restores failed authorization and sends no message (9.9s)
  ✓  33 [chromium] › e2e/ui-4-workspace.spec.ts:169:1 › permission drafts, keyboard tabs, impact invalidation and responsive object surfaces (22.9s)
  ✓  34 [chromium] › e2e/ui-4-workspace.spec.ts:244:1 › empty and unavailable objects keep navigation and focus usable (9.1s)
  ✓  35 [chromium] › e2e/workspace-direct-upload.spec.ts:5:1 › uploads directly to Workspace without creating or authorizing a conversation (8.0s)
[WebServer] 2026-10-07 15:26:25 [INFO ] HpAgent.ConversationCommands: run_created
[WebServer] 2026-10-07 15:26:25 [INFO ] HpAgent.WebApi: web_message_accepted
[WebServer] 2026-10-07 15:26:25 [INFO ] HpAgent.SSE: sse_subscribed
[WebServer] 2026-10-07 15:26:28 [INFO ] HpAgent.SSE: sse_disconnected
  ✓  36 [chromium] › e2e/workspace-p1.spec.ts:5:1 › uploads, saves, moves, and downloads a Workspace entry (12.3s)
[WebServer] 2026-10-07 15:26:30 [INFO ] HpAgent.TerminalPublisher: sse_terminal_published
[WebServer] 2026-10-07 15:26:35 [INFO ] HpAgent.ConversationCommands: run_created
[WebServer] 2026-10-07 15:26:35 [INFO ] HpAgent.WebApi: web_message_accepted
[WebServer] 2026-10-07 15:26:35 [INFO ] HpAgent.SSE: sse_subscribed
[WebServer] 2026-10-07 15:26:39 [INFO ] HpAgent.SSE: sse_disconnected
  ✓  37 [chromium] › e2e/workspace-p3.spec.ts:4:1 › upgrades an entry in place and keeps its version when renamed (10.8s)
[WebServer] 2026-10-07 15:26:40 [INFO ] HpAgent.TerminalPublisher: sse_terminal_published


  1) [chromium] › e2e/artifact.spec.ts:5:1 › builds, interacts with, isolates and restores an Artifact 

    Error: expect(locator).toBeVisible() failed

    Locator: getByTitle('Artifact 预览')
    Expected: visible
    Timeout: 15000ms
    Error: element(s) not found

    Call log:
      - Expect "toBeVisible" with timeout 15000ms
      - waiting for getByTitle('Artifact 预览')


      13 |   await expect(panel).toBeVisible();
      14 |   const frame = page.getByTitle("Artifact 预览");
    > 15 |   await expect(frame).toBeVisible({ timeout: 15_000 });
         |                       ^
      16 |   expect(await frame.getAttribute("sandbox")).toBe("allow-scripts");
      17 |   await mkdir("../artifacts/product-acceptance/ui-2/screenshots", { recursive: true });
      18 |   await page.screenshot({
        at /home/hp/workspace/HpAgent_web/web/e2e/artifact.spec.ts:15:23

    Error Context: test-results/artifact-builds-interacts--599d4-es-and-restores-an-Artifact-chromium/error-context.md

    attachment #2: trace (application/zip) ─────────────────────────────────────────────────────────
    test-results/artifact-builds-interacts--599d4-es-and-restores-an-Artifact-chromium/trace.zip
    Usage:

        npx playwright show-trace test-results/artifact-builds-interacts--599d4-es-and-restores-an-Artifact-chromium/trace.zip

    ────────────────────────────────────────────────────────────────────────────────────────────────

  1 failed
    [chromium] › e2e/artifact.spec.ts:5:1 › builds, interacts with, isolates and restores an Artifact 
  36 passed (11.8m)
