
> hpagent-web@0.1.0 test:e2e
> playwright test e2e/ui-4-workspace.spec.ts e2e/workspace-direct-upload.spec.ts e2e/workspace-p1.spec.ts e2e/workspace-p3.spec.ts e2e/manual-repair.spec.ts e2e/ui-2-ai.spec.ts e2e/ui-3-execution.spec.ts e2e/artifact.spec.ts e2e/auth.spec.ts e2e/multi-tab.spec.ts e2e/a11y.spec.ts

[WebServer] INFO:     Started server process [164606]
[WebServer] INFO:     Waiting for application startup.
[WebServer] INFO:     Application startup complete.
[WebServer] INFO:     Uvicorn running on http://0.0.0.0:8184 (Press CTRL+C to quit)
[WebServer] (node:166946) Warning: The 'NO_COLOR' env is ignored due to the 'FORCE_COLOR' env being set.
[WebServer] (Use `node --trace-warnings ...` to show where the warning was created)

Running 36 tests using 1 worker

(node:167404) Warning: The 'NO_COLOR' env is ignored due to the 'FORCE_COLOR' env being set.
(Use `node --trace-warnings ...` to show where the warning was created)
  ✓   1 [chromium] › e2e/a11y.spec.ts:10:1 › login form exposes a heading and labelled fields (31.2s)
  ✓   2 [chromium] › e2e/a11y.spec.ts:18:1 › workbench exposes headings, labelled controls, and semantic buttons (28.0s)
[WebServer] 2026-10-07 14:11:26 [INFO ] HpAgent.ConversationCommands: run_created
[WebServer] 2026-10-07 14:11:26 [INFO ] HpAgent.WebApi: web_message_accepted
[WebServer] 2026-10-07 14:11:26 [INFO ] HpAgent.SSE: sse_subscribed
[WebServer] 2026-10-07 14:11:34 [INFO ] HpAgent.TerminalPublisher: sse_terminal_published
[WebServer] 2026-10-07 14:11:35 [INFO ] HpAgent.SSE: sse_terminal_snapshot_sent
[WebServer] 2026-10-07 14:11:35 [INFO ] HpAgent.SSE: sse_disconnected
  ✓   3 [chromium] › e2e/artifact.spec.ts:5:1 › builds, interacts with, isolates and restores an Artifact (48.9s)
  ✓   4 [chromium] › e2e/auth.spec.ts:8:1 › rejects wrong credentials with the server's safe message (14.0s)
  ✓   5 [chromium] › e2e/auth.spec.ts:20:1 › signs in with valid credentials (15.1s)
  ✓   6 [chromium] › e2e/auth.spec.ts:26:1 › signs out back to the login gate (19.9s)
[WebServer] 2026-10-07 14:12:59 [INFO ] HpAgent.Account: web_registration_succeeded account_id=01a114fe-6718-754c-8be7-6dfb96aaea13
  ✓   7 [chromium] › e2e/auth.spec.ts:37:1 › registers, auto-signs in, and can log in again (13.6s)
[WebServer] 2026-10-07 14:13:20 [WARNING] HpAgent.WebApi: workspace_request_rejected
  ✓   8 [chromium] › e2e/manual-repair.spec.ts:5:1 › creates a child in the selected directory and explains duplicate names (15.3s)
  ✘   9 [chromium] › e2e/manual-repair.spec.ts:27:1 › uploads and authorizes the current conversation, and keeps chat drafts across pages (50.9s)
(node:176084) Warning: The 'NO_COLOR' env is ignored due to the 'FORCE_COLOR' env being set.
(Use `node --trace-warnings ...` to show where the warning was created)
  ✓  10 [chromium] › e2e/manual-repair.spec.ts:59:1 › creates reminder and research directly from independent pages on narrow screens (45.4s)
  ✓  11 [chromium] › e2e/manual-repair.spec.ts:88:1 › revises a scheduled work and grants its own directory permissions (22.9s)
[WebServer] 2026-10-07 14:16:07 [INFO ] HpAgent.ConversationCommands: run_created
[WebServer] 2026-10-07 14:16:07 [INFO ] HpAgent.WebApi: web_message_accepted
[WebServer] 2026-10-07 14:16:07 [INFO ] HpAgent.SSE: sse_subscribed
[WebServer] 2026-10-07 14:16:12 [INFO ] HpAgent.TerminalPublisher: sse_terminal_published
[WebServer] 2026-10-07 14:16:12 [INFO ] HpAgent.SSE: sse_terminal_snapshot_sent
[WebServer] 2026-10-07 14:16:13 [INFO ] HpAgent.SSE: sse_disconnected
[WebServer] 2026-10-07 14:16:36 [INFO ] HpAgent.ConversationCommands: run_created
[WebServer] 2026-10-07 14:16:36 [INFO ] HpAgent.WebApi: web_message_accepted
[WebServer] 2026-10-07 14:16:36 [INFO ] HpAgent.SSE: sse_subscribed
[WebServer] 2026-10-07 14:16:41 [INFO ] HpAgent.TerminalPublisher: sse_terminal_published
[WebServer] 2026-10-07 14:16:41 [INFO ] HpAgent.SSE: sse_terminal_snapshot_sent
[WebServer] 2026-10-07 14:16:41 [INFO ] HpAgent.SSE: sse_disconnected
  ✘  12 [chromium] › e2e/multi-tab.spec.ts:12:1 › accounts are isolated across browser contexts (1.0m)
(node:181240) Warning: The 'NO_COLOR' env is ignored due to the 'FORCE_COLOR' env being set.
(Use `node --trace-warnings ...` to show where the warning was created)
[WebServer] 2026-10-07 14:17:09 [INFO ] HpAgent.ConversationCommands: run_created
[WebServer] 2026-10-07 14:17:09 [INFO ] HpAgent.WebApi: web_message_accepted
[WebServer] 2026-10-07 14:17:10 [INFO ] HpAgent.SSE: sse_subscribed
[WebServer] 2026-10-07 14:17:15 [INFO ] HpAgent.TerminalPublisher: sse_terminal_published
[WebServer] 2026-10-07 14:17:15 [INFO ] HpAgent.SSE: sse_terminal_snapshot_sent
[WebServer] 2026-10-07 14:17:15 [INFO ] HpAgent.SSE: sse_disconnected
[WebServer] 2026-10-07 14:17:28 [INFO ] HpAgent.ConversationCommands: run_created
[WebServer] 2026-10-07 14:17:28 [INFO ] HpAgent.WebApi: web_message_accepted
[WebServer] 2026-10-07 14:17:28 [INFO ] HpAgent.SSE: sse_subscribed
[WebServer] 2026-10-07 14:17:30 [INFO ] HpAgent.SSE: sse_subscribed
[WebServer] 2026-10-07 14:17:32 [INFO ] HpAgent.SSE: sse_disconnected
  ✓  13 [chromium] › e2e/multi-tab.spec.ts:34:1 › a second tab cannot send while a Run is active (409 wins) (38.5s)
[WebServer] 2026-10-07 14:17:32 [INFO ] HpAgent.SSE: sse_disconnected
[WebServer] 2026-10-07 14:17:33 [INFO ] HpAgent.TerminalPublisher: sse_terminal_published
  ✘  14 [chromium] › e2e/ui-2-ai.spec.ts:37:1 › lost DELETE responses close the dialog after authoritative empty readback (34.9s)
(node:184361) Warning: The 'NO_COLOR' env is ignored due to the 'FORCE_COLOR' env being set.
(Use `node --trace-warnings ...` to show where the warning was created)
  ✓  15 [chromium] › e2e/ui-2-ai.spec.ts:56:1 › revoke finishing during history navigation releases only its conversation lock (27.9s)
[WebServer] 2026-10-07 14:19:06 [INFO ] HpAgent.ConversationCommands: run_created
[WebServer] 2026-10-07 14:19:06 [INFO ] HpAgent.WebApi: web_message_accepted
[WebServer] 2026-10-07 14:19:06 [INFO ] HpAgent.SSE: sse_subscribed
[WebServer] 2026-10-07 14:19:11 [INFO ] HpAgent.SSE: sse_terminal_snapshot_sent
[WebServer] 2026-10-07 14:19:11 [INFO ] HpAgent.TerminalPublisher: sse_terminal_published
[WebServer] 2026-10-07 14:19:11 [INFO ] HpAgent.SSE: sse_disconnected
[WebServer] 2026-10-07 14:19:13 [INFO ] HpAgent.ConversationCommands: run_created
[WebServer] 2026-10-07 14:19:13 [INFO ] HpAgent.WebApi: web_message_accepted
[WebServer] 2026-10-07 14:19:13 [INFO ] HpAgent.SSE: sse_subscribed
[WebServer] 2026-10-07 14:19:18 [INFO ] HpAgent.TerminalPublisher: sse_terminal_published
[WebServer] 2026-10-07 14:19:18 [INFO ] HpAgent.SSE: sse_terminal_snapshot_sent
[WebServer] 2026-10-07 14:19:18 [INFO ] HpAgent.SSE: sse_disconnected
  ✓  16 [chromium] › e2e/ui-2-ai.spec.ts:91:1 › B sends through the real API while A's POST is pending (35.8s)
[WebServer] 2026-10-07 14:19:35 [INFO ] HpAgent.ConversationCommands: run_created
[WebServer] 2026-10-07 14:19:35 [INFO ] HpAgent.WebApi: web_message_accepted
[WebServer] 2026-10-07 14:19:36 [INFO ] HpAgent.SSE: sse_subscribed
[WebServer] 2026-10-07 14:19:41 [INFO ] HpAgent.TerminalPublisher: sse_terminal_published
[WebServer] 2026-10-07 14:19:41 [INFO ] HpAgent.SSE: sse_terminal_snapshot_sent
[WebServer] 2026-10-07 14:19:41 [INFO ] HpAgent.SSE: sse_disconnected
[WebServer] 2026-10-07 14:19:47 [INFO ] HpAgent.ConversationCommands: run_created
[WebServer] 2026-10-07 14:19:47 [INFO ] HpAgent.WebApi: web_message_accepted
[WebServer] 2026-10-07 14:19:48 [INFO ] HpAgent.SSE: sse_subscribed
[WebServer] 2026-10-07 14:19:54 [INFO ] HpAgent.SSE: sse_terminal_snapshot_sent
[WebServer] 2026-10-07 14:19:54 [INFO ] HpAgent.SSE: sse_disconnected
[WebServer] 2026-10-07 14:19:54 [INFO ] HpAgent.TerminalPublisher: sse_terminal_published
  ✓  17 [chromium] › e2e/ui-2-ai.spec.ts:124:1 › empty composer creates only on submission, handles IME, and restores per-conversation drafts (55.8s)
  ✘  18 [chromium] › e2e/ui-2-ai.spec.ts:174:1 › a lost POST response is confirmed with the original key and does not duplicate messages (1.1m)
(node:190950) Warning: The 'NO_COLOR' env is ignored due to the 'FORCE_COLOR' env being set.
(Use `node --trace-warnings ...` to show where the warning was created)
  ✓  19 [chromium] › e2e/ui-2-ai.spec.ts:206:1 › creation completed after leaving AI does not send or navigate and keeps the draft (43.5s)
  ✓  20 [chromium] › e2e/ui-2-ai.spec.ts:238:1 › attachment abandonment is confirmed and existing files are not deleted (34.5s)
  ✓  21 [chromium] › e2e/ui-2-ai.spec.ts:255:1 › rename, read-only resources, focus return, and seven viewport layouts (42.5s)
[WebServer] 2026-10-07 14:24:35 [INFO ] HpAgent.ConversationCommands: run_created
[WebServer] 2026-10-07 14:24:35 [INFO ] HpAgent.WebApi: web_message_accepted
[WebServer] 2026-10-07 14:24:35 [INFO ] HpAgent.SSE: sse_subscribed
[WebServer] 2026-10-07 14:24:40 [INFO ] HpAgent.SSE: sse_terminal_snapshot_sent
[WebServer] 2026-10-07 14:24:40 [INFO ] HpAgent.SSE: sse_disconnected
[WebServer] 2026-10-07 14:24:40 [INFO ] HpAgent.TerminalPublisher: sse_terminal_published
  ✓  22 [chromium] › e2e/ui-2-ai.spec.ts:323:1 › history prepend retains the visible anchor and streaming does not pull a reader to the bottom (49.4s)
  ✓  23 [chromium] › e2e/ui-2-ai.spec.ts:393:1 › failed attachment keeps the draft and exposes a removable error; text zoom remains usable (19.0s)
  ✓  24 [chromium] › e2e/ui-2-ai.spec.ts:435:1 › more than thirty conversations paginate and loaded-title filtering remains local (55.4s)
[WebServer] 2026-10-07 14:26:19 [INFO ] HpAgent.ConversationCommands: run_created
[WebServer] 2026-10-07 14:26:19 [INFO ] HpAgent.WebApi: web_message_accepted
[WebServer] 2026-10-07 14:26:20 [INFO ] HpAgent.SSE: sse_subscribed
[WebServer] 2026-10-07 14:26:27 [INFO ] HpAgent.TerminalPublisher: sse_terminal_published
[WebServer] 2026-10-07 14:26:27 [INFO ] HpAgent.SSE: sse_terminal_snapshot_sent
[WebServer] 2026-10-07 14:26:27 [INFO ] HpAgent.SSE: sse_disconnected
  ✓  25 [chromium] › e2e/ui-3-execution.spec.ts:9:1 › real API: message-bound execution, tab navigation and terminal resource boundary (36.2s)
  ✓  26 [chromium] › e2e/ui-3-execution.spec.ts:52:1 › network fixtures: Work snapshot, missing Trace, approvals and responsive inspector (21.6s)
  ✓  27 [chromium] › e2e/ui-3-execution.spec.ts:198:1 › network fixtures: terminal outputs refresh and permission denial discards old model bodies (15.8s)
  ✘  28 [chromium] › e2e/ui-4-workspace.spec.ts:8:1 › directory deep links, direct children, all files, file preview and browser return (23.8s)
(node:203761) Warning: The 'NO_COLOR' env is ignored due to the 'FORCE_COLOR' env being set.
(Use `node --trace-warnings ...` to show where the warning was created)
  ✓  29 [chromium] › e2e/ui-4-workspace.spec.ts:21:1 › an existing conversation never receives an implicit upload grant (19.8s)
  ✓  30 [chromium] › e2e/ui-4-workspace.spec.ts:27:1 › lost PUT response resumes from ready metadata and does not reupload or resave (11.1s)
  ✓  31 [chromium] › e2e/ui-4-workspace.spec.ts:38:1 › saved upload survives a failed grant, closes, reopens and retries authorization only (16.9s)
  ✓  32 [chromium] › e2e/ui-4-workspace.spec.ts:53:1 › new conversation usage creates once, restores failed authorization and sends no message (13.4s)
  ✓  33 [chromium] › e2e/ui-4-workspace.spec.ts:64:1 › permission drafts, keyboard tabs, impact invalidation and responsive object surfaces (22.1s)
  ✓  34 [chromium] › e2e/workspace-direct-upload.spec.ts:5:1 › uploads directly to Workspace without creating or authorizing a conversation (9.6s)
[WebServer] 2026-10-07 14:29:45 [INFO ] HpAgent.ConversationCommands: run_created
[WebServer] 2026-10-07 14:29:45 [INFO ] HpAgent.WebApi: web_message_accepted
[WebServer] 2026-10-07 14:29:45 [INFO ] HpAgent.SSE: sse_subscribed
[WebServer] 2026-10-07 14:30:07 [INFO ] HpAgent.TerminalPublisher: sse_terminal_published
[WebServer] 2026-10-07 14:30:07 [INFO ] HpAgent.SSE: sse_terminal_snapshot_sent
[WebServer] 2026-10-07 14:30:07 [INFO ] HpAgent.SSE: sse_disconnected
  ✘  35 [chromium] › e2e/workspace-p1.spec.ts:5:1 › uploads, saves, moves, and downloads a Workspace entry (1.1m)
(node:209990) Warning: The 'NO_COLOR' env is ignored due to the 'FORCE_COLOR' env being set.
(Use `node --trace-warnings ...` to show where the warning was created)
[WebServer] 2026-10-07 14:31:14 [INFO ] HpAgent.ConversationCommands: run_created
[WebServer] 2026-10-07 14:31:14 [INFO ] HpAgent.WebApi: web_message_accepted
[WebServer] 2026-10-07 14:31:14 [INFO ] HpAgent.SSE: sse_subscribed
[WebServer] 2026-10-07 14:31:19 [INFO ] HpAgent.TerminalPublisher: sse_terminal_published
[WebServer] 2026-10-07 14:31:20 [INFO ] HpAgent.SSE: sse_terminal_snapshot_sent
[WebServer] 2026-10-07 14:31:20 [INFO ] HpAgent.SSE: sse_disconnected
  ✓  36 [chromium] › e2e/workspace-p3.spec.ts:4:1 › upgrades an entry in place and keeps its version when renamed (39.8s)


  1) [chromium] › e2e/manual-repair.spec.ts:27:1 › uploads and authorizes the current conversation, and keeps chat drafts across pages 

    Error: expect(locator).toBeVisible() failed

    Locator: getByRole('dialog', { name: '当前对话资料', exact: true }).getByText(/仅管理|账户可浏览|选择对话或任务/)
    Expected: visible
    Timeout: 15000ms
    Error: element(s) not found

    Call log:
      - Expect "toBeVisible" with timeout 15000ms
      - waiting for getByRole('dialog', { name: '当前对话资料', exact: true }).getByText(/仅管理|账户可浏览|选择对话或任务/)


      50 |   await expect(
      51 |     page.getByRole("dialog", { name: "当前对话资料", exact: true }).getByText(/仅管理|账户可浏览|选择对话或任务/),
    > 52 |   ).toBeVisible();
         |     ^
      53 |   await page.getByRole("button", { name: "关闭当前对话资料" }).click();
      54 |   await page.getByRole("button", { name: "AI", exact: true }).click();
      55 |   await expect(page.getByPlaceholder(/输入消息/)).toHaveValue("切页后保留的草稿");
        at /home/hp/workspace/HpAgent_web/web/e2e/manual-repair.spec.ts:52:5

    Error Context: test-results/manual-repair-uploads-and--bd0f0-ps-chat-drafts-across-pages-chromium/error-context.md

    attachment #2: trace (application/zip) ─────────────────────────────────────────────────────────
    test-results/manual-repair-uploads-and--bd0f0-ps-chat-drafts-across-pages-chromium/trace.zip
    Usage:

        npx playwright show-trace test-results/manual-repair-uploads-and--bd0f0-ps-chat-drafts-across-pages-chromium/trace.zip

    ────────────────────────────────────────────────────────────────────────────────────────────────

  2) [chromium] › e2e/multi-tab.spec.ts:12:1 › accounts are isolated across browser contexts ───────

    Test timeout of 60000ms exceeded.

    Error: browserContext.close: Target page, context or browser has been closed

      29 |
      30 |   await aliceCtx.close();
    > 31 |   await bobCtx.close();
         |   ^
      32 | });
      33 |
      34 | test("a second tab cannot send while a Run is active (409 wins)", async ({ browser }) => {
        at /home/hp/workspace/HpAgent_web/web/e2e/multi-tab.spec.ts:31:3

    Error Context: test-results/multi-tab-accounts-are-isolated-across-browser-contexts-chromium/error-context.md

    attachment #2: trace (application/zip) ─────────────────────────────────────────────────────────
    test-results/multi-tab-accounts-are-isolated-across-browser-contexts-chromium/trace.zip
    Usage:

        npx playwright show-trace test-results/multi-tab-accounts-are-isolated-across-browser-contexts-chromium/trace.zip

    ────────────────────────────────────────────────────────────────────────────────────────────────

  3) [chromium] › e2e/ui-2-ai.spec.ts:37:1 › lost DELETE responses close the dialog after authoritative empty readback 

    Error: expect(locator).toBeVisible() failed

    Locator: getByText('暂无长期资料', { exact: true })
    Expected: visible
    Timeout: 15000ms
    Error: element(s) not found

    Call log:
      - Expect "toBeVisible" with timeout 15000ms
      - waiting for getByText('暂无长期资料', { exact: true })


      49 |   await page.getByRole("button", { name: "确认撤销", exact: true }).click();
      50 |   await expect(page.getByRole("dialog", { name: "撤销长期资料授权" })).not.toBeVisible();
    > 51 |   await expect(page.getByText("暂无长期资料", { exact: true })).toBeVisible();
         |                                                           ^
      52 |   await expect(page.getByText("授权已撤销。", { exact: true })).toBeVisible();
      53 |   await expect(page.getByRole("textbox", { name: "消息输入" })).toBeVisible();
      54 | });
        at /home/hp/workspace/HpAgent_web/web/e2e/ui-2-ai.spec.ts:51:59

    Error Context: test-results/ui-2-ai-lost-DELETE-respon-9f595-uthoritative-empty-readback-chromium/error-context.md

    attachment #2: trace (application/zip) ─────────────────────────────────────────────────────────
    test-results/ui-2-ai-lost-DELETE-respon-9f595-uthoritative-empty-readback-chromium/trace.zip
    Usage:

        npx playwright show-trace test-results/ui-2-ai-lost-DELETE-respon-9f595-uthoritative-empty-readback-chromium/trace.zip

    ────────────────────────────────────────────────────────────────────────────────────────────────

  4) [chromium] › e2e/ui-2-ai.spec.ts:174:1 › a lost POST response is confirmed with the original key and does not duplicate messages 

    Test timeout of 60000ms exceeded.

    Error: locator.click: Target page, context or browser has been closed

       at helpers.ts:33

      31 |   );
      32 |   // Preparing an attachment is an actual operation that needs a real ID.
    > 33 |   await page.getByText("选择已有文件", { exact: true }).click();
         |                                                   ^
      34 |   const response = await created;
      35 |   expect(response.status()).toBe(201);
      36 |   const { conversation } = await response.json();
        at createConversation (/home/hp/workspace/HpAgent_web/web/e2e/helpers.ts:33:51)
        at /home/hp/workspace/HpAgent_web/web/e2e/ui-2-ai.spec.ts:178:3

    Error Context: test-results/ui-2-ai-a-lost-POST-respon-35c1e-does-not-duplicate-messages-chromium/error-context.md

    attachment #2: trace (application/zip) ─────────────────────────────────────────────────────────
    test-results/ui-2-ai-a-lost-POST-respon-35c1e-does-not-duplicate-messages-chromium/trace.zip
    Usage:

        npx playwright show-trace test-results/ui-2-ai-a-lost-POST-respon-35c1e-does-not-duplicate-messages-chromium/trace.zip

    ────────────────────────────────────────────────────────────────────────────────────────────────

  5) [chromium] › e2e/ui-4-workspace.spec.ts:8:1 › directory deep links, direct children, all files, file preview and browser return 

    Error: expect(received).toBe(expected) // Object.is equality

    Expected: "#/workspace?dir=01a1150b-9e67-7c7a-840e-528252a5c23c"
    Received: "#/workspace"

      11 |   await login(page);
      12 |   const panel = await workspace(page);
    > 13 |   const name = `nested-${Date.now()}`;
         |                                       ^
      14 |   await panel.getByLabel("新目录名称").fill(name);
      15 |   await panel.getByRole("button", { name: "新建目录" }).click();
      16 |   await panel.getByRole("button", { name: `📁 ${name}`, exact: true }).click();
        at /home/hp/workspace/HpAgent_web/web/e2e/ui-4-workspace.spec.ts:13:110

    Error Context: test-results/ui-4-workspace-directory-d-11a69--preview-and-browser-return-chromium/error-context.md

    attachment #2: trace (application/zip) ─────────────────────────────────────────────────────────
    test-results/ui-4-workspace-directory-d-11a69--preview-and-browser-return-chromium/trace.zip
    Usage:

        npx playwright show-trace test-results/ui-4-workspace-directory-d-11a69--preview-and-browser-return-chromium/trace.zip

    ────────────────────────────────────────────────────────────────────────────────────────────────

  6) [chromium] › e2e/workspace-p1.spec.ts:5:1 › uploads, saves, moves, and downloads a Workspace entry 

    Test timeout of 60000ms exceeded.

    Error: locator.selectOption: Test timeout of 60000ms exceeded.
    Call log:
      - waiting for getByRole('dialog', { name: '管理空间入口' }).getByLabel('Workspace 目标目录')
        - locator resolved to <select aria-label="Workspace 目标目录">…</select>
      - attempting select option action
        - waiting for element to be visible and enabled
      - element was detached from the DOM, retrying


      16 |     (r) => r.url().includes("/uploads/") && r.request().method() === "PUT",
      17 |   );
    > 18 |   await page.locator('.hp-composer__attach input[type="file"]').setInputFiles({
         |                                                                                ^
      19 |     name: "报告.md",
      20 |     mimeType: "text/markdown",
      21 |     buffer: Buffer.from("# P1 浏览器下载\n"),
        at /home/hp/workspace/HpAgent_web/web/e2e/workspace-p1.spec.ts:18:110

    Error Context: test-results/workspace-p1-uploads-saves-87979-downloads-a-Workspace-entry-chromium/error-context.md

    attachment #2: trace (application/zip) ─────────────────────────────────────────────────────────
    test-results/workspace-p1-uploads-saves-87979-downloads-a-Workspace-entry-chromium/trace.zip
    Usage:

        npx playwright show-trace test-results/workspace-p1-uploads-saves-87979-downloads-a-Workspace-entry-chromium/trace.zip

    ────────────────────────────────────────────────────────────────────────────────────────────────

  6 failed
    [chromium] › e2e/manual-repair.spec.ts:27:1 › uploads and authorizes the current conversation, and keeps chat drafts across pages 
    [chromium] › e2e/multi-tab.spec.ts:12:1 › accounts are isolated across browser contexts ────────
    [chromium] › e2e/ui-2-ai.spec.ts:37:1 › lost DELETE responses close the dialog after authoritative empty readback 
    [chromium] › e2e/ui-2-ai.spec.ts:174:1 › a lost POST response is confirmed with the original key and does not duplicate messages 
    [chromium] › e2e/ui-4-workspace.spec.ts:8:1 › directory deep links, direct children, all files, file preview and browser return 
    [chromium] › e2e/workspace-p1.spec.ts:5:1 › uploads, saves, moves, and downloads a Workspace entry 
  30 passed (22.5m)
