
> hpagent-web@0.1.0 test:e2e
> playwright test e2e/ui-4-workspace.spec.ts e2e/workspace-direct-upload.spec.ts e2e/workspace-p1.spec.ts e2e/workspace-p3.spec.ts e2e/manual-repair.spec.ts e2e/ui-2-ai.spec.ts e2e/ui-3-execution.spec.ts e2e/artifact.spec.ts e2e/auth.spec.ts e2e/multi-tab.spec.ts e2e/a11y.spec.ts

[WebServer] INFO:     Started server process [240727]
[WebServer] INFO:     Waiting for application startup.
[WebServer] INFO:     Application startup complete.
[WebServer] INFO:     Uvicorn running on http://0.0.0.0:8184 (Press CTRL+C to quit)
[WebServer] (node:241318) Warning: The 'NO_COLOR' env is ignored due to the 'FORCE_COLOR' env being set.
[WebServer] (Use `node --trace-warnings ...` to show where the warning was created)

Running 37 tests using 1 worker

(node:241461) Warning: The 'NO_COLOR' env is ignored due to the 'FORCE_COLOR' env being set.
(Use `node --trace-warnings ...` to show where the warning was created)
  ✓   1 [chromium] › e2e/a11y.spec.ts:10:1 › login form exposes a heading and labelled fields (20.1s)
  ✓   2 [chromium] › e2e/a11y.spec.ts:18:1 › workbench exposes headings, labelled controls, and semantic buttons (25.4s)
[WebServer] 2026-10-07 14:46:20 [INFO ] HpAgent.ConversationCommands: run_created
[WebServer] 2026-10-07 14:46:20 [INFO ] HpAgent.WebApi: web_message_accepted
[WebServer] 2026-10-07 14:46:20 [INFO ] HpAgent.SSE: sse_subscribed
[WebServer] 2026-10-07 14:46:25 [INFO ] HpAgent.TerminalPublisher: sse_terminal_published
[WebServer] 2026-10-07 14:46:25 [INFO ] HpAgent.SSE: sse_terminal_snapshot_sent
[WebServer] 2026-10-07 14:46:25 [INFO ] HpAgent.SSE: sse_disconnected
  ✓   3 [chromium] › e2e/artifact.spec.ts:5:1 › builds, interacts with, isolates and restores an Artifact (30.6s)
  ✓   4 [chromium] › e2e/auth.spec.ts:8:1 › rejects wrong credentials with the server's safe message (7.8s)
  ✓   5 [chromium] › e2e/auth.spec.ts:20:1 › signs in with valid credentials (9.1s)
  ✓   6 [chromium] › e2e/auth.spec.ts:26:1 › signs out back to the login gate (13.4s)
[WebServer] 2026-10-07 14:47:20 [INFO ] HpAgent.Account: web_registration_succeeded account_id=01a1151d-db45-7818-becd-6118016de294
  ✓   7 [chromium] › e2e/auth.spec.ts:37:1 › registers, auto-signs in, and can log in again (12.9s)
[WebServer] 2026-10-07 14:47:32 [WARNING] HpAgent.WebApi: workspace_request_rejected
  ✓   8 [chromium] › e2e/manual-repair.spec.ts:5:1 › creates a child in the selected directory and explains duplicate names (8.6s)
  ✓   9 [chromium] › e2e/manual-repair.spec.ts:27:1 › uploads and authorizes the current conversation, and keeps chat drafts across pages (13.8s)
  ✓  10 [chromium] › e2e/manual-repair.spec.ts:59:1 › creates reminder and research directly from independent pages on narrow screens (22.7s)
  ✓  11 [chromium] › e2e/manual-repair.spec.ts:88:1 › revises a scheduled work and grants its own directory permissions (28.3s)
[WebServer] 2026-10-07 14:48:59 [INFO ] HpAgent.ConversationCommands: run_created
[WebServer] 2026-10-07 14:48:59 [INFO ] HpAgent.WebApi: web_message_accepted
[WebServer] 2026-10-07 14:49:00 [INFO ] HpAgent.SSE: sse_subscribed
[WebServer] 2026-10-07 14:49:06 [INFO ] HpAgent.TerminalPublisher: sse_terminal_published
[WebServer] 2026-10-07 14:49:06 [INFO ] HpAgent.SSE: sse_terminal_snapshot_sent
[WebServer] 2026-10-07 14:49:06 [INFO ] HpAgent.SSE: sse_disconnected
[WebServer] 2026-10-07 14:49:24 [INFO ] HpAgent.ConversationCommands: run_created
[WebServer] 2026-10-07 14:49:24 [INFO ] HpAgent.WebApi: web_message_accepted
[WebServer] 2026-10-07 14:49:26 [INFO ] HpAgent.SSE: sse_subscribed
[WebServer] 2026-10-07 14:49:36 [INFO ] HpAgent.TerminalPublisher: sse_terminal_published
[WebServer] 2026-10-07 14:49:36 [INFO ] HpAgent.SSE: sse_terminal_snapshot_sent
[WebServer] 2026-10-07 14:49:36 [INFO ] HpAgent.SSE: sse_disconnected
  ✘  12 [chromium] › e2e/multi-tab.spec.ts:12:1 › accounts are isolated across browser contexts (1.0m)
(node:251239) Warning: The 'NO_COLOR' env is ignored due to the 'FORCE_COLOR' env being set.
(Use `node --trace-warnings ...` to show where the warning was created)
[WebServer] 2026-10-07 14:50:04 [INFO ] HpAgent.ConversationCommands: run_created
[WebServer] 2026-10-07 14:50:04 [INFO ] HpAgent.WebApi: web_message_accepted
[WebServer] 2026-10-07 14:50:04 [INFO ] HpAgent.SSE: sse_subscribed
[WebServer] 2026-10-07 14:50:09 [INFO ] HpAgent.TerminalPublisher: sse_terminal_published
[WebServer] 2026-10-07 14:50:09 [INFO ] HpAgent.SSE: sse_terminal_snapshot_sent
[WebServer] 2026-10-07 14:50:09 [INFO ] HpAgent.SSE: sse_disconnected
[WebServer] 2026-10-07 14:50:19 [INFO ] HpAgent.ConversationCommands: run_created
[WebServer] 2026-10-07 14:50:19 [INFO ] HpAgent.WebApi: web_message_accepted
[WebServer] 2026-10-07 14:50:19 [INFO ] HpAgent.SSE: sse_subscribed
[WebServer] 2026-10-07 14:50:20 [INFO ] HpAgent.SSE: sse_subscribed
[WebServer] 2026-10-07 14:50:22 [INFO ] HpAgent.SSE: sse_disconnected
[WebServer] 2026-10-07 14:50:22 [INFO ] HpAgent.SSE: sse_disconnected
  ✓  13 [chromium] › e2e/multi-tab.spec.ts:34:1 › a second tab cannot send while a Run is active (409 wins) (31.7s)
[WebServer] 2026-10-07 14:50:24 [INFO ] HpAgent.TerminalPublisher: sse_terminal_published
  ✓  14 [chromium] › e2e/ui-2-ai.spec.ts:37:1 › lost DELETE responses close the dialog after authoritative empty readback (12.4s)
  ✓  15 [chromium] › e2e/ui-2-ai.spec.ts:56:1 › revoke finishing during history navigation releases only its conversation lock (26.0s)
[WebServer] 2026-10-07 14:51:23 [INFO ] HpAgent.ConversationCommands: run_created
[WebServer] 2026-10-07 14:51:23 [INFO ] HpAgent.WebApi: web_message_accepted
[WebServer] 2026-10-07 14:51:23 [INFO ] HpAgent.SSE: sse_subscribed
[WebServer] 2026-10-07 14:51:28 [INFO ] HpAgent.SSE: sse_terminal_snapshot_sent
[WebServer] 2026-10-07 14:51:28 [INFO ] HpAgent.SSE: sse_disconnected
[WebServer] 2026-10-07 14:51:28 [INFO ] HpAgent.TerminalPublisher: sse_terminal_published
[WebServer] 2026-10-07 14:51:29 [INFO ] HpAgent.ConversationCommands: run_created
[WebServer] 2026-10-07 14:51:29 [INFO ] HpAgent.WebApi: web_message_accepted
[WebServer] 2026-10-07 14:51:30 [INFO ] HpAgent.SSE: sse_subscribed
[WebServer] 2026-10-07 14:51:35 [INFO ] HpAgent.TerminalPublisher: sse_terminal_published
[WebServer] 2026-10-07 14:51:35 [INFO ] HpAgent.SSE: sse_terminal_snapshot_sent
[WebServer] 2026-10-07 14:51:35 [INFO ] HpAgent.SSE: sse_disconnected
  ✓  16 [chromium] › e2e/ui-2-ai.spec.ts:91:1 › B sends through the real API while A's POST is pending (34.2s)
[WebServer] 2026-10-07 14:51:45 [INFO ] HpAgent.ConversationCommands: run_created
[WebServer] 2026-10-07 14:51:45 [INFO ] HpAgent.WebApi: web_message_accepted
[WebServer] 2026-10-07 14:51:45 [INFO ] HpAgent.SSE: sse_subscribed
[WebServer] 2026-10-07 14:51:51 [INFO ] HpAgent.TerminalPublisher: sse_terminal_published
[WebServer] 2026-10-07 14:51:51 [INFO ] HpAgent.SSE: sse_terminal_snapshot_sent
[WebServer] 2026-10-07 14:51:51 [INFO ] HpAgent.SSE: sse_disconnected
[WebServer] 2026-10-07 14:51:53 [INFO ] HpAgent.ConversationCommands: run_created
[WebServer] 2026-10-07 14:51:53 [INFO ] HpAgent.WebApi: web_message_accepted
[WebServer] 2026-10-07 14:51:53 [INFO ] HpAgent.SSE: sse_subscribed
[WebServer] 2026-10-07 14:51:58 [INFO ] HpAgent.TerminalPublisher: sse_terminal_published
[WebServer] 2026-10-07 14:51:58 [INFO ] HpAgent.SSE: sse_terminal_snapshot_sent
[WebServer] 2026-10-07 14:51:58 [INFO ] HpAgent.SSE: sse_disconnected
  ✓  17 [chromium] › e2e/ui-2-ai.spec.ts:124:1 › empty composer creates only on submission, handles IME, and restores per-conversation drafts (25.4s)
[WebServer] 2026-10-07 14:52:11 [INFO ] HpAgent.ConversationCommands: run_created
[WebServer] 2026-10-07 14:52:11 [INFO ] HpAgent.WebApi: web_message_accepted
[WebServer] 2026-10-07 14:52:11 [INFO ] HpAgent.SSE: sse_subscribed
[WebServer] 2026-10-07 14:52:12 [INFO ] HpAgent.WebApi: web_message_accepted
[WebServer] 2026-10-07 14:52:17 [INFO ] HpAgent.TerminalPublisher: sse_terminal_published
[WebServer] 2026-10-07 14:52:17 [INFO ] HpAgent.SSE: sse_terminal_snapshot_sent
[WebServer] 2026-10-07 14:52:17 [INFO ] HpAgent.SSE: sse_disconnected
  ✓  18 [chromium] › e2e/ui-2-ai.spec.ts:174:1 › a lost POST response is confirmed with the original key and does not duplicate messages (15.9s)
  ✓  19 [chromium] › e2e/ui-2-ai.spec.ts:206:1 › creation completed after leaving AI does not send or navigate and keeps the draft (14.3s)
  ✓  20 [chromium] › e2e/ui-2-ai.spec.ts:238:1 › attachment abandonment is confirmed and existing files are not deleted (13.6s)
  ✓  21 [chromium] › e2e/ui-2-ai.spec.ts:255:1 › rename, read-only resources, focus return, and seven viewport layouts (14.6s)
[WebServer] 2026-10-07 14:53:19 [INFO ] HpAgent.ConversationCommands: run_created
[WebServer] 2026-10-07 14:53:19 [INFO ] HpAgent.WebApi: web_message_accepted
[WebServer] 2026-10-07 14:53:19 [INFO ] HpAgent.SSE: sse_subscribed
[WebServer] 2026-10-07 14:53:24 [INFO ] HpAgent.TerminalPublisher: sse_terminal_published
[WebServer] 2026-10-07 14:53:24 [INFO ] HpAgent.SSE: sse_terminal_snapshot_sent
[WebServer] 2026-10-07 14:53:24 [INFO ] HpAgent.SSE: sse_disconnected
  ✓  22 [chromium] › e2e/ui-2-ai.spec.ts:323:1 › history prepend retains the visible anchor and streaming does not pull a reader to the bottom (25.1s)
  ✓  23 [chromium] › e2e/ui-2-ai.spec.ts:393:1 › failed attachment keeps the draft and exposes a removable error; text zoom remains usable (11.6s)
  ✓  24 [chromium] › e2e/ui-2-ai.spec.ts:435:1 › more than thirty conversations paginate and loaded-title filtering remains local (22.2s)
[WebServer] 2026-10-07 14:54:08 [INFO ] HpAgent.ConversationCommands: run_created
[WebServer] 2026-10-07 14:54:09 [INFO ] HpAgent.WebApi: web_message_accepted
[WebServer] 2026-10-07 14:54:09 [INFO ] HpAgent.SSE: sse_subscribed
[WebServer] 2026-10-07 14:54:14 [INFO ] HpAgent.TerminalPublisher: sse_terminal_published
[WebServer] 2026-10-07 14:54:14 [INFO ] HpAgent.SSE: sse_terminal_snapshot_sent
[WebServer] 2026-10-07 14:54:14 [INFO ] HpAgent.SSE: sse_disconnected
  ✘  25 [chromium] › e2e/ui-3-execution.spec.ts:9:1 › real API: message-bound execution, tab navigation and terminal resource boundary (31.5s)
(node:262147) Warning: The 'NO_COLOR' env is ignored due to the 'FORCE_COLOR' env being set.
(Use `node --trace-warnings ...` to show where the warning was created)
  ✓  26 [chromium] › e2e/ui-3-execution.spec.ts:52:1 › network fixtures: Work snapshot, missing Trace, approvals and responsive inspector (14.5s)
  ✓  27 [chromium] › e2e/ui-3-execution.spec.ts:198:1 › network fixtures: terminal outputs refresh and permission denial discards old model bodies (8.9s)
  ✓  28 [chromium] › e2e/ui-4-workspace.spec.ts:8:1 › directory deep links, direct children, all files, file preview and browser return (12.4s)
  ✓  29 [chromium] › e2e/ui-4-workspace.spec.ts:43:1 › an existing conversation never receives an implicit upload grant (8.5s)
  ✓  30 [chromium] › e2e/ui-4-workspace.spec.ts:55:1 › lost PUT response resumes from ready metadata and does not reupload or resave (6.9s)
  ✓  31 [chromium] › e2e/ui-4-workspace.spec.ts:88:1 › saved upload survives a failed grant, closes, reopens and retries authorization only (8.4s)
  ✓  32 [chromium] › e2e/ui-4-workspace.spec.ts:133:1 › new conversation usage creates once, restores failed authorization and sends no message (8.0s)
  ✓  33 [chromium] › e2e/ui-4-workspace.spec.ts:169:1 › permission drafts, keyboard tabs, impact invalidation and responsive object surfaces (16.0s)
  ✓  34 [chromium] › e2e/ui-4-workspace.spec.ts:244:1 › empty and unavailable objects keep navigation and focus usable (8.3s)
  ✓  35 [chromium] › e2e/workspace-direct-upload.spec.ts:5:1 › uploads directly to Workspace without creating or authorizing a conversation (6.9s)
[WebServer] 2026-10-07 14:56:27 [INFO ] HpAgent.ConversationCommands: run_created
[WebServer] 2026-10-07 14:56:27 [INFO ] HpAgent.WebApi: web_message_accepted
[WebServer] 2026-10-07 14:56:27 [INFO ] HpAgent.SSE: sse_subscribed
[WebServer] 2026-10-07 14:56:29 [INFO ] HpAgent.SSE: sse_disconnected
  ✓  36 [chromium] › e2e/workspace-p1.spec.ts:5:1 › uploads, saves, moves, and downloads a Workspace entry (10.1s)
[WebServer] 2026-10-07 14:56:32 [INFO ] HpAgent.TerminalPublisher: sse_terminal_published
[WebServer] 2026-10-07 14:56:36 [INFO ] HpAgent.ConversationCommands: run_created
[WebServer] 2026-10-07 14:56:36 [INFO ] HpAgent.WebApi: web_message_accepted
[WebServer] 2026-10-07 14:56:36 [INFO ] HpAgent.SSE: sse_subscribed
[WebServer] 2026-10-07 14:56:39 [INFO ] HpAgent.SSE: sse_disconnected
  ✓  37 [chromium] › e2e/workspace-p3.spec.ts:4:1 › upgrades an entry in place and keeps its version when renamed (9.6s)


  1) [chromium] › e2e/multi-tab.spec.ts:12:1 › accounts are isolated across browser contexts ───────

    Test timeout of 60000ms exceeded.

    Error Context: test-results/multi-tab-accounts-are-isolated-across-browser-contexts-chromium/error-context.md

    attachment #2: trace (application/zip) ─────────────────────────────────────────────────────────
    test-results/multi-tab-accounts-are-isolated-across-browser-contexts-chromium/trace.zip
    Usage:

        npx playwright show-trace test-results/multi-tab-accounts-are-isolated-across-browser-contexts-chromium/trace.zip

    ────────────────────────────────────────────────────────────────────────────────────────────────

  2) [chromium] › e2e/ui-3-execution.spec.ts:9:1 › real API: message-bound execution, tab navigation and terminal resource boundary 

    Error: expect(locator).toBeFocused() failed

    Locator:  getByRole('button', { name: '查看执行详情', exact: true })
    Expected: focused
    Received: inactive
    Timeout:  15000ms

    Call log:
      - Expect "toBeFocused" with timeout 15000ms
      - waiting for getByRole('button', { name: '查看执行详情', exact: true })
        33 × locator resolved to <button type="button">查看执行详情</button>
           - unexpected value "inactive"


      37 |   await expect(page.getByRole("tabpanel")).toContainText("Model Input");
      38 |   await page.getByRole("button", { name: "关闭执行详情" }).click();
    > 39 |   await expect(page.getByRole("button", { name: "查看执行详情", exact: true })).toBeFocused();
         |                                                                           ^
      40 |   await page.getByPlaceholder("输入消息，Enter 发送").fill("保留草稿");
      41 |   await page.getByRole("button", { name: "查看执行详情", exact: true }).click();
      42 |   await page.getByRole("button", { name: "关闭执行详情" }).click();
        at /home/hp/workspace/HpAgent_web/web/e2e/ui-3-execution.spec.ts:39:75

    Error Context: test-results/ui-3-execution-real-API-me-1b2d4--terminal-resource-boundary-chromium/error-context.md

    attachment #2: trace (application/zip) ─────────────────────────────────────────────────────────
    test-results/ui-3-execution-real-API-me-1b2d4--terminal-resource-boundary-chromium/trace.zip
    Usage:

        npx playwright show-trace test-results/ui-3-execution-real-API-me-1b2d4--terminal-resource-boundary-chromium/trace.zip

    ────────────────────────────────────────────────────────────────────────────────────────────────

  2 failed
    [chromium] › e2e/multi-tab.spec.ts:12:1 › accounts are isolated across browser contexts ────────
    [chromium] › e2e/ui-3-execution.spec.ts:9:1 › real API: message-bound execution, tab navigation and terminal resource boundary 
  35 passed (11.6m)
