
 RUN  v4.1.10 /home/hp/workspace/HpAgent_web/web

stdout | src/components/workspace/WorkspaceScale.test.tsx > indexes and browses 1000 nodes without per-row metadata or duplicated trees
{"nodes":1101,"files":1000,"indexMs":20.38,"initialNavigationAndDirectoryRenderMs":210.25,"visibleFileRows":10,"treeRequests":1,"metadataRequests":0}

 ✓ src/components/workspace/WorkspaceScale.test.tsx > indexes and browses 1000 nodes without per-row metadata or duplicated trees 266ms
stdout | src/components/workspace/WorkspaceScale.test.tsx > indexes and browses 10000 nodes without per-row metadata or duplicated trees
{"nodes":10101,"files":10000,"indexMs":162.35,"initialNavigationAndDirectoryRenderMs":367.63,"visibleFileRows":100,"treeRequests":1,"metadataRequests":0}

 ✓ src/components/workspace/WorkspaceScale.test.tsx > indexes and browses 10000 nodes without per-row metadata or duplicated trees 654ms
 ✓ src/components/workspace/workspaceOperations.test.ts > saves by default without granting an active conversation 13ms
 ✓ src/components/workspace/workspaceOperations.test.ts > keeps the initialized file and upload key after an unknown content response 3ms
 ✓ src/components/workspace/workspaceOperations.test.ts > replays an unknown save with the same key and payload, without transferring content again 5ms
 ✓ src/components/workspace/workspaceOperations.test.ts > recovers authorization alone after save success and only grants missing rules 6ms
 ✓ src/components/workspace/workspaceOperations.test.ts > deduplicates double clicks and rejects late results after reset 4ms
 ✓ src/components/workspace/workspaceOperations.test.ts > serializes Work grants and preserves If-Match and command key on uncertain retry 7ms
 ✓ src/components/workspace/workspaceOperations.test.ts > does not use the Conversation contract for Work grants 8ms
 ✓ src/components/workspace/workspaceOperations.test.ts > uses read-back after DELETE response loss to determine remaining rules 2ms
 ✓ src/components/workspace/workspaceOperations.test.ts > deduplicates in-flight revocation checks and waits for a terminal snapshot 9ms
 ✓ src/components/workspace/workspaceOperations.test.ts > pauses hidden checks, bounds concurrency and discards old-account snapshots 8ms

 Test Files  2 passed (2)
      Tests  12 passed (12)
   Start at  15:05:00
   Duration  14.10s (transform 1.70s, setup 769ms, import 1.90s, tests 995ms, environment 8.97s)

