[WebServer] INFO:     Started server process [3463972]
[WebServer] INFO:     Waiting for application startup.
[WebServer] INFO:     Application startup complete.
[WebServer] INFO:     Uvicorn running on http://0.0.0.0:8192 (Press CTRL+C to quit)
[WebServer] (node:3464837) Warning: The 'NO_COLOR' env is ignored due to the 'FORCE_COLOR' env being set.
[WebServer] (Use `node --trace-warnings ...` to show where the warning was created)

Running 76 tests using 1 worker

(node:3464946) Warning: The 'NO_COLOR' env is ignored due to the 'FORCE_COLOR' env being set.
(Use `node --trace-warnings ...` to show where the warning was created)
  ✓   1 [chromium] › e2e/a11y.spec.ts:10:1 › login form exposes a heading and labelled fields (11.9s)
  ✓   2 [chromium] › e2e/a11y.spec.ts:18:1 › workbench exposes headings, labelled controls, and semantic buttons (14.6s)
[WebServer] 2026-10-08 22:08:55 [INFO ] HpAgent.ConversationCommands: run_created
[WebServer] 2026-10-08 22:08:55 [INFO ] HpAgent.WebApi: web_message_accepted
[WebServer] 2026-10-08 22:08:56 [INFO ] HpAgent.SSE: sse_subscribed
[WebServer] 2026-10-08 22:09:01 [INFO ] HpAgent.TerminalPublisher: sse_terminal_published
[WebServer] 2026-10-08 22:09:01 [INFO ] HpAgent.SSE: sse_terminal_snapshot_sent
[WebServer] 2026-10-08 22:09:01 [INFO ] HpAgent.SSE: sse_disconnected
  ✓   3 [chromium] › e2e/artifact.spec.ts:5:1 › builds, interacts with, isolates and restores an Artifact (48.9s)
  ✓   4 [chromium] › e2e/auth.spec.ts:8:1 › rejects wrong credentials with the server's safe message (7.7s)
  ✓   5 [chromium] › e2e/auth.spec.ts:20:1 › signs in with valid credentials (11.2s)
  ✓   6 [chromium] › e2e/auth.spec.ts:26:1 › signs out back to the login gate (14.6s)
[WebServer] 2026-10-08 22:10:10 [INFO ] HpAgent.Account: web_registration_succeeded account_id=01a11bd9-a242-7223-95f1-e7924d490c37
  ✓   7 [chromium] › e2e/auth.spec.ts:37:1 › registers, auto-signs in, and can log in again (9.9s)
[WebServer] 2026-10-08 22:10:24 [INFO ] HpAgent.ConversationCommands: run_created
[WebServer] 2026-10-08 22:10:24 [INFO ] HpAgent.WebApi: web_message_accepted
[WebServer] 2026-10-08 22:10:24 [INFO ] HpAgent.SSE: sse_subscribed
[WebServer] 2026-10-08 22:10:29 [INFO ] HpAgent.TerminalPublisher: sse_terminal_published
[WebServer] 2026-10-08 22:10:29 [INFO ] HpAgent.SSE: sse_terminal_snapshot_sent
[WebServer] 2026-10-08 22:10:29 [INFO ] HpAgent.SSE: sse_disconnected
[WebServer] 2026-10-08 22:10:30 [INFO ] HpAgent.ConversationCommands: run_created
[WebServer] 2026-10-08 22:10:30 [INFO ] HpAgent.WebApi: web_message_accepted
[WebServer] 2026-10-08 22:10:30 [INFO ] HpAgent.SSE: sse_subscribed
[WebServer] 2026-10-08 22:10:35 [INFO ] HpAgent.TerminalPublisher: sse_terminal_published
[WebServer] 2026-10-08 22:10:35 [INFO ] HpAgent.SSE: sse_terminal_snapshot_sent
[WebServer] 2026-10-08 22:10:35 [INFO ] HpAgent.SSE: sse_disconnected
[WebServer] 2026-10-08 22:10:36 [INFO ] HpAgent.ConversationCommands: run_created
[WebServer] 2026-10-08 22:10:37 [INFO ] HpAgent.WebApi: web_message_accepted
[WebServer] 2026-10-08 22:10:37 [INFO ] HpAgent.SSE: sse_subscribed
[WebServer] 2026-10-08 22:10:42 [INFO ] HpAgent.TerminalPublisher: sse_terminal_published
  ✓   8 [chromium] › e2e/conversation.spec.ts:8:1 › holds a long conversation and survives a refresh (31.6s)
[WebServer] 2026-10-08 22:10:56 [INFO ] HpAgent.ConversationCommands: run_created
[WebServer] 2026-10-08 22:10:56 [INFO ] HpAgent.WebApi: web_message_accepted
[WebServer] 2026-10-08 22:10:56 [INFO ] HpAgent.SSE: sse_subscribed
  ✓   9 [chromium] › e2e/conversation.spec.ts:33:1 › selects and uploads a UTF-8 Markdown file, then attaches it to a message (11.6s)
[WebServer] 2026-10-08 22:11:01 [INFO ] HpAgent.TerminalPublisher: sse_terminal_published
[WebServer] 2026-10-08 22:11:05 [INFO ] HpAgent.ConversationCommands: run_created
[WebServer] 2026-10-08 22:11:05 [INFO ] HpAgent.WebApi: web_message_accepted
[WebServer] 2026-10-08 22:11:10 [INFO ] HpAgent.TerminalPublisher: sse_terminal_published
  ✓  10 [chromium] › e2e/disconnect.spec.ts:11:1 › recovers from a dropped SSE connection by polling (16.6s)
[WebServer] 2026-10-08 22:11:21 [WARNING] HpAgent.WebApi: workspace_request_rejected
  ✓  11 [chromium] › e2e/manual-repair.spec.ts:5:1 › creates a child in the selected directory and explains duplicate names (8.3s)
  ✓  12 [chromium] › e2e/manual-repair.spec.ts:27:1 › uploads and authorizes the current conversation, and keeps chat drafts across pages (11.1s)
  ✓  13 [chromium] › e2e/manual-repair.spec.ts:59:1 › creates reminder and research directly from independent pages on narrow screens (9.7s)
  ✓  14 [chromium] › e2e/manual-repair.spec.ts:91:1 › revises a scheduled work and grants its own directory permissions (11.8s)
[WebServer] 2026-10-08 22:12:03 [INFO ] HpAgent.ConversationCommands: run_created
[WebServer] 2026-10-08 22:12:03 [INFO ] HpAgent.WebApi: web_message_accepted
[WebServer] 2026-10-08 22:12:03 [INFO ] HpAgent.SSE: sse_subscribed
[WebServer] 2026-10-08 22:12:08 [INFO ] HpAgent.TerminalPublisher: sse_terminal_published
[WebServer] 2026-10-08 22:12:08 [INFO ] HpAgent.SSE: sse_terminal_snapshot_sent
[WebServer] 2026-10-08 22:12:08 [INFO ] HpAgent.SSE: sse_disconnected
  ✓  15 [chromium] › e2e/markdown.spec.ts:17:1 › renders Markdown and fenced code in assistant replies (14.0s)
[WebServer] 2026-10-08 22:12:16 [INFO ] HpAgent.ConversationCommands: run_created
[WebServer] 2026-10-08 22:12:16 [INFO ] HpAgent.WebApi: web_message_accepted
[WebServer] 2026-10-08 22:12:17 [INFO ] HpAgent.SSE: sse_subscribed
[WebServer] 2026-10-08 22:12:22 [INFO ] HpAgent.TerminalPublisher: sse_terminal_published
[WebServer] 2026-10-08 22:12:22 [INFO ] HpAgent.SSE: sse_terminal_snapshot_sent
[WebServer] 2026-10-08 22:12:22 [INFO ] HpAgent.SSE: sse_disconnected
[WebServer] 2026-10-08 22:12:32 [INFO ] HpAgent.ConversationCommands: run_created
[WebServer] 2026-10-08 22:12:32 [INFO ] HpAgent.WebApi: web_message_accepted
[WebServer] 2026-10-08 22:12:33 [INFO ] HpAgent.SSE: sse_subscribed
[WebServer] 2026-10-08 22:12:37 [INFO ] HpAgent.TerminalPublisher: sse_terminal_published
[WebServer] 2026-10-08 22:12:38 [INFO ] HpAgent.SSE: sse_terminal_snapshot_sent
[WebServer] 2026-10-08 22:12:38 [INFO ] HpAgent.SSE: sse_disconnected
  ✓  16 [chromium] › e2e/multi-tab.spec.ts:12:1 › accounts are isolated across browser contexts (30.9s)
[WebServer] 2026-10-08 22:12:52 [INFO ] HpAgent.ConversationCommands: run_created
[WebServer] 2026-10-08 22:12:52 [INFO ] HpAgent.WebApi: web_message_accepted
[WebServer] 2026-10-08 22:12:52 [INFO ] HpAgent.SSE: sse_subscribed
[WebServer] 2026-10-08 22:12:56 [INFO ] HpAgent.TerminalPublisher: sse_terminal_published
[WebServer] 2026-10-08 22:12:56 [INFO ] HpAgent.SSE: sse_terminal_snapshot_sent
[WebServer] 2026-10-08 22:12:56 [INFO ] HpAgent.SSE: sse_disconnected
[WebServer] 2026-10-08 22:13:04 [INFO ] HpAgent.ConversationCommands: run_created
[WebServer] 2026-10-08 22:13:04 [INFO ] HpAgent.WebApi: web_message_accepted
[WebServer] 2026-10-08 22:13:04 [INFO ] HpAgent.SSE: sse_subscribed
[WebServer] 2026-10-08 22:13:05 [INFO ] HpAgent.SSE: sse_subscribed
  ✓  17 [chromium] › e2e/multi-tab.spec.ts:36:1 › a second tab cannot send while a Run is active (409 wins) (27.0s)
[WebServer] 2026-10-08 22:13:09 [INFO ] HpAgent.TerminalPublisher: sse_terminal_published
[WebServer] 2026-10-08 22:13:15 [INFO ] HpAgent.ConversationCommands: run_created
[WebServer] 2026-10-08 22:13:15 [INFO ] HpAgent.WebApi: web_message_accepted
[WebServer] 2026-10-08 22:13:15 [INFO ] HpAgent.SSE: sse_subscribed
[WebServer] 2026-10-08 22:13:19 [INFO ] HpAgent.TerminalPublisher: sse_terminal_published
[WebServer] 2026-10-08 22:13:19 [INFO ] HpAgent.SSE: sse_terminal_snapshot_sent
[WebServer] 2026-10-08 22:13:19 [INFO ] HpAgent.SSE: sse_disconnected
  ✓  18 [chromium] › e2e/stop-retry.spec.ts:11:1 › stops a running Run without offering Retry (13.2s)
  ✓  19 [chromium] › e2e/ui-2-ai.spec.ts:37:1 › lost DELETE responses close the dialog after authoritative empty readback (13.2s)
  ✓  20 [chromium] › e2e/ui-2-ai.spec.ts:56:1 › revoke finishing during history navigation releases only its conversation lock (15.1s)
[WebServer] 2026-10-08 22:14:01 [INFO ] HpAgent.ConversationCommands: run_created
[WebServer] 2026-10-08 22:14:01 [INFO ] HpAgent.WebApi: web_message_accepted
[WebServer] 2026-10-08 22:14:01 [INFO ] HpAgent.SSE: sse_subscribed
[WebServer] 2026-10-08 22:14:06 [INFO ] HpAgent.TerminalPublisher: sse_terminal_published
[WebServer] 2026-10-08 22:14:06 [INFO ] HpAgent.SSE: sse_terminal_snapshot_sent
[WebServer] 2026-10-08 22:14:06 [INFO ] HpAgent.SSE: sse_disconnected
[WebServer] 2026-10-08 22:14:07 [INFO ] HpAgent.ConversationCommands: run_created
[WebServer] 2026-10-08 22:14:07 [INFO ] HpAgent.WebApi: web_message_accepted
[WebServer] 2026-10-08 22:14:07 [INFO ] HpAgent.SSE: sse_subscribed
[WebServer] 2026-10-08 22:14:12 [INFO ] HpAgent.SSE: sse_terminal_snapshot_sent
[WebServer] 2026-10-08 22:14:12 [INFO ] HpAgent.SSE: sse_disconnected
[WebServer] 2026-10-08 22:14:12 [INFO ] HpAgent.TerminalPublisher: sse_terminal_published
  ✓  21 [chromium] › e2e/ui-2-ai.spec.ts:91:1 › B sends through the real API while A's POST is pending (23.7s)
[WebServer] 2026-10-08 22:14:21 [INFO ] HpAgent.ConversationCommands: run_created
[WebServer] 2026-10-08 22:14:21 [INFO ] HpAgent.WebApi: web_message_accepted
[WebServer] 2026-10-08 22:14:21 [INFO ] HpAgent.SSE: sse_subscribed
[WebServer] 2026-10-08 22:14:26 [INFO ] HpAgent.TerminalPublisher: sse_terminal_published
[WebServer] 2026-10-08 22:14:26 [INFO ] HpAgent.SSE: sse_terminal_snapshot_sent
[WebServer] 2026-10-08 22:14:26 [INFO ] HpAgent.SSE: sse_disconnected
[WebServer] 2026-10-08 22:14:28 [INFO ] HpAgent.ConversationCommands: run_created
[WebServer] 2026-10-08 22:14:28 [INFO ] HpAgent.WebApi: web_message_accepted
[WebServer] 2026-10-08 22:14:28 [INFO ] HpAgent.SSE: sse_subscribed
[WebServer] 2026-10-08 22:14:33 [INFO ] HpAgent.SSE: sse_terminal_snapshot_sent
[WebServer] 2026-10-08 22:14:33 [INFO ] HpAgent.TerminalPublisher: sse_terminal_published
[WebServer] 2026-10-08 22:14:33 [INFO ] HpAgent.SSE: sse_disconnected
  ✓  22 [chromium] › e2e/ui-2-ai.spec.ts:124:1 › empty composer creates only on submission, handles IME, and restores per-conversation drafts (24.6s)
[WebServer] 2026-10-08 22:14:45 [INFO ] HpAgent.ConversationCommands: run_created
[WebServer] 2026-10-08 22:14:45 [INFO ] HpAgent.WebApi: web_message_accepted
[WebServer] 2026-10-08 22:14:45 [INFO ] HpAgent.SSE: sse_subscribed
[WebServer] 2026-10-08 22:14:46 [INFO ] HpAgent.WebApi: web_message_accepted
[WebServer] 2026-10-08 22:14:50 [INFO ] HpAgent.TerminalPublisher: sse_terminal_published
[WebServer] 2026-10-08 22:14:50 [INFO ] HpAgent.SSE: sse_terminal_snapshot_sent
[WebServer] 2026-10-08 22:14:50 [INFO ] HpAgent.SSE: sse_disconnected
  ✓  23 [chromium] › e2e/ui-2-ai.spec.ts:174:1 › a lost POST response is confirmed with the original key and does not duplicate messages (13.4s)
  ✓  24 [chromium] › e2e/ui-2-ai.spec.ts:206:1 › creation completed after leaving AI does not send or navigate and keeps the draft (9.2s)
  ✓  25 [chromium] › e2e/ui-2-ai.spec.ts:238:1 › attachment abandonment is confirmed and existing files are not deleted (11.4s)
  ✓  26 [chromium] › e2e/ui-2-ai.spec.ts:255:1 › rename, read-only resources, focus return, and seven viewport layouts (15.4s)
[WebServer] 2026-10-08 22:15:47 [INFO ] HpAgent.ConversationCommands: run_created
[WebServer] 2026-10-08 22:15:47 [INFO ] HpAgent.WebApi: web_message_accepted
[WebServer] 2026-10-08 22:15:48 [INFO ] HpAgent.SSE: sse_subscribed
[WebServer] 2026-10-08 22:15:52 [INFO ] HpAgent.TerminalPublisher: sse_terminal_published
[WebServer] 2026-10-08 22:15:52 [INFO ] HpAgent.SSE: sse_terminal_snapshot_sent
[WebServer] 2026-10-08 22:15:52 [INFO ] HpAgent.SSE: sse_disconnected
  ✓  27 [chromium] › e2e/ui-2-ai.spec.ts:323:1 › history prepend retains the visible anchor and streaming does not pull a reader to the bottom (28.2s)
  ✓  28 [chromium] › e2e/ui-2-ai.spec.ts:393:1 › failed attachment keeps the draft and exposes a removable error; text zoom remains usable (9.8s)
  ✓  29 [chromium] › e2e/ui-2-ai.spec.ts:435:1 › more than thirty conversations paginate and loaded-title filtering remains local (25.6s)
[WebServer] 2026-10-08 22:16:41 [INFO ] HpAgent.ConversationCommands: run_created
[WebServer] 2026-10-08 22:16:41 [INFO ] HpAgent.WebApi: web_message_accepted
[WebServer] 2026-10-08 22:16:41 [INFO ] HpAgent.SSE: sse_subscribed
[WebServer] 2026-10-08 22:16:46 [INFO ] HpAgent.TerminalPublisher: sse_terminal_published
[WebServer] 2026-10-08 22:16:46 [INFO ] HpAgent.SSE: sse_terminal_snapshot_sent
[WebServer] 2026-10-08 22:16:46 [INFO ] HpAgent.SSE: sse_disconnected
  ✓  30 [chromium] › e2e/ui-3-execution.spec.ts:9:1 › real API: message-bound execution, tab navigation and terminal resource boundary (19.2s)
  ✓  31 [chromium] › e2e/ui-3-execution.spec.ts:52:1 › network fixtures: Work snapshot, missing Trace, approvals and responsive inspector (15.1s)
  ✓  32 [chromium] › e2e/ui-3-execution.spec.ts:198:1 › network fixtures: terminal outputs refresh and permission denial discards old model bodies (13.2s)
  ✓  33 [chromium] › e2e/ui-4-workspace.spec.ts:8:1 › directory deep links, direct children, all files, file preview and browser return (16.4s)
  ✓  34 [chromium] › e2e/ui-4-workspace.spec.ts:49:1 › an existing conversation never receives an implicit upload grant (10.0s)
  ✓  35 [chromium] › e2e/ui-4-workspace.spec.ts:61:1 › lost PUT response resumes from ready metadata and does not reupload or resave (8.8s)
  ✓  36 [chromium] › e2e/ui-4-workspace.spec.ts:94:1 › saved upload survives a failed grant, closes, reopens and retries authorization only (11.7s)
  ✓  37 [chromium] › e2e/ui-4-workspace.spec.ts:139:1 › new conversation usage creates once, restores failed authorization and sends no message (9.3s)
  ✓  38 [chromium] › e2e/ui-4-workspace.spec.ts:175:1 › permission drafts, keyboard tabs, impact invalidation and responsive object surfaces (17.5s)
  ✓  39 [chromium] › e2e/ui-4-workspace.spec.ts:250:1 › empty and unavailable objects keep navigation and focus usable (8.0s)
  ✓  40 [chromium] › e2e/ui-5-recovery.spec.ts:12:1 › network fixtures: terminal output invalidation preserves expansion and empty results can refresh (6.8s)
  ✓  41 [chromium] › e2e/ui-5-recovery.spec.ts:73:1 › network fixtures: missing/null continuation deep links stay read-only and recover by refresh (15.2s)
  ✓  42 [chromium] › e2e/ui-5-recovery.spec.ts:124:1 › real API: a failed requirement read and retry preserve the whole draft before revision (9.3s)
  ✓  43 [chromium] › e2e/ui-5-tasks.spec.ts:29:1 › creates, revises, controls, increases one limit and returns from inspector children (12.3s)
  ✓  44 [chromium] › e2e/ui-5-tasks.spec.ts:74:1 › lost create response retries identical intention and does not duplicate a task (8.2s)
  ✓  45 [chromium] › e2e/ui-5-tasks.spec.ts:110:1 › task deep link, unavailable object, focus, responsive screens and inbox modal (14.2s)
[WebServer] 2026-10-08 22:19:50 [INFO ] HpAgent.Account: web_registration_succeeded account_id=01a11be2-7edd-7e3d-a188-dc3b85f01c93
  ✓  46 [chromium] › e2e/ui-5-tasks.spec.ts:170:1 › 51st task remains available after serial pagination and a first-page refresh (37.5s)
  ✓  47 [chromium] › e2e/ui-5-tasks.spec.ts:224:1 › network fixtures: four buckets, pausing decision, failure scope and empty filters (11.2s)
[WebServer] 2026-10-08 22:20:42 [INFO ] HpAgent.ConversationCommands: run_created
[WebServer] 2026-10-08 22:20:42 [INFO ] HpAgent.WebApi: web_message_accepted
[WebServer] 2026-10-08 22:20:42 [INFO ] HpAgent.SSE: sse_subscribed
[WebServer] 2026-10-08 22:20:47 [INFO ] HpAgent.TerminalPublisher: sse_terminal_published
[WebServer] 2026-10-08 22:20:47 [INFO ] HpAgent.SSE: sse_terminal_snapshot_sent
[WebServer] 2026-10-08 22:20:47 [INFO ] HpAgent.SSE: sse_disconnected
  ✓  48 [chromium] › e2e/ui-6-artifact.spec.ts:8:1 › real API: lost create/version responses replay keys and history keeps v1 selected (23.1s)
  ✓  49 [chromium] › e2e/ui-6-artifact.spec.ts:77:1 › network fixtures: task original delivery, unavailable versions, layouts and layered focus (22.4s)
[WebServer] 2026-10-08 22:21:28 [INFO ] HpAgent.ConversationCommands: run_created
[WebServer] 2026-10-08 22:21:28 [INFO ] HpAgent.WebApi: web_message_accepted
[WebServer] 2026-10-08 22:21:28 [INFO ] HpAgent.SSE: sse_subscribed
[WebServer] 2026-10-08 22:21:33 [INFO ] HpAgent.TerminalPublisher: sse_terminal_published
[WebServer] 2026-10-08 22:21:33 [INFO ] HpAgent.SSE: sse_terminal_snapshot_sent
[WebServer] 2026-10-08 22:21:33 [INFO ] HpAgent.SSE: sse_disconnected
  ✓  50 [chromium] › e2e/ui-6-artifact.spec.ts:210:1 › real API upload with injected lost PUT and name conflict: source copy recovers without reupload (17.5s)
  ✓  51 [chromium] › e2e/ui-6-artifact.spec.ts:281:1 › network fixtures: loading and query failure recover to the default successful version (6.5s)
[WebServer] 2026-10-08 22:21:51 [INFO ] HpAgent.ConversationCommands: run_created
[WebServer] 2026-10-08 22:21:51 [INFO ] HpAgent.WebApi: web_message_accepted
[WebServer] 2026-10-08 22:21:51 [INFO ] HpAgent.SSE: sse_subscribed
[WebServer] 2026-10-08 22:21:56 [INFO ] HpAgent.TerminalPublisher: sse_terminal_published
[WebServer] 2026-10-08 22:21:56 [INFO ] HpAgent.SSE: sse_terminal_snapshot_sent
[WebServer] 2026-10-08 22:21:56 [INFO ] HpAgent.SSE: sse_disconnected
  ✓  52 [chromium] › e2e/ui-6-self-review.spec.ts:36:1 › network fixtures over real HTML: no-version reopen waits for fresh data and cached preview recovers after query failure (15.5s)
[WebServer] 2026-10-08 22:22:08 [INFO ] HpAgent.ConversationCommands: run_created
[WebServer] 2026-10-08 22:22:08 [INFO ] HpAgent.WebApi: web_message_accepted
[WebServer] 2026-10-08 22:22:08 [INFO ] HpAgent.SSE: sse_subscribed
[WebServer] 2026-10-08 22:22:12 [INFO ] HpAgent.TerminalPublisher: sse_terminal_published
[WebServer] 2026-10-08 22:22:12 [INFO ] HpAgent.SSE: sse_terminal_snapshot_sent
[WebServer] 2026-10-08 22:22:12 [INFO ] HpAgent.SSE: sse_disconnected
  ✓  53 [chromium] › e2e/ui-6-self-review.spec.ts:99:1 › network fixtures over a restored real message: its HTML row converges through interrupted polling without opening details (22.2s)
  ✓  54 [chromium] › e2e/ui-7-self-review.spec.ts:191:3 › R1: late Header lookup preserves newer account (5.5s)
  ✓  55 [chromium] › e2e/ui-7-self-review.spec.ts:191:3 › R1: late Header lookup preserves newer resources (8.2s)
  ✓  56 [chromium] › e2e/ui-7-self-review.spec.ts:191:3 › R1: late Header lookup preserves newer sidebar (5.6s)
  ✓  57 [chromium] › e2e/ui-7-self-review.spec.ts:216:1 › R1: late parent lookup preserves a local child operation and its draft (2.9s)
  ✓  58 [chromium] › e2e/ui-7-self-review.spec.ts:234:1 › R2: notification summary is reached by Tab and Shift+Tab and opens with Enter/Space (5.2s)
  ✓  59 [chromium] › e2e/ui-7-self-review.spec.ts:265:1 › R2: native modal includes summary, tabindex, iframe and legend; excludes hidden/disabled controls (4.3s)
  ✓  60 [chromium] › e2e/ui-7-self-review.spec.ts:333:1 › R2: desktop nonmodal permits background Tab navigation and preserves Escape focus return (2.3s)
  ✓  61 [chromium] › e2e/ui-7-self-review.spec.ts:354:3 › R3: terminal Trace GET respects ordinary diagnostics and confirms the final message (4.9s)
  ✓  62 [chromium] › e2e/ui-7-self-review.spec.ts:354:3 › R3: terminal Trace GET respects overview diagnostics and confirms the final message (5.2s)
  ✓  63 [chromium] › e2e/ui-7-self-review.spec.ts:354:3 › R3: terminal Trace GET respects advanced diagnostics and confirms the final message (5.3s)
  ✓  64 [chromium] › e2e/ui-7-self-review.spec.ts:354:3 › R3: terminal Trace GET respects history diagnostics and confirms the final message (5.6s)
  ✓  65 [chromium] › e2e/ui-7-self-review.spec.ts:354:3 › R3: terminal Trace GET respects closed diagnostics and confirms the final message (5.7s)
  ✓  66 [chromium] › e2e/ui-7-unification.spec.ts:116:1 › seven viewports and boundary resizes keep Artifact iframe, draft and query count (14.3s)
  ✓  67 [chromium] › e2e/ui-7-unification.spec.ts:176:1 › mobile saving suspends the parent; Escape restores draft, iframe and focus (6.6s)
  ✓  68 [chromium] › e2e/ui-7-unification.spec.ts:200:1 › all four Inspectors have keyboard tabs, URL replace, geometry and screenshots (22.2s)
[WebServer] 2026-10-08 22:24:13 [INFO ] HpAgent.ConversationCommands: run_created
[WebServer] 2026-10-08 22:24:13 [INFO ] HpAgent.WebApi: web_message_accepted
[WebServer] 2026-10-08 22:24:13 [INFO ] HpAgent.SSE: sse_subscribed
[WebServer] 2026-10-08 22:24:18 [INFO ] HpAgent.TerminalPublisher: sse_terminal_published
[WebServer] 2026-10-08 22:24:18 [INFO ] HpAgent.SSE: sse_terminal_snapshot_sent
[WebServer] 2026-10-08 22:24:18 [INFO ] HpAgent.SSE: sse_disconnected
  ✓  69 [chromium] › e2e/ui-7-unification.spec.ts:236:1 › formal Header creation keeps instruction and verified Run lookup handles denial (14.1s)
  ✓  70 [chromium] › e2e/ui-7-unification.spec.ts:263:1 › nested Task abandonment and inbox keep the parent; keyboard and color pairs remain usable (8.1s)
[WebServer] 2026-10-08 22:24:41 [INFO ] HpAgent.ConversationCommands: run_created
[WebServer] 2026-10-08 22:24:41 [INFO ] HpAgent.WebApi: web_message_accepted
[WebServer] 2026-10-08 22:24:41 [INFO ] HpAgent.SSE: sse_subscribed
[WebServer] 2026-10-08 22:24:46 [INFO ] HpAgent.TerminalPublisher: sse_terminal_published
[WebServer] 2026-10-08 22:24:46 [INFO ] HpAgent.SSE: sse_terminal_snapshot_sent
[WebServer] 2026-10-08 22:24:46 [INFO ] HpAgent.SSE: sse_disconnected
  ✓  71 [chromium] › e2e/ui-7-unification.spec.ts:362:1 › explicit login assembles once; restore skips it and send/stop keep one fixed control (17.0s)
[WebServer] 2026-10-08 22:24:54 [INFO ] HpAgent.ConversationCommands: run_created
[WebServer] 2026-10-08 22:24:54 [INFO ] HpAgent.WebApi: web_message_accepted
[WebServer] 2026-10-08 22:24:54 [INFO ] HpAgent.SSE: sse_subscribed
[WebServer] 2026-10-08 22:24:59 [INFO ] HpAgent.SSE: sse_terminal_snapshot_sent
[WebServer] 2026-10-08 22:24:59 [INFO ] HpAgent.SSE: sse_disconnected
[WebServer] 2026-10-08 22:24:59 [INFO ] HpAgent.TerminalPublisher: sse_terminal_published
  ✓  72 [chromium] › e2e/ui-8-acceptance.spec.ts:152:1 › real API: AI to HTML to explicit workspace save retains one chat feed and releases resources (17.7s)
  ✓  73 [chromium] › e2e/ui-8-acceptance.spec.ts:211:1 › real API: task subscriptions stay within two and logout clears timers and feeds (9.4s)
  ✓  74 [chromium] › e2e/workspace-direct-upload.spec.ts:5:1 › uploads directly to Workspace without creating or authorizing a conversation (7.2s)
[WebServer] 2026-10-08 22:25:28 [INFO ] HpAgent.ConversationCommands: run_created
[WebServer] 2026-10-08 22:25:28 [INFO ] HpAgent.WebApi: web_message_accepted
[WebServer] 2026-10-08 22:25:28 [INFO ] HpAgent.SSE: sse_subscribed
  ✓  75 [chromium] › e2e/workspace-p1.spec.ts:5:1 › uploads, saves, moves, and downloads a Workspace entry (10.9s)
[WebServer] 2026-10-08 22:25:33 [INFO ] HpAgent.TerminalPublisher: sse_terminal_published
[WebServer] 2026-10-08 22:25:38 [INFO ] HpAgent.ConversationCommands: run_created
[WebServer] 2026-10-08 22:25:38 [INFO ] HpAgent.WebApi: web_message_accepted
[WebServer] 2026-10-08 22:25:38 [INFO ] HpAgent.SSE: sse_subscribed
  ✓  76 [chromium] › e2e/workspace-p3.spec.ts:4:1 › upgrades an entry in place and keeps its version when renamed (9.8s)
[WebServer] 2026-10-08 22:25:43 [INFO ] HpAgent.TerminalPublisher: sse_terminal_published

  76 passed (18.0m)
