.........................F......                                         [100%]
=================================== FAILURES ===================================
______ test_artifact_build_has_new_work_run_provenance[user_and_delivery] ______

database_url = '[REDACTED_TEST_DSN]'
worker_database_url = '[REDACTED_TEST_DSN]'
account_id = UUID('2b7af7d4-747e-4ac1-be36-2c63e18d9251')
mode = 'user_and_delivery'

    @pytest.mark.asyncio
    @pytest.mark.parametrize("mode", ["ready", "retry", "user_and_delivery"])
    async def test_artifact_build_has_new_work_run_provenance(
        database_url, worker_database_url, account_id, mode
    ):
        from conversation_domain.commands import CommandService
        from web_artifacts.build import ArtifactBuildService

        chat = CommandService(database_url)
        cid = UUID(
            chat.create_conversation(account_id, str(uuid4())).body["conversation"]["conversation_id"]
        )
        result = chat.send_message(account_id, cid, str(uuid4()), "Prepare an artifact")
        source_run = UUID(result.body["run_id"])
        chat.start_run(account_id, source_run)
        chat.complete_run(account_id, source_run, "# Source answer")
        with UnitOfWork(database_url) as uow:
            message = uow.execute(
                "SELECT message_id FROM messages WHERE account_id=%s AND produced_by_run_id=%s",
                (account_id, source_run),
            ).fetchone()["message_id"]
        created = ArtifactService(database_url).create_artifact(account_id, message, str(uuid4()))
        version = created.body["version"]["artifact_version_id"]
        service = WorkCommandService(database_url)
        work = next(
            w
            for w in service.list(account_id)["items"]
            if w["requirement"]["capability_key"] == "artifact_build"
        )
        if mode == "user_and_delivery":
            criteria = (
                {"id": "artifact", "required": True, "evidence_types": ["artifact_version"]},
                {"id": "channel", "required": True, "evidence_types": ["delivery_receipt"]},
                {"id": "user", "required": True, "evidence_types": ["user_acceptance"]},
            )
            work = service.revise(
                account_id,
                UUID(work["work_id"]),
                str(uuid4()),
                work["row_version"],
                Requirement(
                    "Build and confirm the result",
                    "artifact_build",
                    work["requirement"]["spec"],
                    acceptance_criteria=criteria,
                ),
            ).body["work"]
        run = advance(service, work, worker_database_url)

        class Generator:
            async def generate(self, **kwargs):
                assert kwargs["source_markdown"] == "# Source answer"
                return "<html><body>Result</body></html>"

        if mode == "retry":
            from web_artifacts.generator import ArtifactGenerationError

            class FailedGenerator:
                async def generate(self, **kwargs):
                    raise ArtifactGenerationError(
                        "artifact_model_timeout", "Retryable timeout", retryable=True
                    )

            with pytest.raises(ArtifactGenerationError):
                await ArtifactBuildService(worker_database_url, FailedGenerator()).execute(
                    UUID(version), run_id=UUID(run["run_id"])
                )
            RunLifecycleService(worker_database_url).finish(
                account_id, UUID(run["run_id"]), "failed", failure_code="artifact_model_timeout"
            )
            old = ArtifactService(database_url).get_version(account_id, UUID(version))["version"]
            work = service.get(account_id, UUID(work["work_id"]))["work"]
            run = advance(service, work, worker_database_url)
            assert old["producing_run_id"] != run["run_id"] and old["status"] == "failed"
        built = await ArtifactBuildService(worker_database_url, Generator()).execute(
            UUID(version), run_id=UUID(run["run_id"])
        )
        version = built["artifact_version_id"]
        v = ArtifactService(database_url).get_version(account_id, UUID(version))["version"]
        assert v["producing_run_id"] == run["run_id"] and v["producing_run_id"] != str(source_run)
        work = service.get(account_id, UUID(work["work_id"]))["work"]
        if mode == "user_and_delivery":
            assert work["status"] == "active" and work["continuation"]["kind"] == "awaiting_delivery"
            sender = DeliveryService(worker_database_url)
            for _ in range(20):
                await sender.deliver_once()
                work = service.get(account_id, UUID(work["work_id"]))["work"]
                if work["continuation"]["kind"] == "awaiting_input":
                    break
            assert work["continuation"]["reason"] == "user_acceptance_required"
            # UI-6: a manually generated successor belongs to a new mandate and
            # never supplies acceptance evidence for the original delivery.
            artifacts = ArtifactService(database_url)
            manual_key = str(uuid4())
            manual = artifacts.create_version(
                account_id, UUID(v["artifact_id"]), manual_key, "Manual successor"
            )
            assert artifacts.create_version(
                account_id, UUID(v["artifact_id"]), manual_key, "Manual successor"
            ).replayed
            manual_version = manual.body["version"]["artifact_version_id"]
            assert manual.body["version"]["parent_version_id"] == version
            manual_work = next(
                candidate for candidate in service.list(account_id)["items"]
                if candidate["requirement"]["spec"].get("artifact_version_id") == manual_version
            )
            manual_run = advance(service, manual_work, worker_database_url)
            await ArtifactBuildService(worker_database_url, Generator()).execute(
                UUID(manual_version), run_id=UUID(manual_run["run_id"])
            )
            original = service.get(account_id, UUID(work["work_id"]))["work"]
            assert [a["artifact_version_id"] for a in original["artifacts"]] == [version]
            for rejected_revision, rejected_version in (
                (work["current_requirement_revision"], manual_version),
                (work["current_requirement_revision"] - 1, version),
            ):
                with pytest.raises(ValueError):
                    service.integration(
                        account_id, UUID(work["work_id"]), str(uuid4()), work["row_version"],
                        "accept_result", {"requirement_revision": rejected_revision,
                                          "artifact_version_id": UUID(rejected_version)},
                    )
            # Simulate a stale successful execution epoch as a contract fixture,
            # then restore it so the existing positive acceptance still runs.
            with UnitOfWork(database_url) as uow:
>               uow.execute("UPDATE runs SET work_control_epoch=work_control_epoch+1 WHERE run_id=%s", (UUID(run["run_id"]),))

test/web_persistence/test_work_integration.py:294:
_ _ _ _ _ _ _ _ _ _ _ _ _ _ _ _ _ _ _ _ _ _ _ _ _ _ _ _ _ _ _ _ _ _ _ _ _ _ _ _
src/persistence/uow.py:68: in execute
    return self.connection.execute(query, params)
           ^^^^^^^^^^^^^^^^^^^^^^^^^^^^^^^^^^^^^^
_ _ _ _ _ _ _ _ _ _ _ _ _ _ _ _ _ _ _ _ _ _ _ _ _ _ _ _ _ _ _ _ _ _ _ _ _ _ _ _

self = <psycopg.Connection [BAD] at 0x735ac4adad50>
query = 'UPDATE runs SET work_control_epoch=work_control_epoch+1 WHERE run_id=%s'
params = (UUID('01a11764-77d9-761b-88b2-70a7774bf117'),)

    def execute(
        self,
        query: Query,
        params: Params | None = None,
        *,
        prepare: bool | None = None,
        binary: bool = False,
    ) -> Cursor[Row]:
        """Execute a query and return a cursor to read its results."""
        try:
            cur = self.cursor()
            if binary:
                cur.format = BINARY

            if isinstance(query, Template):
                if params is not None:
                    raise TypeError(
                        "'execute()' with string template query doesn't support parameters"
                    )
                return cur.execute(query, prepare=prepare)
            else:
                return cur.execute(query, params, prepare=prepare)
        except e._NO_TRACEBACK as ex:
>           raise ex.with_traceback(None)
E           psycopg.errors.RaiseException: immutable Run input/terminal fact
E           CONTEXT:  PL/pgSQL function immutable_run_input() line 10 at RAISE

.venv/lib/python3.12/site-packages/psycopg/connection.py:300: RaiseException
=============================== warnings summary ===============================
.venv/lib/python3.12/site-packages/fastapi/testclient.py:1
  /home/hp/workspace/HpAgent_web/.venv/lib/python3.12/site-packages/fastapi/testclient.py:1: StarletteDeprecationWarning: Using `httpx` with `starlette.testclient` is deprecated; install `httpx2` instead.
    from starlette.testclient import TestClient as TestClient  # noqa

-- Docs: https://docs.pytest.org/en/stable/how-to/capture-warnings.html
=========================== short test summary info ============================
FAILED test/web_persistence/test_work_integration.py::test_artifact_build_has_new_work_run_provenance[user_and_delivery]
1 failed, 31 passed, 1 warning in 174.26s (0:02:54)
