src/store/artifacts.ts 617ms
src/store/artifacts.test.ts 464ms
src/store/artifactUi.ts 66ms
src/store/sessionLifecycle.ts 31ms (unchanged)
src/store/shell.ts 109ms
src/api/types.ts 142ms (unchanged)
src/components/artifact/ArtifactComposer.tsx 67ms
src/components/artifact/artifactDownloads.ts 53ms
src/components/artifact/ArtifactInspector.tsx 308ms
src/components/artifact/ArtifactMessageItems.tsx 33ms
src/components/ArtifactPanel.tsx 6ms
src/components/ArtifactPreview.tsx 14ms (unchanged)
src/components/TestPages.tsx 120ms
src/components/shell/AppShell.tsx 186ms
src/components/shell/InspectorHost.tsx 28ms
src/components/tasks/TaskOutputs.tsx 104ms
src/components/workspace/SaveToWorkspaceDialog.tsx 59ms
src/components/workspace/workspaceOperations.ts 145ms
src/adapters/assistant-ui/HpThread.tsx 182ms
src/styles.css 687ms
