
 RUN  v4.1.10 /home/hp/workspace/HpAgent_web/web

 ✓ src/components/conversation/ConversationResources.test.tsx > UI-2 long-term resources > shows only refreshed grants after a successful read-only authorization 1076ms
 ✓ src/components/conversation/ConversationResources.test.tsx > UI-2 long-term resources > tracks partial revoke and retries only surviving rules 326ms
 ✓ src/components/conversation/ConversationResources.test.tsx > UI-2 long-term resources > closes revoke confirmation when DELETE is applied but its response is lost 150ms
 ✓ src/components/conversation/ConversationResources.test.tsx > UI-2 long-term resources > keeps revoke context when DELETE and readback both fail, then narrows it after query recovery 264ms
 ✓ src/components/conversation/ConversationResources.test.tsx > UI-2 long-term resources > releases A's revoke busy state after switching away and back 195ms
 ✓ src/components/conversation/ConversationResources.test.tsx > UI-2 long-term resources > keeps A locked on return until its revoke finishes and refreshes grants 155ms
 ✓ src/components/conversation/ConversationResources.test.tsx > UI-2 long-term resources > does not refresh the active run after an unmounted revoke completes 87ms
 ✓ src/components/conversation/ConversationResources.test.tsx > UI-2 long-term resources > keeps B busy when A's older revoke finishes first 277ms
 ✓ src/components/conversation/ConversationResources.test.tsx > UI-2 long-term resources > does not write an old revoke result into a new account session 107ms
 ✓ src/components/conversation/ConversationResources.test.tsx > UI-2 long-term resources > discards an A→B→A late query instead of showing stale grants 29ms
 ✓ src/components/WorkspacePanel.test.tsx > Workspace authority lifecycle > drops late candidates and failures after cancellation without losing the version Run 1105ms
 ✓ src/components/WorkspacePanel.test.tsx > Workspace authority lifecycle > does not restore old candidates after leaving a running Run 74ms
 ✓ src/components/WorkspacePanel.test.tsx > Workspace authority lifecycle > fences delayed authority responses across A → B → A 155ms
 ✓ src/components/WorkspacePanel.test.tsx > Workspace authority lifecycle > keeps an unknown active-run 404 visible 135ms
 ✓ src/components/WorkspacePanel.test.tsx > Workspace authority lifecycle > refreshes candidates when the same queued Run starts running 238ms
 ✓ src/components/WorkspacePanel.test.tsx > Workspace authority lifecycle > drops a late candidate page after a conversation switch 225ms
 ✓ src/components/WorkspacePanel.test.tsx > creates inside the selected directory with a separate empty name and preserves selection 376ms
 ✓ src/components/WorkspacePanel.test.tsx > keeps a saved upload after authorization failure and retries only the authorization 288ms
stderr | src/components/workspace/WorkspaceCommands.test.tsx > does not authorize a late impact preview after any parameter changes
An update to WorkspaceMutationDialog inside a test was not wrapped in act(...).

When testing, code that causes React state updates should be wrapped into act(...):

act(() => {
  /* fire events that update state */
});
/* assert on the output */

This ensures that you're testing the behavior the user would see in the browser. Learn more at https://react.dev/link/wrap-tests-with-act

 ✓ src/components/workspace/WorkspaceCommands.test.tsx > does not authorize a late impact preview after any parameter changes 1326ms
 ✓ src/components/workspace/WorkspaceCommands.test.tsx > clears impact on name/action changes and never automatically retries an expired token 858ms
 ✓ src/components/workspace/WorkspaceCommands.test.tsx > rejects late published outputs for a different Run and exposes real save on CAS conflict 500ms
 ✓ src/components/workspace/WorkspaceCommands.test.tsx > cannot close or notify the new save view with an old source's completion 120ms
 ✓ src/components/workspace/WorkspaceCommands.test.tsx > creates a new conversation once even when authorization fails 190ms
 ✓ src/components/workspace/UI4SelfReview.test.tsx > R1: concurrent consumers of the same query both receive the result with one request 222ms
 ✓ src/components/workspace/UI4SelfReview.test.tsx > R2: an uncertain version submission retains its operation key across tab unmount/remount 828ms
 ✓ src/components/workspace/UI4SelfReview.test.tsx > R3: confirmed Composer revoke invalidates diagnostics and follows affected Runs despite read-back failure 410ms
 ✓ src/components/workspace/UI4SelfReview.test.tsx > R4: navigating a valid breadcrumb must not claim that its directory is unavailable 663ms
 ✓ src/components/workspace/UI4SelfReview.test.tsx > R1: two StrictMode GrantEditors converge through concurrent subscription and forced refresh 179ms
 ✓ src/components/workspace/UI4SelfReview.test.tsx > R1: A → B → A joins the live flight and account reset refuses its late result 144ms
stderr | src/components/workspace/UI4SelfReview.test.tsx > R2: a definite CAS rejection requires confirmation before a fresh key and reset drops late completion
An update to FileVersions inside a test was not wrapped in act(...).

When testing, code that causes React state updates should be wrapped into act(...):

act(() => {
  /* fire events that update state */
});
/* assert on the output */

This ensures that you're testing the behavior the user would see in the browser. Learn more at https://react.dev/link/wrap-tests-with-act
An update to FileVersions inside a test was not wrapped in act(...).

When testing, code that causes React state updates should be wrapped into act(...):

act(() => {
  /* fire events that update state */
});
/* assert on the output */

This ensures that you're testing the behavior the user would see in the browser. Learn more at https://react.dev/link/wrap-tests-with-act

 ✓ src/components/workspace/UI4SelfReview.test.tsx > R2: pending submission survives closing, then replays the frozen CAS after metadata changes 437ms
 ✓ src/components/workspace/UI4SelfReview.test.tsx > R2: a definite CAS rejection requires confirmation before a fresh key and reset drops late completion 289ms
 ✓ src/components/workspace/UI4SelfReview.test.tsx > R3: partial success invalidates immediately and rejects a late Model Input while readback fails 216ms
 ✓ src/components/workspace/UI4SelfReview.test.tsx > R3: a delayed revoke after changing account=false only affects the originating account 207ms
 ✓ src/components/workspace/UI4SelfReview.test.tsx > R3: a delayed revoke after changing account=true only affects the originating account 122ms
 ✓ src/components/workspace/UI4SelfReview.test.tsx > R4: invalid/deleted directory normalization waits for accepted navigation (draft=false) 254ms
 ✓ src/components/workspace/UI4SelfReview.test.tsx > R4: invalid/deleted directory normalization waits for accepted navigation (draft=true) 195ms
 ✓ src/components/workspace/FileInspector.test.tsx > renders HTML as text and never creates executable elements 319ms
 ✓ src/components/workspace/FileInspector.test.tsx > only fetches metadata/preview initially and never file APIs for a directory 59ms
 ✓ src/components/workspace/FileInspector.test.tsx > falls back to metadata and download for unsupported metadata {"content_type":"application/pdf"} 551ms
 ✓ src/components/workspace/FileInspector.test.tsx > falls back to metadata and download for unsupported metadata {"content_type":"application/vnd.openxmlformats-officedocument.wordprocessingml.document"} 123ms
 ✓ src/components/workspace/FileInspector.test.tsx > falls back to metadata and download for unsupported metadata {"size_bytes":null} 150ms
 ✓ src/components/workspace/FileInspector.test.tsx > falls back to metadata and download for unsupported metadata {"size_bytes":1048577} 163ms
 ✓ src/components/workspace/FileInspector.test.tsx > falls back to metadata and download for unsupported metadata {"encoding":"gbk"} 110ms
 ✓ src/components/workspace/FileInspector.test.tsx > accepts precisely 1 MiB and ignores stale A → B → A preview responses 29ms
 ✓ src/components/workspace/FileInspector.test.tsx > shows inherited grants only from recursive ancestors and defaults write permissions off 199ms
 ✓ src/components/workspace/FileInspector.test.tsx > indexes large trees once and preserves folder-first stable order 57ms
stdout | src/components/workspace/WorkspaceScale.test.tsx > indexes and browses 1000 nodes without per-row metadata or duplicated trees
{"nodes":1101,"files":1000,"indexMs":18.71,"initialNavigationAndDirectoryRenderMs":262.71,"visibleFileRows":10,"treeRequests":1,"metadataRequests":0}

 ✓ src/components/workspace/WorkspaceScale.test.tsx > indexes and browses 1000 nodes without per-row metadata or duplicated trees 311ms
stdout | src/components/workspace/WorkspaceScale.test.tsx > indexes and browses 10000 nodes without per-row metadata or duplicated trees
{"nodes":10101,"files":10000,"indexMs":46.12,"initialNavigationAndDirectoryRenderMs":729.11,"visibleFileRows":100,"treeRequests":1,"metadataRequests":0}

 ✓ src/components/workspace/WorkspaceScale.test.tsx > indexes and browses 10000 nodes without per-row metadata or duplicated trees 821ms
 ✓ src/api/client.test.ts > ApiClient auth recovery > me() caches the CSRF token 24ms
 ✓ src/api/client.test.ts > ApiClient auth recovery > registers, verifies the cookie session through /me, and creates a QQ challenge 12ms
 ✓ src/api/client.test.ts > ApiClient auth recovery > omits an empty optional invite from registration 4ms
 ✓ src/api/client.test.ts > ApiClient auth recovery > reports a registered account whose automatic session was not established 3ms
 ✓ src/api/client.test.ts > ApiClient auth recovery > rotates the CSRF token exactly once on csrf_invalid, then retries 15ms
 ✓ src/api/client.test.ts > ApiClient auth recovery > puts the Idempotency-Key header on every mutation request 2ms
 ✓ src/api/client.test.ts > ApiClient auth recovery > sends binary upload bodies unchanged and preserves them across CSRF recovery 7ms
 ✓ src/api/client.test.ts > ApiClient auth recovery > replays the SAME Idempotency-Key after a CSRF rotation 4ms
 ✓ src/api/client.test.ts > ApiClient auth recovery > does NOT rotate for a second csrf_invalid (single refresh budget) 11ms
 ✓ src/api/client.test.ts > ApiClient auth recovery > does not rotate on non-CSRF errors (conversation_busy, run_not_cancellable) 4ms
 ✓ src/api/client.test.ts > ApiClient auth recovery > surfaces unauthenticated as a typed error and clears the cached token 3ms
 ✓ src/api/client.test.ts > ApiClient auth recovery > propagates idempotency-replayed as a flag on success 1ms
 ✓ src/api/client.test.ts > ApiClient auth recovery > version_conflict (412) and service_unavailable (503) produce typed errors 3ms
 ✓ src/api/client.test.ts > Markdown upload MIME metadata > maps browser MIME text/markdown for .md to text/markdown 3ms
 ✓ src/api/client.test.ts > Markdown upload MIME metadata > maps browser MIME text/x-markdown for .md to text/markdown 2ms
 ✓ src/api/client.test.ts > Markdown upload MIME metadata > maps browser MIME  for .md to text/markdown 1ms
 ✓ src/api/client.test.ts > Markdown upload MIME metadata > maps browser MIME text/plain for .md to text/plain 1ms
 ✓ src/api/client.test.ts > bounded authenticated text > decodes UTF-8 across chunks and allows exactly the cap 13ms
 ✓ src/api/client.test.ts > bounded authenticated text > cancels a stream as soon as it exceeds the byte cap 4ms
 ✓ src/api/client.test.ts > bounded authenticated text > rejects a late body after reset and handles content 401 uniformly 5ms
 ✓ src/store/workspace.test.ts > Workspace query ownership > shares one tree request and fences replaced requests even for the same object 14ms
 ✓ src/store/workspace.test.ts > Workspace query ownership > does not restore any cache after an account reset 8ms
 ✓ src/store/workspace.test.ts > Workspace query ownership > retries a failed query and reuses a successful cache 13ms
 ✓ src/store/workspace.test.ts > Workspace search > does not mix a late old page with a newly applied filter 14ms
 ✓ src/store/workspace.test.ts > Workspace search > retains existing results after a failed page and deduplicates on retry 16ms
 ✓ src/store/workspace.test.ts > Workspace search > locks duplicate load-more requests and marks mutation results stale 9ms
 ✓ src/store/sessionIsolation.test.ts > UI-1 account and selection fences > aborts requests and rejects late responses without expiring the new account 15ms
 ✓ src/store/sessionIsolation.test.ts > UI-1 account and selection fences > expires current 401s but leaves ordinary 403s in context 12ms
 ✓ src/store/sessionIsolation.test.ts > UI-1 account and selection fences > does not restore authentication after an expire overtakes /me 3ms
 ✓ src/store/sessionIsolation.test.ts > UI-1 account and selection fences > drops a late send after reset even when the same conversation ID is selected again 9ms
 ✓ src/store/sessionIsolation.test.ts > UI-1 account and selection fences > does not continue an old upload under the next account 4ms
 ✓ src/store/sessionIsolation.test.ts > UI-1 account and selection fences > drops late Model Input and trace responses across reset / A-B-A 2ms
 ✓ src/store/sessionIsolation.test.ts > UI-1 account and selection fences > live chat cannot steal a selected historical Trace 1ms
 ✓ src/components/workspace/workspaceOperations.test.ts > saves by default without granting an active conversation 23ms
 ✓ src/components/workspace/workspaceOperations.test.ts > keeps the initialized file and upload key after an unknown content response 7ms
 ✓ src/components/workspace/workspaceOperations.test.ts > replays an unknown save with the same key and payload, without transferring content again 6ms
 ✓ src/components/workspace/workspaceOperations.test.ts > recovers authorization alone after save success and only grants missing rules 9ms
 ✓ src/components/workspace/workspaceOperations.test.ts > deduplicates double clicks and rejects late results after reset 3ms
 ✓ src/components/workspace/workspaceOperations.test.ts > serializes Work grants and preserves If-Match and command key on uncertain retry 7ms
 ✓ src/components/workspace/workspaceOperations.test.ts > does not use the Conversation contract for Work grants 8ms
 ✓ src/components/workspace/workspaceOperations.test.ts > uses read-back after DELETE response loss to determine remaining rules 3ms
 ✓ src/components/workspace/workspaceOperations.test.ts > deduplicates in-flight revocation checks and waits for a terminal snapshot 16ms
 ✓ src/components/workspace/workspaceOperations.test.ts > pauses hidden checks, bounds concurrency and discards old-account snapshots 11ms

 Test Files  10 passed (10)
      Tests  91 passed (91)
   Start at  16:48:54
   Duration  65.44s (transform 2.67s, setup 4.70s, import 5.65s, tests 15.74s, environment 33.70s)

