
> hpagent-web@0.1.0 test:e2e
> playwright test e2e/ui-4-workspace.spec.ts e2e/workspace-direct-upload.spec.ts e2e/workspace-p1.spec.ts e2e/workspace-p3.spec.ts e2e/manual-repair.spec.ts e2e/ui-2-ai.spec.ts e2e/ui-3-execution.spec.ts e2e/artifact.spec.ts e2e/auth.spec.ts e2e/multi-tab.spec.ts e2e/a11y.spec.ts

[WebServer] INFO:     Started server process [46120]
[WebServer] INFO:     Waiting for application startup.
[WebServer] INFO:     Application startup complete.
[WebServer] INFO:     Uvicorn running on http://0.0.0.0:8185 (Press CTRL+C to quit)
[WebServer] (node:46646) Warning: The 'NO_COLOR' env is ignored due to the 'FORCE_COLOR' env being set.
[WebServer] (Use `node --trace-warnings ...` to show where the warning was created)

Running 37 tests using 1 worker

(node:46704) Warning: The 'NO_COLOR' env is ignored due to the 'FORCE_COLOR' env being set.
(Use `node --trace-warnings ...` to show where the warning was created)
  ✓   1 [chromium] › e2e/a11y.spec.ts:10:1 › login form exposes a heading and labelled fields (3.4s)
  ✓   2 [chromium] › e2e/a11y.spec.ts:18:1 › workbench exposes headings, labelled controls, and semantic buttons (5.6s)
[WebServer] 2026-10-07 17:54:33 [INFO ] HpAgent.ConversationCommands: run_created
[WebServer] 2026-10-07 17:54:33 [INFO ] HpAgent.WebApi: web_message_accepted
[WebServer] 2026-10-07 17:54:33 [INFO ] HpAgent.SSE: sse_subscribed
[WebServer] 2026-10-07 17:54:38 [INFO ] HpAgent.SSE: sse_terminal_snapshot_sent
[WebServer] 2026-10-07 17:54:38 [INFO ] HpAgent.SSE: sse_disconnected
[WebServer] 2026-10-07 17:54:38 [INFO ] HpAgent.TerminalPublisher: sse_terminal_published
  ✓   3 [chromium] › e2e/artifact.spec.ts:5:1 › builds, interacts with, isolates and restores an Artifact (16.1s)
  ✓   4 [chromium] › e2e/auth.spec.ts:8:1 › rejects wrong credentials with the server's safe message (3.2s)
  ✓   5 [chromium] › e2e/auth.spec.ts:20:1 › signs in with valid credentials (3.1s)
  ✓   6 [chromium] › e2e/auth.spec.ts:26:1 › signs out back to the login gate (5.3s)
[WebServer] 2026-10-07 17:54:59 [INFO ] HpAgent.Account: web_registration_succeeded account_id=01a115c9-a8c4-7bb9-aa8a-46f12112c636
  ✓   7 [chromium] › e2e/auth.spec.ts:37:1 › registers, auto-signs in, and can log in again (4.7s)
[WebServer] 2026-10-07 17:55:05 [WARNING] HpAgent.WebApi: workspace_request_rejected
  ✓   8 [chromium] › e2e/manual-repair.spec.ts:5:1 › creates a child in the selected directory and explains duplicate names (4.3s)
  ✓   9 [chromium] › e2e/manual-repair.spec.ts:27:1 › uploads and authorizes the current conversation, and keeps chat drafts across pages (6.0s)
  ✓  10 [chromium] › e2e/manual-repair.spec.ts:59:1 › creates reminder and research directly from independent pages on narrow screens (4.3s)
  ✓  11 [chromium] › e2e/manual-repair.spec.ts:88:1 › revises a scheduled work and grants its own directory permissions (6.0s)
[WebServer] 2026-10-07 17:55:26 [INFO ] HpAgent.ConversationCommands: run_created
[WebServer] 2026-10-07 17:55:26 [INFO ] HpAgent.WebApi: web_message_accepted
[WebServer] 2026-10-07 17:55:27 [INFO ] HpAgent.SSE: sse_subscribed
[WebServer] 2026-10-07 17:55:31 [INFO ] HpAgent.TerminalPublisher: sse_terminal_published
[WebServer] 2026-10-07 17:55:31 [INFO ] HpAgent.SSE: sse_terminal_snapshot_sent
[WebServer] 2026-10-07 17:55:31 [INFO ] HpAgent.SSE: sse_disconnected
[WebServer] 2026-10-07 17:55:37 [INFO ] HpAgent.ConversationCommands: run_created
[WebServer] 2026-10-07 17:55:37 [INFO ] HpAgent.WebApi: web_message_accepted
[WebServer] 2026-10-07 17:55:37 [INFO ] HpAgent.SSE: sse_subscribed
[WebServer] 2026-10-07 17:55:42 [INFO ] HpAgent.TerminalPublisher: sse_terminal_published
[WebServer] 2026-10-07 17:55:42 [INFO ] HpAgent.SSE: sse_terminal_snapshot_sent
[WebServer] 2026-10-07 17:55:42 [INFO ] HpAgent.SSE: sse_disconnected
  ✓  12 [chromium] › e2e/multi-tab.spec.ts:12:1 › accounts are isolated across browser contexts (21.2s)
[WebServer] 2026-10-07 17:55:48 [INFO ] HpAgent.ConversationCommands: run_created
[WebServer] 2026-10-07 17:55:48 [INFO ] HpAgent.WebApi: web_message_accepted
[WebServer] 2026-10-07 17:55:48 [INFO ] HpAgent.SSE: sse_subscribed
[WebServer] 2026-10-07 17:55:53 [INFO ] HpAgent.TerminalPublisher: sse_terminal_published
[WebServer] 2026-10-07 17:55:53 [INFO ] HpAgent.SSE: sse_terminal_snapshot_sent
[WebServer] 2026-10-07 17:55:53 [INFO ] HpAgent.SSE: sse_disconnected
[WebServer] 2026-10-07 17:55:57 [INFO ] HpAgent.ConversationCommands: run_created
[WebServer] 2026-10-07 17:55:57 [INFO ] HpAgent.WebApi: web_message_accepted
[WebServer] 2026-10-07 17:55:57 [INFO ] HpAgent.SSE: sse_subscribed
[WebServer] 2026-10-07 17:55:58 [INFO ] HpAgent.SSE: sse_subscribed
[WebServer] 2026-10-07 17:55:58 [INFO ] HpAgent.SSE: sse_disconnected
[WebServer] 2026-10-07 17:55:58 [INFO ] HpAgent.SSE: sse_disconnected
  ✓  13 [chromium] › e2e/multi-tab.spec.ts:36:1 › a second tab cannot send while a Run is active (409 wins) (15.0s)
[WebServer] 2026-10-07 17:56:02 [INFO ] HpAgent.TerminalPublisher: sse_terminal_published
  ✓  14 [chromium] › e2e/ui-2-ai.spec.ts:37:1 › lost DELETE responses close the dialog after authoritative empty readback (7.2s)
  ✓  15 [chromium] › e2e/ui-2-ai.spec.ts:56:1 › revoke finishing during history navigation releases only its conversation lock (7.7s)
[WebServer] 2026-10-07 17:56:19 [INFO ] HpAgent.ConversationCommands: run_created
[WebServer] 2026-10-07 17:56:19 [INFO ] HpAgent.WebApi: web_message_accepted
[WebServer] 2026-10-07 17:56:19 [INFO ] HpAgent.SSE: sse_subscribed
[WebServer] 2026-10-07 17:56:24 [INFO ] HpAgent.TerminalPublisher: sse_terminal_published
[WebServer] 2026-10-07 17:56:24 [INFO ] HpAgent.SSE: sse_terminal_snapshot_sent
[WebServer] 2026-10-07 17:56:24 [INFO ] HpAgent.SSE: sse_disconnected
[WebServer] 2026-10-07 17:56:25 [INFO ] HpAgent.ConversationCommands: run_created
[WebServer] 2026-10-07 17:56:25 [INFO ] HpAgent.WebApi: web_message_accepted
[WebServer] 2026-10-07 17:56:25 [INFO ] HpAgent.SSE: sse_subscribed
[WebServer] 2026-10-07 17:56:30 [INFO ] HpAgent.TerminalPublisher: sse_terminal_published
[WebServer] 2026-10-07 17:56:30 [INFO ] HpAgent.SSE: sse_terminal_snapshot_sent
[WebServer] 2026-10-07 17:56:30 [INFO ] HpAgent.SSE: sse_disconnected
  ✓  16 [chromium] › e2e/ui-2-ai.spec.ts:91:1 › B sends through the real API while A's POST is pending (16.5s)
[WebServer] 2026-10-07 17:56:35 [INFO ] HpAgent.ConversationCommands: run_created
[WebServer] 2026-10-07 17:56:35 [INFO ] HpAgent.WebApi: web_message_accepted
[WebServer] 2026-10-07 17:56:35 [INFO ] HpAgent.SSE: sse_subscribed
[WebServer] 2026-10-07 17:56:40 [INFO ] HpAgent.TerminalPublisher: sse_terminal_published
[WebServer] 2026-10-07 17:56:40 [INFO ] HpAgent.SSE: sse_terminal_snapshot_sent
[WebServer] 2026-10-07 17:56:40 [INFO ] HpAgent.SSE: sse_disconnected
[WebServer] 2026-10-07 17:56:41 [INFO ] HpAgent.ConversationCommands: run_created
[WebServer] 2026-10-07 17:56:41 [INFO ] HpAgent.WebApi: web_message_accepted
[WebServer] 2026-10-07 17:56:41 [INFO ] HpAgent.SSE: sse_subscribed
[WebServer] 2026-10-07 17:56:46 [INFO ] HpAgent.TerminalPublisher: sse_terminal_published
[WebServer] 2026-10-07 17:56:46 [INFO ] HpAgent.SSE: sse_terminal_snapshot_sent
[WebServer] 2026-10-07 17:56:46 [INFO ] HpAgent.SSE: sse_disconnected
  ✓  17 [chromium] › e2e/ui-2-ai.spec.ts:124:1 › empty composer creates only on submission, handles IME, and restores per-conversation drafts (17.3s)
[WebServer] 2026-10-07 17:56:52 [INFO ] HpAgent.ConversationCommands: run_created
[WebServer] 2026-10-07 17:56:52 [INFO ] HpAgent.WebApi: web_message_accepted
[WebServer] 2026-10-07 17:56:53 [INFO ] HpAgent.SSE: sse_subscribed
[WebServer] 2026-10-07 17:56:53 [INFO ] HpAgent.WebApi: web_message_accepted
[WebServer] 2026-10-07 17:56:57 [INFO ] HpAgent.TerminalPublisher: sse_terminal_published
[WebServer] 2026-10-07 17:56:57 [INFO ] HpAgent.SSE: sse_terminal_snapshot_sent
[WebServer] 2026-10-07 17:56:57 [INFO ] HpAgent.SSE: sse_disconnected
  ✓  18 [chromium] › e2e/ui-2-ai.spec.ts:174:1 › a lost POST response is confirmed with the original key and does not duplicate messages (10.7s)
  ✓  19 [chromium] › e2e/ui-2-ai.spec.ts:206:1 › creation completed after leaving AI does not send or navigate and keeps the draft (5.3s)
  ✓  20 [chromium] › e2e/ui-2-ai.spec.ts:238:1 › attachment abandonment is confirmed and existing files are not deleted (5.7s)
  ✓  21 [chromium] › e2e/ui-2-ai.spec.ts:255:1 › rename, read-only resources, focus return, and seven viewport layouts (9.1s)
[WebServer] 2026-10-07 17:57:29 [INFO ] HpAgent.ConversationCommands: run_created
[WebServer] 2026-10-07 17:57:29 [INFO ] HpAgent.WebApi: web_message_accepted
[WebServer] 2026-10-07 17:57:29 [INFO ] HpAgent.SSE: sse_subscribed
[WebServer] 2026-10-07 17:57:34 [INFO ] HpAgent.TerminalPublisher: sse_terminal_published
[WebServer] 2026-10-07 17:57:34 [INFO ] HpAgent.SSE: sse_terminal_snapshot_sent
[WebServer] 2026-10-07 17:57:34 [INFO ] HpAgent.SSE: sse_disconnected
  ✓  22 [chromium] › e2e/ui-2-ai.spec.ts:323:1 › history prepend retains the visible anchor and streaming does not pull a reader to the bottom (16.5s)
  ✓  23 [chromium] › e2e/ui-2-ai.spec.ts:393:1 › failed attachment keeps the draft and exposes a removable error; text zoom remains usable (5.4s)
  ✓  24 [chromium] › e2e/ui-2-ai.spec.ts:435:1 › more than thirty conversations paginate and loaded-title filtering remains local (17.5s)
[WebServer] 2026-10-07 17:58:02 [INFO ] HpAgent.ConversationCommands: run_created
[WebServer] 2026-10-07 17:58:02 [INFO ] HpAgent.WebApi: web_message_accepted
[WebServer] 2026-10-07 17:58:03 [INFO ] HpAgent.SSE: sse_subscribed
[WebServer] 2026-10-07 17:58:07 [INFO ] HpAgent.TerminalPublisher: sse_terminal_published
[WebServer] 2026-10-07 17:58:07 [INFO ] HpAgent.SSE: sse_terminal_snapshot_sent
[WebServer] 2026-10-07 17:58:07 [INFO ] HpAgent.SSE: sse_disconnected
  ✓  25 [chromium] › e2e/ui-3-execution.spec.ts:9:1 › real API: message-bound execution, tab navigation and terminal resource boundary (12.0s)
  ✓  26 [chromium] › e2e/ui-3-execution.spec.ts:52:1 › network fixtures: Work snapshot, missing Trace, approvals and responsive inspector (7.6s)
  ✓  27 [chromium] › e2e/ui-3-execution.spec.ts:198:1 › network fixtures: terminal outputs refresh and permission denial discards old model bodies (7.2s)
  ✓  28 [chromium] › e2e/ui-4-workspace.spec.ts:8:1 › directory deep links, direct children, all files, file preview and browser return (9.3s)
  ✓  29 [chromium] › e2e/ui-4-workspace.spec.ts:49:1 › an existing conversation never receives an implicit upload grant (6.1s)
  ✓  30 [chromium] › e2e/ui-4-workspace.spec.ts:61:1 › lost PUT response resumes from ready metadata and does not reupload or resave (5.7s)
  ✓  31 [chromium] › e2e/ui-4-workspace.spec.ts:94:1 › saved upload survives a failed grant, closes, reopens and retries authorization only (7.0s)
  ✓  32 [chromium] › e2e/ui-4-workspace.spec.ts:139:1 › new conversation usage creates once, restores failed authorization and sends no message (7.4s)
  ✓  33 [chromium] › e2e/ui-4-workspace.spec.ts:175:1 › permission drafts, keyboard tabs, impact invalidation and responsive object surfaces (13.8s)
  ✓  34 [chromium] › e2e/ui-4-workspace.spec.ts:250:1 › empty and unavailable objects keep navigation and focus usable (5.9s)
  ✓  35 [chromium] › e2e/workspace-direct-upload.spec.ts:5:1 › uploads directly to Workspace without creating or authorizing a conversation (6.0s)
[WebServer] 2026-10-07 17:59:32 [INFO ] HpAgent.ConversationCommands: run_created
[WebServer] 2026-10-07 17:59:32 [INFO ] HpAgent.WebApi: web_message_accepted
[WebServer] 2026-10-07 17:59:32 [INFO ] HpAgent.SSE: sse_subscribed
[WebServer] 2026-10-07 17:59:34 [INFO ] HpAgent.SSE: sse_disconnected
  ✓  36 [chromium] › e2e/workspace-p1.spec.ts:5:1 › uploads, saves, moves, and downloads a Workspace entry (8.4s)
[WebServer] 2026-10-07 17:59:37 [INFO ] HpAgent.TerminalPublisher: sse_terminal_published
[WebServer] 2026-10-07 17:59:39 [INFO ] HpAgent.ConversationCommands: run_created
[WebServer] 2026-10-07 17:59:39 [INFO ] HpAgent.WebApi: web_message_accepted
[WebServer] 2026-10-07 17:59:39 [INFO ] HpAgent.SSE: sse_subscribed
[WebServer] 2026-10-07 17:59:42 [INFO ] HpAgent.SSE: sse_disconnected
  ✓  37 [chromium] › e2e/workspace-p3.spec.ts:4:1 › upgrades an entry in place and keeps its version when renamed (7.3s)

  37 passed (5.6m)
