
> hpagent-web@0.1.0 test:e2e
> playwright test e2e/ui-4-workspace.spec.ts e2e/workspace-direct-upload.spec.ts e2e/workspace-p1.spec.ts e2e/workspace-p3.spec.ts e2e/manual-repair.spec.ts e2e/ui-2-ai.spec.ts e2e/ui-3-execution.spec.ts e2e/artifact.spec.ts e2e/auth.spec.ts e2e/multi-tab.spec.ts e2e/a11y.spec.ts

[WebServer] INFO:     Started server process [23447]
[WebServer] INFO:     Waiting for application startup.
[WebServer] INFO:     Application startup complete.
[WebServer] INFO:     Uvicorn running on http://0.0.0.0:8185 (Press CTRL+C to quit)
[WebServer] (node:24042) Warning: The 'NO_COLOR' env is ignored due to the 'FORCE_COLOR' env being set.
[WebServer] (Use `node --trace-warnings ...` to show where the warning was created)

Running 37 tests using 1 worker

(node:24132) Warning: The 'NO_COLOR' env is ignored due to the 'FORCE_COLOR' env being set.
(Use `node --trace-warnings ...` to show where the warning was created)
  ✓   1 [chromium] › e2e/a11y.spec.ts:10:1 › login form exposes a heading and labelled fields (7.8s)
  ✓   2 [chromium] › e2e/a11y.spec.ts:18:1 › workbench exposes headings, labelled controls, and semantic buttons (5.9s)
[WebServer] 2026-10-07 17:45:29 [INFO ] HpAgent.ConversationCommands: run_created
[WebServer] 2026-10-07 17:45:29 [INFO ] HpAgent.WebApi: web_message_accepted
[WebServer] 2026-10-07 17:45:29 [INFO ] HpAgent.SSE: sse_subscribed
[WebServer] 2026-10-07 17:45:34 [INFO ] HpAgent.TerminalPublisher: sse_terminal_published
[WebServer] 2026-10-07 17:45:34 [INFO ] HpAgent.SSE: sse_terminal_snapshot_sent
[WebServer] 2026-10-07 17:45:34 [INFO ] HpAgent.SSE: sse_disconnected
  ✓   3 [chromium] › e2e/artifact.spec.ts:5:1 › builds, interacts with, isolates and restores an Artifact (20.9s)
  ✓   4 [chromium] › e2e/auth.spec.ts:8:1 › rejects wrong credentials with the server's safe message (4.3s)
  ✓   5 [chromium] › e2e/auth.spec.ts:20:1 › signs in with valid credentials (4.0s)
  ✓   6 [chromium] › e2e/auth.spec.ts:26:1 › signs out back to the login gate (6.7s)
[WebServer] 2026-10-07 17:46:03 [INFO ] HpAgent.Account: web_registration_succeeded account_id=01a115c1-7a52-773a-9dca-cf007113c8b2
  ✓   7 [chromium] › e2e/auth.spec.ts:37:1 › registers, auto-signs in, and can log in again (6.5s)
[WebServer] 2026-10-07 17:46:11 [WARNING] HpAgent.WebApi: workspace_request_rejected
  ✓   8 [chromium] › e2e/manual-repair.spec.ts:5:1 › creates a child in the selected directory and explains duplicate names (5.5s)
  ✓   9 [chromium] › e2e/manual-repair.spec.ts:27:1 › uploads and authorizes the current conversation, and keeps chat drafts across pages (8.2s)
  ✓  10 [chromium] › e2e/manual-repair.spec.ts:59:1 › creates reminder and research directly from independent pages on narrow screens (5.5s)
  ✓  11 [chromium] › e2e/manual-repair.spec.ts:88:1 › revises a scheduled work and grants its own directory permissions (8.1s)
[WebServer] 2026-10-07 17:46:39 [INFO ] HpAgent.ConversationCommands: run_created
[WebServer] 2026-10-07 17:46:39 [INFO ] HpAgent.WebApi: web_message_accepted
[WebServer] 2026-10-07 17:46:39 [INFO ] HpAgent.SSE: sse_subscribed
[WebServer] 2026-10-07 17:46:44 [INFO ] HpAgent.TerminalPublisher: sse_terminal_published
[WebServer] 2026-10-07 17:46:44 [INFO ] HpAgent.SSE: sse_terminal_snapshot_sent
[WebServer] 2026-10-07 17:46:44 [INFO ] HpAgent.SSE: sse_disconnected
[WebServer] 2026-10-07 17:46:51 [INFO ] HpAgent.ConversationCommands: run_created
[WebServer] 2026-10-07 17:46:51 [INFO ] HpAgent.WebApi: web_message_accepted
[WebServer] 2026-10-07 17:46:51 [INFO ] HpAgent.SSE: sse_subscribed
[WebServer] 2026-10-07 17:46:56 [INFO ] HpAgent.TerminalPublisher: sse_terminal_published
[WebServer] 2026-10-07 17:46:56 [INFO ] HpAgent.SSE: sse_terminal_snapshot_sent
[WebServer] 2026-10-07 17:46:56 [INFO ] HpAgent.SSE: sse_disconnected
  ✓  12 [chromium] › e2e/multi-tab.spec.ts:12:1 › accounts are isolated across browser contexts (23.1s)
[WebServer] 2026-10-07 17:47:02 [INFO ] HpAgent.ConversationCommands: run_created
[WebServer] 2026-10-07 17:47:02 [INFO ] HpAgent.WebApi: web_message_accepted
[WebServer] 2026-10-07 17:47:02 [INFO ] HpAgent.SSE: sse_subscribed
[WebServer] 2026-10-07 17:47:07 [INFO ] HpAgent.TerminalPublisher: sse_terminal_published
[WebServer] 2026-10-07 17:47:07 [INFO ] HpAgent.SSE: sse_terminal_snapshot_sent
[WebServer] 2026-10-07 17:47:07 [INFO ] HpAgent.SSE: sse_disconnected
[WebServer] 2026-10-07 17:47:11 [INFO ] HpAgent.ConversationCommands: run_created
[WebServer] 2026-10-07 17:47:11 [INFO ] HpAgent.WebApi: web_message_accepted
[WebServer] 2026-10-07 17:47:11 [INFO ] HpAgent.SSE: sse_subscribed
[WebServer] 2026-10-07 17:47:11 [INFO ] HpAgent.SSE: sse_subscribed
[WebServer] 2026-10-07 17:47:12 [INFO ] HpAgent.SSE: sse_disconnected
[WebServer] 2026-10-07 17:47:12 [INFO ] HpAgent.SSE: sse_disconnected
  ✓  13 [chromium] › e2e/multi-tab.spec.ts:36:1 › a second tab cannot send while a Run is active (409 wins) (14.9s)
[WebServer] 2026-10-07 17:47:16 [INFO ] HpAgent.TerminalPublisher: sse_terminal_published
  ✓  14 [chromium] › e2e/ui-2-ai.spec.ts:37:1 › lost DELETE responses close the dialog after authoritative empty readback (6.5s)
  ✓  15 [chromium] › e2e/ui-2-ai.spec.ts:56:1 › revoke finishing during history navigation releases only its conversation lock (7.9s)
[WebServer] 2026-10-07 17:47:32 [INFO ] HpAgent.ConversationCommands: run_created
[WebServer] 2026-10-07 17:47:32 [INFO ] HpAgent.WebApi: web_message_accepted
[WebServer] 2026-10-07 17:47:32 [INFO ] HpAgent.SSE: sse_subscribed
[WebServer] 2026-10-07 17:47:37 [INFO ] HpAgent.TerminalPublisher: sse_terminal_published
[WebServer] 2026-10-07 17:47:37 [INFO ] HpAgent.SSE: sse_terminal_snapshot_sent
[WebServer] 2026-10-07 17:47:37 [INFO ] HpAgent.SSE: sse_disconnected
[WebServer] 2026-10-07 17:47:37 [INFO ] HpAgent.ConversationCommands: run_created
[WebServer] 2026-10-07 17:47:37 [INFO ] HpAgent.WebApi: web_message_accepted
[WebServer] 2026-10-07 17:47:38 [INFO ] HpAgent.SSE: sse_subscribed
[WebServer] 2026-10-07 17:47:42 [INFO ] HpAgent.TerminalPublisher: sse_terminal_published
[WebServer] 2026-10-07 17:47:42 [INFO ] HpAgent.SSE: sse_terminal_snapshot_sent
[WebServer] 2026-10-07 17:47:42 [INFO ] HpAgent.SSE: sse_disconnected
  ✓  16 [chromium] › e2e/ui-2-ai.spec.ts:91:1 › B sends through the real API while A's POST is pending (16.7s)
[WebServer] 2026-10-07 17:47:51 [INFO ] HpAgent.ConversationCommands: run_created
[WebServer] 2026-10-07 17:47:51 [INFO ] HpAgent.WebApi: web_message_accepted
[WebServer] 2026-10-07 17:47:51 [INFO ] HpAgent.SSE: sse_subscribed
[WebServer] 2026-10-07 17:47:56 [INFO ] HpAgent.TerminalPublisher: sse_terminal_published
[WebServer] 2026-10-07 17:47:56 [INFO ] HpAgent.SSE: sse_terminal_snapshot_sent
[WebServer] 2026-10-07 17:47:56 [INFO ] HpAgent.SSE: sse_disconnected
[WebServer] 2026-10-07 17:47:59 [INFO ] HpAgent.ConversationCommands: run_created
[WebServer] 2026-10-07 17:47:59 [INFO ] HpAgent.WebApi: web_message_accepted
[WebServer] 2026-10-07 17:47:59 [INFO ] HpAgent.SSE: sse_subscribed
[WebServer] 2026-10-07 17:48:04 [INFO ] HpAgent.TerminalPublisher: sse_terminal_published
[WebServer] 2026-10-07 17:48:04 [INFO ] HpAgent.SSE: sse_terminal_snapshot_sent
[WebServer] 2026-10-07 17:48:04 [INFO ] HpAgent.SSE: sse_disconnected
  ✓  17 [chromium] › e2e/ui-2-ai.spec.ts:124:1 › empty composer creates only on submission, handles IME, and restores per-conversation drafts (23.7s)
[WebServer] 2026-10-07 17:48:16 [INFO ] HpAgent.ConversationCommands: run_created
[WebServer] 2026-10-07 17:48:16 [INFO ] HpAgent.WebApi: web_message_accepted
[WebServer] 2026-10-07 17:48:16 [INFO ] HpAgent.SSE: sse_subscribed
[WebServer] 2026-10-07 17:48:17 [INFO ] HpAgent.WebApi: web_message_accepted
[WebServer] 2026-10-07 17:48:21 [INFO ] HpAgent.TerminalPublisher: sse_terminal_published
[WebServer] 2026-10-07 17:48:21 [INFO ] HpAgent.SSE: sse_terminal_snapshot_sent
[WebServer] 2026-10-07 17:48:21 [INFO ] HpAgent.SSE: sse_disconnected
  ✓  18 [chromium] › e2e/ui-2-ai.spec.ts:174:1 › a lost POST response is confirmed with the original key and does not duplicate messages (14.5s)
  ✓  19 [chromium] › e2e/ui-2-ai.spec.ts:206:1 › creation completed after leaving AI does not send or navigate and keeps the draft (8.6s)
  ✓  20 [chromium] › e2e/ui-2-ai.spec.ts:238:1 › attachment abandonment is confirmed and existing files are not deleted (9.2s)
  ✓  21 [chromium] › e2e/ui-2-ai.spec.ts:255:1 › rename, read-only resources, focus return, and seven viewport layouts (15.6s)
[WebServer] 2026-10-07 17:49:13 [INFO ] HpAgent.ConversationCommands: run_created
[WebServer] 2026-10-07 17:49:13 [INFO ] HpAgent.WebApi: web_message_accepted
[WebServer] 2026-10-07 17:49:14 [INFO ] HpAgent.SSE: sse_subscribed
[WebServer] 2026-10-07 17:49:18 [INFO ] HpAgent.TerminalPublisher: sse_terminal_published
[WebServer] 2026-10-07 17:49:18 [INFO ] HpAgent.SSE: sse_terminal_snapshot_sent
[WebServer] 2026-10-07 17:49:18 [INFO ] HpAgent.SSE: sse_disconnected
  ✓  22 [chromium] › e2e/ui-2-ai.spec.ts:323:1 › history prepend retains the visible anchor and streaming does not pull a reader to the bottom (24.2s)
  ✓  23 [chromium] › e2e/ui-2-ai.spec.ts:393:1 › failed attachment keeps the draft and exposes a removable error; text zoom remains usable (12.5s)
  ✓  24 [chromium] › e2e/ui-2-ai.spec.ts:435:1 › more than thirty conversations paginate and loaded-title filtering remains local (27.0s)
[WebServer] 2026-10-07 17:50:09 [INFO ] HpAgent.ConversationCommands: run_created
[WebServer] 2026-10-07 17:50:09 [INFO ] HpAgent.WebApi: web_message_accepted
[WebServer] 2026-10-07 17:50:09 [INFO ] HpAgent.SSE: sse_subscribed
[WebServer] 2026-10-07 17:50:14 [INFO ] HpAgent.TerminalPublisher: sse_terminal_published
[WebServer] 2026-10-07 17:50:14 [INFO ] HpAgent.SSE: sse_terminal_snapshot_sent
[WebServer] 2026-10-07 17:50:14 [INFO ] HpAgent.SSE: sse_disconnected
  ✓  25 [chromium] › e2e/ui-3-execution.spec.ts:9:1 › real API: message-bound execution, tab navigation and terminal resource boundary (18.2s)
  ✓  26 [chromium] › e2e/ui-3-execution.spec.ts:52:1 › network fixtures: Work snapshot, missing Trace, approvals and responsive inspector (10.9s)
  ✓  27 [chromium] › e2e/ui-3-execution.spec.ts:198:1 › network fixtures: terminal outputs refresh and permission denial discards old model bodies (9.7s)
  ✘  28 [chromium] › e2e/ui-4-workspace.spec.ts:8:1 › directory deep links, direct children, all files, file preview and browser return (27.0s)
(node:38888) Warning: The 'NO_COLOR' env is ignored due to the 'FORCE_COLOR' env being set.
(Use `node --trace-warnings ...` to show where the warning was created)
  ✓  29 [chromium] › e2e/ui-4-workspace.spec.ts:49:1 › an existing conversation never receives an implicit upload grant (6.8s)
  ✓  30 [chromium] › e2e/ui-4-workspace.spec.ts:61:1 › lost PUT response resumes from ready metadata and does not reupload or resave (5.9s)
  ✓  31 [chromium] › e2e/ui-4-workspace.spec.ts:94:1 › saved upload survives a failed grant, closes, reopens and retries authorization only (6.5s)
  ✓  32 [chromium] › e2e/ui-4-workspace.spec.ts:139:1 › new conversation usage creates once, restores failed authorization and sends no message (6.7s)
  ✓  33 [chromium] › e2e/ui-4-workspace.spec.ts:175:1 › permission drafts, keyboard tabs, impact invalidation and responsive object surfaces (14.8s)
  ✓  34 [chromium] › e2e/ui-4-workspace.spec.ts:250:1 › empty and unavailable objects keep navigation and focus usable (5.8s)
  ✓  35 [chromium] › e2e/workspace-direct-upload.spec.ts:5:1 › uploads directly to Workspace without creating or authorizing a conversation (7.2s)
[WebServer] 2026-10-07 17:52:11 [INFO ] HpAgent.ConversationCommands: run_created
[WebServer] 2026-10-07 17:52:11 [INFO ] HpAgent.WebApi: web_message_accepted
[WebServer] 2026-10-07 17:52:11 [INFO ] HpAgent.SSE: sse_subscribed
[WebServer] 2026-10-07 17:52:13 [INFO ] HpAgent.SSE: sse_disconnected
  ✓  36 [chromium] › e2e/workspace-p1.spec.ts:5:1 › uploads, saves, moves, and downloads a Workspace entry (9.3s)
[WebServer] 2026-10-07 17:52:16 [INFO ] HpAgent.TerminalPublisher: sse_terminal_published
[WebServer] 2026-10-07 17:52:18 [INFO ] HpAgent.ConversationCommands: run_created
[WebServer] 2026-10-07 17:52:18 [INFO ] HpAgent.WebApi: web_message_accepted
[WebServer] 2026-10-07 17:52:18 [INFO ] HpAgent.SSE: sse_subscribed
[WebServer] 2026-10-07 17:52:20 [INFO ] HpAgent.SSE: sse_disconnected
  ✓  37 [chromium] › e2e/workspace-p3.spec.ts:4:1 › upgrades an entry in place and keeps its version when renamed (7.0s)


  1) [chromium] › e2e/ui-4-workspace.spec.ts:8:1 › directory deep links, direct children, all files, file preview and browser return 

    Error: expect(locator).toBeVisible() failed

    Locator: getByText('目录不存在或不可访问，已返回根目录。', { exact: true })
    Expected: visible
    Timeout: 15000ms
    Error: element(s) not found

    Call log:
      - Expect "toBeVisible" with timeout 15000ms
      - waiting for getByText('目录不存在或不可访问，已返回根目录。', { exact: true })


      44 |   await expect(
      45 |     page.getByText("目录不存在或不可访问，已返回根目录。", { exact: true }),
    > 46 |   ).toBeVisible();
         |     ^
      47 | });
      48 |
      49 | test("an existing conversation never receives an implicit upload grant", async ({ page }) => {
        at /home/hp/workspace/HpAgent_web/web/e2e/ui-4-workspace.spec.ts:46:5

    Error Context: test-results/ui-4-workspace-directory-d-11a69--preview-and-browser-return-chromium/error-context.md

    attachment #2: trace (application/zip) ─────────────────────────────────────────────────────────
    test-results/ui-4-workspace-directory-d-11a69--preview-and-browser-return-chromium/trace.zip
    Usage:

        npx playwright show-trace test-results/ui-4-workspace-directory-d-11a69--preview-and-browser-return-chromium/trace.zip

    ────────────────────────────────────────────────────────────────────────────────────────────────

  1 failed
    [chromium] › e2e/ui-4-workspace.spec.ts:8:1 › directory deep links, direct children, all files, file preview and browser return 
  36 passed (7.5m)
